Component: ARM Compiler 5.06 update 5 (build 528) Tool: armlink [4d35e2]

==============================================================================

Section Cross References

    startup_stm32f407xx.o(RESET) refers to startup_stm32f407xx.o(STACK) for __initial_sp
    startup_stm32f407xx.o(RESET) refers to startup_stm32f407xx.o(.text) for Reset_Handler
    startup_stm32f407xx.o(RESET) refers to stm32f4xx_it.o(i.NMI_Handler) for NMI_Handler
    startup_stm32f407xx.o(RESET) refers to stm32f4xx_it.o(i.HardFault_Handler) for HardFault_Handler
    startup_stm32f407xx.o(RESET) refers to stm32f4xx_it.o(i.MemManage_Handler) for MemManage_Handler
    startup_stm32f407xx.o(RESET) refers to stm32f4xx_it.o(i.BusFault_Handler) for BusFault_Handler
    startup_stm32f407xx.o(RESET) refers to stm32f4xx_it.o(i.UsageFault_Handler) for UsageFault_Handler
    startup_stm32f407xx.o(RESET) refers to stm32f4xx_it.o(i.SVC_Handler) for SVC_Handler
    startup_stm32f407xx.o(RESET) refers to stm32f4xx_it.o(i.DebugMon_Handler) for DebugMon_Handler
    startup_stm32f407xx.o(RESET) refers to stm32f4xx_it.o(i.PendSV_Handler) for PendSV_Handler
    startup_stm32f407xx.o(RESET) refers to stm32f4xx_it.o(i.SysTick_Handler) for SysTick_Handler
    startup_stm32f407xx.o(RESET) refers to stm32f4xx_it.o(i.USART1_IRQHandler) for USART1_IRQHandler
    startup_stm32f407xx.o(RESET) refers to stm32f4xx_it.o(i.OTG_FS_IRQHandler) for OTG_FS_IRQHandler
    startup_stm32f407xx.o(.text) refers to system_stm32f4xx.o(i.SystemInit) for SystemInit
    startup_stm32f407xx.o(.text) refers to entry.o(.ARM.Collect$$$$00000000) for __main
    file_operate.o(i.FatFs_DeleteFile) refers to printfa.o(i.__0printf) for __2printf
    file_operate.o(i.FatFs_DeleteFile) refers to ff.o(i.f_open) for f_open
    file_operate.o(i.FatFs_DeleteFile) refers to ff.o(i.f_close) for f_close
    file_operate.o(i.FatFs_DeleteFile) refers to ff.o(i.f_unlink) for f_unlink
    file_operate.o(i.FatFs_GetDiskInfo) refers to ff.o(i.f_getfree) for f_getfree
    file_operate.o(i.FatFs_GetDiskInfo) refers to printfa.o(i.__0printf) for __2printf
    file_operate.o(i.FatFs_GetFileInfo) refers to printfa.o(i.__0printf) for __2printf
    file_operate.o(i.FatFs_GetFileInfo) refers to ff.o(i.f_stat) for f_stat
    file_operate.o(i.FatFs_GetFileInfo) refers to file_operate.o(i.FatFs_PrintfFileDate) for FatFs_PrintfFileDate
    file_operate.o(i.FatFs_PrintfFileDate) refers to printfa.o(i.__0printf) for __2printf
    file_operate.o(i.FatFs_ReadTXTFile) refers to printfa.o(i.__0printf) for __2printf
    file_operate.o(i.FatFs_ReadTXTFile) refers to ff.o(i.f_open) for f_open
    file_operate.o(i.FatFs_ReadTXTFile) refers to ff.o(i.f_close) for f_close
    file_operate.o(i.FatFs_ReadTXTFile) refers to ff.o(i.f_gets) for f_gets
    file_operate.o(i.FatFs_ScanDir) refers to ff.o(i.f_opendir) for f_opendir
    file_operate.o(i.FatFs_ScanDir) refers to ff.o(i.f_closedir) for f_closedir
    file_operate.o(i.FatFs_ScanDir) refers to printfa.o(i.__0printf) for __2printf
    file_operate.o(i.FatFs_ScanDir) refers to ff.o(i.f_readdir) for f_readdir
    file_operate.o(i.FatFs_WriteTXTFile) refers to printfa.o(i.__0printf) for __2printf
    file_operate.o(i.FatFs_WriteTXTFile) refers to ff.o(i.f_open) for f_open
    file_operate.o(i.FatFs_WriteTXTFile) refers to ff.o(i.f_close) for f_close
    file_operate.o(i.FatFs_WriteTXTFile) refers to memcpya.o(.text) for __aeabi_memcpy4
    file_operate.o(i.FatFs_WriteTXTFile) refers to ff.o(i.f_puts) for f_puts
    file_operate.o(i.Mount_FatFs) refers to ff.o(i.f_mount) for f_mount
    file_operate.o(i.Mount_FatFs) refers to printfa.o(i.__0printf) for __2printf
    file_operate.o(i.Mount_FatFs) refers to ff.o(i.f_mkfs) for f_mkfs
    file_operate.o(i.Mount_FatFs) refers to fatfs.o(.data) for USBHPath
    file_operate.o(i.Mount_FatFs) refers to fatfs.o(.bss) for USBHFatFS
    file_operate.o(i.Mount_FatFs) refers to file_operate.o(.bss) for .bss
    main.o(i.HAL_UART_RxCpltCallback) refers to stm32f4xx_hal_uart.o(i.HAL_UART_Transmit) for HAL_UART_Transmit
    main.o(i.HAL_UART_RxCpltCallback) refers to stm32f4xx_hal_uart.o(i.HAL_UART_GetState) for HAL_UART_GetState
    main.o(i.HAL_UART_RxCpltCallback) refers to stm32f4xx_hal_uart.o(i.HAL_UART_Receive_IT) for HAL_UART_Receive_IT
    main.o(i.HAL_UART_RxCpltCallback) refers to main.o(.data) for .data
    main.o(i.HAL_UART_RxCpltCallback) refers to usart.o(.bss) for huart1
    main.o(i.SystemClock_Config) refers to memseta.o(.text) for __aeabi_memclr4
    main.o(i.SystemClock_Config) refers to stm32f4xx_hal_rcc.o(i.HAL_RCC_OscConfig) for HAL_RCC_OscConfig
    main.o(i.SystemClock_Config) refers to stm32f4xx_hal_rcc.o(i.HAL_RCC_ClockConfig) for HAL_RCC_ClockConfig
    main.o(i.def_printf) refers to memseta.o(.text) for __aeabi_memclr4
    main.o(i.def_printf) refers to printfa.o(i.__0vsprintf) for vsprintf
    main.o(i.def_printf) refers to printfa.o(i.__0printf) for __2printf
[...]
    i.USBH_LL_PortDisabled                   0x080038c6   Section        0  usbh_core.o(i.USBH_LL_PortDisabled)
    i.USBH_LL_PortEnabled                    0x080038ce   Section        0  usbh_core.o(i.USBH_LL_PortEnabled)
    i.USBH_LL_ResetPort                      0x080038d6   Section        0  usbh_conf.o(i.USBH_LL_ResetPort)
    i.USBH_LL_SetTimer                       0x080038e8   Section        0  usbh_core.o(i.USBH_LL_SetTimer)
    i.USBH_LL_SetToggle                      0x080038ee   Section        0  usbh_conf.o(i.USBH_LL_SetToggle)
    i.USBH_LL_Start                          0x0800390e   Section        0  usbh_conf.o(i.USBH_LL_Start)
    i.USBH_LL_Stop                           0x08003920   Section        0  usbh_conf.o(i.USBH_LL_Stop)
    i.USBH_LL_SubmitURB                      0x08003932   Section        0  usbh_conf.o(i.USBH_LL_SubmitURB)
    i.USBH_MSC_BOT_Abort                     0x0800395c   Section        0  usbh_msc_bot.o(i.USBH_MSC_BOT_Abort)
    USBH_MSC_BOT_Abort                       0x0800395d   Thumb Code    36  usbh_msc_bot.o(i.USBH_MSC_BOT_Abort)
    i.USBH_MSC_BOT_Init                      0x08003980   Section        0  usbh_msc_bot.o(i.USBH_MSC_BOT_Init)
    i.USBH_MSC_BOT_Process                   0x080039a4   Section        0  usbh_msc_bot.o(i.USBH_MSC_BOT_Process)
    i.USBH_MSC_BOT_REQ_GetMaxLUN             0x08003bde   Section        0  usbh_msc_bot.o(i.USBH_MSC_BOT_REQ_GetMaxLUN)
    i.USBH_MSC_BOT_REQ_Reset                 0x08003bf4   Section        0  usbh_msc_bot.o(i.USBH_MSC_BOT_REQ_Reset)
    i.USBH_MSC_ClassRequest                  0x08003c0c   Section        0  usbh_msc.o(i.USBH_MSC_ClassRequest)
    USBH_MSC_ClassRequest                    0x08003c0d   Thumb Code   124  usbh_msc.o(i.USBH_MSC_ClassRequest)
    i.USBH_MSC_DecodeCSW                     0x08003c88   Section        0  usbh_msc_bot.o(i.USBH_MSC_DecodeCSW)
    USBH_MSC_DecodeCSW                       0x08003c89   Thumb Code    70  usbh_msc_bot.o(i.USBH_MSC_DecodeCSW)
    i.USBH_MSC_GetLUNInfo                    0x08003cd4   Section        0  usbh_msc.o(i.USBH_MSC_GetLUNInfo)
    i.USBH_MSC_InterfaceDeInit               0x08003d44   Section        0  usbh_msc.o(i.USBH_MSC_InterfaceDeInit)
    USBH_MSC_InterfaceDeInit                 0x08003d45   Thumb Code    76  usbh_msc.o(i.USBH_MSC_InterfaceDeInit)
    i.USBH_MSC_InterfaceInit                 0x08003d90   Section        0  usbh_msc.o(i.USBH_MSC_InterfaceInit)
    USBH_MSC_InterfaceInit                   0x08003d91   Thumb Code   290  usbh_msc.o(i.USBH_MSC_InterfaceInit)
    i.USBH_MSC_Process                       0x08003eb2   Section        0  usbh_msc.o(i.USBH_MSC_Process)
    USBH_MSC_Process                         0x08003eb3   Thumb Code   840  usbh_msc.o(i.USBH_MSC_Process)
    i.USBH_MSC_RdWrProcess                   0x080041fa   Section        0  usbh_msc.o(i.USBH_MSC_RdWrProcess)
    USBH_MSC_RdWrProcess                     0x080041fb   Thumb Code   190  usbh_msc.o(i.USBH_MSC_RdWrProcess)
    i.USBH_MSC_Read                          0x080042b8   Section        0  usbh_msc.o(i.USBH_MSC_Read)
    i.USBH_MSC_SCSI_Inquiry                  0x08004352   Section        0  usbh_msc_scsi.o(i.USBH_MSC_SCSI_Inquiry)
    i.USBH_MSC_SCSI_Read                     0x08004436   Section        0  usbh_msc_scsi.o(i.USBH_MSC_SCSI_Read)
    i.USBH_MSC_SCSI_ReadCapacity             0x080044d2   Section        0  usbh_msc_scsi.o(i.USBH_MSC_SCSI_ReadCapacity)
    i.USBH_MSC_SCSI_RequestSense             0x0800455e   Section        0  usbh_msc_scsi.o(i.USBH_MSC_SCSI_RequestSense)
    i.USBH_MSC_SCSI_TestUnitReady            0x080045f6   Section        0  usbh_msc_scsi.o(i.USBH_MSC_SCSI_TestUnitReady)
    i.USBH_MSC_SCSI_Write                    0x08004644   Section        0  usbh_msc_scsi.o(i.USBH_MSC_SCSI_Write)
    i.USBH_MSC_SOFProcess                    0x080046de   Section        0  usbh_msc.o(i.USBH_MSC_SOFProcess)
    USBH_MSC_SOFProcess                      0x080046df   Thumb Code     4  usbh_msc.o(i.USBH_MSC_SOFProcess)
    i.USBH_MSC_UnitIsReady                   0x080046e2   Section        0  usbh_msc.o(i.USBH_MSC_UnitIsReady)
    i.USBH_MSC_Write                         0x08004708   Section        0  usbh_msc.o(i.USBH_MSC_Write)
    i.USBH_OpenPipe                          0x080047a2   Section        0  usbh_pipes.o(i.USBH_OpenPipe)
    i.USBH_ParseCfgDesc                      0x080047c0   Section        0  usbh_ctlreq.o(i.USBH_ParseCfgDesc)
    USBH_ParseCfgDesc                        0x080047c1   Thumb Code   320  usbh_ctlreq.o(i.USBH_ParseCfgDesc)
    i.USBH_ParseDevDesc                      0x08004900   Section        0  usbh_ctlreq.o(i.USBH_ParseDevDesc)
    USBH_ParseDevDesc                        0x08004901   Thumb Code   192  usbh_ctlreq.o(i.USBH_ParseDevDesc)
    i.USBH_ParseEPDesc                       0x080049c0   Section        0  usbh_ctlreq.o(i.USBH_ParseEPDesc)
    USBH_ParseEPDesc                         0x080049c1   Thumb Code   254  usbh_ctlreq.o(i.USBH_ParseEPDesc)
    i.USBH_ParseInterfaceDesc                0x08004abe   Section        0  usbh_ctlreq.o(i.USBH_ParseInterfaceDesc)
    USBH_ParseInterfaceDesc                  0x08004abf   Thumb Code    44  usbh_ctlreq.o(i.USBH_ParseInterfaceDesc)
    i.USBH_ParseStringDesc                   0x08004aea   Section        0  usbh_ctlreq.o(i.USBH_ParseStringDesc)
    USBH_ParseStringDesc                     0x08004aeb   Thumb Code    52  usbh_ctlreq.o(i.USBH_ParseStringDesc)
    i.USBH_Process                           0x08004b1e   Section        0  usbh_core.o(i.USBH_Process)
    i.USBH_RegisterClass                     0x08004da2   Section        0  usbh_core.o(i.USBH_RegisterClass)
    i.USBH_SelectInterface                   0x08004dc4   Section        0  usbh_core.o(i.USBH_SelectInterface)
    i.USBH_SetAddress                        0x08004dda   Section        0  usbh_ctlreq.o(i.USBH_SetAddress)
    i.USBH_SetCfg                            0x08004df6   Section        0  usbh_ctlreq.o(i.USBH_SetCfg)
    i.USBH_SetFeature                        0x08004e12   Section        0  usbh_ctlreq.o(i.USBH_SetFeature)
    i.USBH_Start                             0x08004e2e   Section        0  usbh_core.o(i.USBH_Start)
    i.USBH_UserProcess                       0x08004e44   Section        0  usb_host.o(i.USBH_UserProcess)
    USBH_UserProcess                         0x08004e45   Thumb Code    58  usb_host.o(i.USBH_UserProcess)
    i.USBH_initialize                        0x08004e94   Section        0  usbh_diskio.o(i.USBH_initialize)
    i.USBH_ioctl                             0x08004e98   Section        0  usbh_diskio.o(i.USBH_ioctl)
    i.USBH_read                              0x08004f08   Section        0  usbh_diskio.o(i.USBH_read)
    i.USBH_status                            0x08004f4c   Section        0  usbh_diskio.o(i.USBH_status)
    i.USBH_write                             0x08004f64   Section        0  usbh_diskio.o(i.USBH_write)
    i.USB_CoreInit                           0x08004fb0   Section        0  stm32f4xx_ll_usb.o(i.USB_CoreInit)
    i.USB_CoreReset                          0x08005034   Section        0  stm32f4xx_ll_usb.o(i.USB_CoreReset)
    USB_CoreReset                            0x08005035   Thumb Code    60  stm32f4xx_ll_usb.o(i.USB_CoreReset)
    i.USB_DisableGlobalInt                   0x08005070   Section        0  stm32f4xx_ll_usb.o(i.USB_DisableGlobalInt)
    i.USB_DoPing                             0x0800507c   Section        0  stm32f4xx_ll_usb.o(i.USB_DoPing)
    i.USB_DriveVbus                          0x080050a0   Section        0  stm32f4xx_ll_usb.o(i.USB_DriveVbus)
    i.USB_EnableGlobalInt                    0x080050cc   Section        0  stm32f4xx_ll_usb.o(i.USB_EnableGlobalInt)
    i.USB_FlushRxFifo                        0x080050d8   Section        0  stm32f4xx_ll_usb.o(i.USB_FlushRxFifo)
    i.USB_FlushTxFifo                        0x08005110   Section        0  stm32f4xx_ll_usb.o(i.USB_FlushTxFifo)
    i.USB_GetCurrentFrame                    0x0800514c   Section        0  stm32f4xx_ll_usb.o(i.USB_GetCurrentFrame)
    i.USB_GetHostSpeed                       0x08005154   Section        0  stm32f4xx_ll_usb.o(i.USB_GetHostSpeed)
    i.USB_GetMode                            0x08005162   Section        0  stm32f4xx_ll_usb.o(i.USB_GetMode)
    i.USB_HC_Halt                            0x0800516a   Section        0  stm32f4xx_ll_usb.o(i.USB_HC_Halt)
    i.USB_HC_Init                            0x08005240   Section        0  stm32f4xx_ll_usb.o(i.USB_HC_Init)
    i.USB_HC_ReadInterrupt                   0x08005358   Section        0  stm32f4xx_ll_usb.o(i.USB_HC_ReadInterrupt)
    i.USB_HC_StartXfer                       0x08005360   Section        0  stm32f4xx_ll_usb.o(i.USB_HC_StartXfer)
    i.USB_HostInit                           0x080055c0   Section        0  stm32f4xx_ll_usb.o(i.USB_HostInit)
    i.USB_InitFSLSPClkSel                    0x08005690   Section        0  stm32f4xx_ll_usb.o(i.USB_InitFSLSPClkSel)
    i.USB_ReadChInterrupts                   0x080056c8   Section        0  stm32f4xx_ll_usb.o(i.USB_ReadChInterrupts)
    i.USB_ReadInterrupts                     0x080056d8   Section        0  stm32f4xx_ll_usb.o(i.USB_ReadInterrupts)
    i.USB_ReadPacket                         0x080056e0   Section        0  stm32f4xx_ll_usb.o(i.USB_ReadPacket)
    i.USB_ResetPort                          0x0800571e   Section        0  stm32f4xx_ll_usb.o(i.USB_ResetPort)
    i.USB_SetCurrentMode                     0x08005750   Section        0  stm32f4xx_ll_usb.o(i.USB_SetCurrentMode)
    i.USB_StopHost                           0x080057ac   Section        0  stm32f4xx_ll_usb.o(i.USB_StopHost)
    i.USB_WritePacket                        0x08005838   Section        0  stm32f4xx_ll_usb.o(i.USB_WritePacket)
    i.UsageFault_Handler                     0x08005860   Section        0  stm32f4xx_it.o(i.UsageFault_Handler)
    i.__0printf                              0x08005864   Section        0  printfa.o(i.__0printf)
    i.__NVIC_SetPriority                     0x08005884   Section        0  stm32f4xx_hal_cortex.o(i.__NVIC_SetPriority)
    __NVIC_SetPriority                       0x08005885   Thumb Code    32  stm32f4xx_hal_cortex.o(i.__NVIC_SetPriority)
    i.__scatterload_copy                     0x080058a4   Section       14  handlers.o(i.__scatterload_copy)
    i.__scatterload_null                     0x080058b2   Section        2  handlers.o(i.__scatterload_null)
    i.__scatterload_zeroinit                 0x080058b4   Section       14  handlers.o(i.__scatterload_zeroinit)
    i._fp_digits                             0x080058c4   Section        0  printfa.o(i._fp_digits)
    _fp_digits                               0x080058c5   Thumb Code   366  printfa.o(i._fp_digits)
    i._printf_core                           0x08005a48   Section        0  printfa.o(i._printf_core)
    _printf_core                             0x08005a49   Thumb Code  1744  printfa.o(i._printf_core)
    i._printf_post_padding                   0x08006124   Section        0  printfa.o(i._printf_post_padding)
    _printf_post_padding                     0x08006125   Thumb Code    36  printfa.o(i._printf_post_padding)
    i._printf_pre_padding                    0x08006148   Section        0  printfa.o(i._printf_pre_padding)
    _printf_pre_padding                      0x08006149   Thumb Code    46  printfa.o(i._printf_pre_padding)
    i.assert_failed                          0x08006176   Section        0  main.o(i.assert_failed)
    i.check_fs                               0x08006178   Section        0  ff.o(i.check_fs)
    check_fs                                 0x08006179   Thumb Code   102  ff.o(i.check_fs)
    i.clear_lock                             0x080061e8   Section        0  ff.o(i.clear_lock)
    clear_lock                               0x080061e9   Thumb Code    28  ff.o(i.clear_lock)
    i.disk_initialize                        0x08006208   Section        0  diskio.o(i.disk_initialize)
    i.disk_ioctl                             0x08006234   Section        0  diskio.o(i.disk_ioctl)
    i.disk_read                              0x08006250   Section        0  diskio.o(i.disk_read)
    i.disk_status                            0x0800626c   Section        0  diskio.o(i.disk_status)
    i.disk_write                             0x08006284   Section        0  diskio.o(i.disk_write)
    i.f_getfree                              0x080062a0   Section        0  ff.o(i.f_getfree)
    i.f_mkfs                                 0x08006374   Section        0  ff.o(i.f_mkfs)
    i.f_mount                                0x080068c8   Section        0  ff.o(i.f_mount)
    i.find_volume                            0x08006920   Section        0  ff.o(i.find_volume)
    find_volume                              0x08006921   Thumb Code   582  ff.o(i.find_volume)
    i.fputc                                  0x08006b74   Section        0  usart.o(i.fputc)
    i.free                                   0x08006b8c   Section        0  malloc.o(i.free)
    i.get_fat                                0x08006bdc   Section        0  ff.o(i.get_fat)
    get_fat                                  0x08006bdd   Thumb Code   190  ff.o(i.get_fat)
    i.get_ldnumber                           0x08006c9a   Section        0  ff.o(i.get_ldnumber)
    get_ldnumber                             0x08006c9b   Thumb Code    60  ff.o(i.get_ldnumber)
    i.ld_dword                               0x08006cd6   Section        0  ff.o(i.ld_dword)
    ld_dword                                 0x08006cd7   Thumb Code    22  ff.o(i.ld_dword)
    i.ld_word                                0x08006cec   Section        0  ff.o(i.ld_word)
    ld_word                                  0x08006ced   Thumb Code    10  ff.o(i.ld_word)
    i.main                                   0x08006cf8   Section        0  main.o(i.main)
    i.malloc                                 0x08006d68   Section        0  malloc.o(i.malloc)
    i.mem_cpy                                0x08006dd4   Section        0  ff.o(i.mem_cpy)
    mem_cpy                                  0x08006dd5   Thumb Code    18  ff.o(i.mem_cpy)
    i.mem_set                                0x08006de8   Section        0  ff.o(i.mem_set)
    mem_set                                  0x08006de9   Thumb Code    14  ff.o(i.mem_set)
    i.move_window                            0x08006df6   Section        0  ff.o(i.move_window)
    move_window                              0x08006df7   Thumb Code    50  ff.o(i.move_window)
    i.st_dword                               0x08006e28   Section        0  ff.o(i.st_dword)
    st_dword                                 0x08006e29   Thumb Code    16  ff.o(i.st_dword)
    i.st_word                                0x08006e38   Section        0  ff.o(i.st_word)
    st_word                                  0x08006e39   Thumb Code     8  ff.o(i.st_word)
    i.sync_window                            0x08006e40   Section        0  ff.o(i.sync_window)
    sync_window                              0x08006e41   Thumb Code    82  ff.o(i.sync_window)
    .constdata                               0x08006e92   Section       16  system_stm32f4xx.o(.constdata)
    .constdata                               0x08006ea2   Section        8  system_stm32f4xx.o(.constdata)
    .constdata                               0x08006eaa   Section       28  ff.o(.constdata)
    cst                                      0x08006eaa   Data          14  ff.o(.constdata)
    cst32                                    0x08006eb8   Data          14  ff.o(.constdata)
    .constdata                               0x08006ec8   Section       20  usbh_diskio.o(.constdata)
    .conststring                             0x08006edc   Section        4  usbh_msc.o(.conststring)
    .data                                    0x20000000   Section        1  main.o(.data)
    .data                                    0x20000001   Section        5  fatfs.o(.data)
    .data                                    0x20000008   Section       12  stm32f4xx_hal.o(.data)
    .data                                    0x20000014   Section        4  system_stm32f4xx.o(.data)
    .data                                    0x20000018   Section        8  ff.o(.data)
    Fsid                                     0x20000018   Data           2  ff.o(.data)
    FatFs                                    0x2000001c   Data           4  ff.o(.data)
    .data                                    0x20000020   Section        1  usb_host.o(.data)
    .data                                    0x20000024   Section       32  usbh_msc.o(.data)
    .data                                    0x20000044   Section        4  stdout.o(.data)
    .data                                    0x20000048   Section        4  mvars.o(.data)
    .data                                    0x2000004c   Section        4  mvars.o(.data)
    .bss                                     0x20000050   Section     2048  file_operate.o(.bss)
    .bss                                     0x20000850   Section       72  usart.o(.bss)
    .bss                                     0x20000898   Section      560  fatfs.o(.bss)
    .bss                                     0x20000ac8   Section       32  ff.o(.bss)
    Files                                    0x20000ac8   Data          32  ff.o(.bss)
    .bss                                     0x20000ae8   Section       12  ff_gen_drv.o(.bss)
    .bss                                     0x20000af4   Section      984  usb_host.o(.bss)
    .bss                                     0x20000ecc   Section      992  usbh_conf.o(.bss)
    HEAP                                     0x200012b0   Section      512  startup_stm32f407xx.o(HEAP)
    STACK                                    0x200014b0   Section     8192  startup_stm32f407xx.o(STACK)

    Global Symbols

    Symbol Name                              Value     Ov Type        Size  Object(Section)

    BuildAttributes$$THM_ISAv4$E$P$D$K$B$S$7EM$VFPi3$EXTD16$VFPS$VFMA$PE$A:L22UL41UL21$X:L11$S22US41US21$IEEE1$IW$USESV6$~STKCKD$USESV7$~SHL$OTIME$ROPI$EBA8$MICROLIB$REQ8$PRES8$EABIv2 0x00000000   Number         0  anon$$obj.o ABSOLUTE
    __ARM_use_no_argv                        0x00000000   Number         0  main.o ABSOLUTE
    _printf_a                                0x00000000   Number         0  stubs.o ABSOLUTE
    _printf_c                                0x00000000   Number         0  stubs.o ABSOLUTE
    _printf_charcount                        0x00000000   Number         0  stubs.o ABSOLUTE
    _printf_d                                0x00000000   Number         0  stubs.o ABSOLUTE
    _printf_e                                0x00000000   Number         0  stubs.o ABSOLUTE
    _printf_f                                0x00000000   Number         0  stubs.o ABSOLUTE
    _printf_flags                            0x00000000   Number         0  stubs.o ABSOLUTE
    _printf_fp_dec                           0x00000000   Number         0  stubs.o ABSOLUTE
    _printf_fp_hex                           0x00000000   Number         0  stubs.o ABSOLUTE
    _printf_g                                0x00000000   Number         0  stubs.o ABSOLUTE
    _printf_i                                0x00000000   Number         0  stubs.o ABSOLUTE
    _printf_int_dec                          0x00000000   Number         0  stubs.o ABSOLUTE
    _printf_l                                0x00000000   Number         0  stubs.o ABSOLUTE
    _printf_lc                               0x00000000   Number         0  stubs.o ABSOLUTE
    _printf_ll                               0x00000000   Number         0  stubs.o ABSOLUTE
    _printf_lld                              0x00000000   Number         0  stubs.o ABSOLUTE
    _printf_lli                              0x00000000   Number         0  stubs.o ABSOLUTE
    _printf_llo                              0x00000000   Number         0  stubs.o ABSOLUTE
    _printf_llu                              0x00000000   Number         0  stubs.o ABSOLUTE
    _printf_llx                              0x00000000   Number         0  stubs.o ABSOLUTE
    _printf_longlong_dec                     0x00000000   Number         0  stubs.o ABSOLUTE
    _printf_longlong_hex                     0x00000000   Number         0  stubs.o ABSOLUTE
    _printf_longlong_oct                     0x00000000   Number         0  stubs.o ABSOLUTE
    _printf_ls                               0x00000000   Number         0  stubs.o ABSOLUTE
    _printf_mbtowc                           0x00000000   Number         0  stubs.o ABSOLUTE
    _printf_n                                0x00000000   Number         0  stubs.o ABSOLUTE
    _printf_o                                0x00000000   Number         0  stubs.o ABSOLUTE
    _printf_p                                0x00000000   Number         0  stubs.o ABSOLUTE
    _printf_percent                          0x00000000   Number         0  stubs.o ABSOLUTE
    _printf_pre_padding                      0x00000000   Number         0  stubs.o ABSOLUTE
    _printf_return_value                     0x00000000   Number         0  stubs.o ABSOLUTE
    _printf_s                                0x00000000   Number         0  stubs.o ABSOLUTE
    _printf_sizespec                         0x00000000   Number         0  stubs.o ABSOLUTE
    _printf_str                              0x00000000   Number         0  stubs.o ABSOLUTE
    _printf_truncate_signed                  0x00000000   Number         0  stubs.o ABSOLUTE
    _printf_truncate_unsigned                0x00000000   Number         0  stubs.o ABSOLUTE
    _printf_u                                0x00000000   Number         0  stubs.o ABSOLUTE
    _printf_wc                               0x00000000   Number         0  stubs.o ABSOLUTE
    _printf_wctomb                           0x00000000   Number         0  stubs.o ABSOLUTE
    _printf_widthprec                        0x00000000   Number         0  stubs.o ABSOLUTE
    _printf_x                                0x00000000   Number         0  stubs.o ABSOLUTE
    __cpp_initialize__aeabi_                  - Undefined Weak Reference
    __cxa_finalize                            - Undefined Weak Reference
    __decompress                              - Undefined Weak Reference
    _clock_init                               - Undefined Weak Reference
    _microlib_exit                            - Undefined Weak Reference
    __Vectors_Size                           0x00000188   Number         0  startup_stm32f407xx.o ABSOLUTE
    __Vectors                                0x08000000   Data           4  startup_stm32f407xx.o(RESET)
    __Vectors_End                            0x08000188   Data           0  startup_stm32f407xx.o(RESET)
    __main                                   0x08000189   Thumb Code     0  entry.o(.ARM.Collect$$$$00000000)
    _main_stk                                0x08000189   Thumb Code     0  entry2.o(.ARM.Collect$$$$00000001)
    _main_scatterload                        0x0800018d   Thumb Code     0  entry5.o(.ARM.Collect$$$$00000004)
    __main_after_scatterload                 0x08000191   Thumb Code     0  entry5.o(.ARM.Collect$$$$00000004)
    _main_clock                              0x08000191   Thumb Code     0  entry7b.o(.ARM.Collect$$$$00000008)
    _main_cpp_init                           0x08000191   Thumb Code     0  entry8b.o(.ARM.Collect$$$$0000000A)
    _main_init                               0x08000191   Thumb Code     0  entry9a.o(.ARM.Collect$$$$0000000B)
    __rt_final_cpp                           0x08000199   Thumb Code     0  entry10a.o(.ARM.Collect$$$$0000000D)
    __rt_final_exit                          0x08000199   Thumb Code     0  entry11a.o(.ARM.Collect$$$$0000000F)
    Reset_Handler                            0x0800019d   Thumb Code     8  startup_stm32f407xx.o(.text)
    ADC_IRQHandler                           0x080001b7   Thumb Code     0  startup_stm32f407xx.o(.text)
    CAN1_RX0_IRQHandler                      0x080001b7   Thumb Code     0  startup_stm32f407xx.o(.text)
    CAN1_RX1_IRQHandler                      0x080001b7   Thumb Code     0  startup_stm32f407xx.o(.text)
    CAN1_SCE_IRQHandler                      0x080001b7   Thumb Code     0  startup_stm32f407xx.o(.text)
    CAN1_TX_IRQHandler                       0x080001b7   Thumb Code     0  startup_stm32f407xx.o(.text)
    CAN2_RX0_IRQHandler                      0x080001b7   Thumb Code     0  startup_stm32f407xx.o(.text)
    CAN2_RX1_IRQHandler                      0x080001b7   Thumb Code     0  startup_stm32f407xx.o(.text)
    CAN2_SCE_IRQHandler                      0x080001b7   Thumb Code     0  startup_stm32f407xx.o(.text)
    CAN2_TX_IRQHandler                       0x080001b7   Thumb Code     0  startup_stm32f407xx.o(.text)
    DCMI_IRQHandler                          0x080001b7   Thumb Code     0  startup_stm32f407xx.o(.text)
    DMA1_Stream0_IRQHandler                  0x080001b7   Thumb Code     0  startup_stm32f407xx.o(.text)
    DMA1_Stream1_IRQHandler                  0x080001b7   Thumb Code     0  startup_stm32f407xx.o(.text)
    DMA1_Stream2_IRQHandler                  0x080001b7   Thumb Code     0  startup_stm32f407xx.o(.text)
    DMA1_Stream3_IRQHandler                  0x080001b7   Thumb Code     0  startup_stm32f407xx.o(.text)
    DMA1_Stream4_IRQHandler                  0x080001b7   Thumb Code     0  startup_stm32f407xx.o(.text)
    DMA1_Stream5_IRQHandler                  0x080001b7   Thumb Code     0  startup_stm32f407xx.o(.text)
    DMA1_Stream6_IRQHandler                  0x080001b7   Thumb Code     0  startup_stm32f407xx.o(.text)
    DMA1_Stream7_IRQHandler                  0x080001b7   Thumb Code     0  startup_stm32f407xx.o(.text)
    DMA2_Stream0_IRQHandler                  0x080001b7   Thumb Code     0  startup_stm32f407xx.o(.text)
    DMA2_Stream1_IRQHandler                  0x080001b7   Thumb Code     0  startup_stm32f407xx.o(.text)
    DMA2_Stream2_IRQHandler                  0x080001b7   Thumb Code     0  startup_stm32f407xx.o(.text)
    DMA2_Stream3_IRQHandler                  0x080001b7   Thumb Code     0  startup_stm32f407xx.o(.text)
    DMA2_Stream4_IRQHandler                  0x080001b7   Thumb Code     0  startup_stm32f407xx.o(.text)
    DMA2_Stream5_IRQHandler                  0x080001b7   Thumb Code     0  startup_stm32f407xx.o(.text)
    DMA2_Stream6_IRQHandler                  0x080001b7   Thumb Code     0  startup_stm32f407xx.o(.text)
    DMA2_Stream7_IRQHandler                  0x080001b7   Thumb Code     0  startup_stm32f407xx.o(.text)
    ETH_IRQHandler                           0x080001b7   Thumb Code     0  startup_stm32f407xx.o(.text)
    ETH_WKUP_IRQHandler                      0x080001b7   Thumb Code     0  startup_stm32f407xx.o(.text)
    EXTI0_IRQHandler                         0x080001b7   Thumb Code     0  startup_stm32f407xx.o(.text)
    EXTI15_10_IRQHandler                     0x080001b7   Thumb Code     0  startup_stm32f407xx.o(.text)
    EXTI1_IRQHandler                         0x080001b7   Thumb Code     0  startup_stm32f407xx.o(.text)
    EXTI2_IRQHandler                         0x080001b7   Thumb Code     0  startup_stm32f407xx.o(.text)
    EXTI3_IRQHandler                         0x080001b7   Thumb Code     0  startup_stm32f407xx.o(.text)
    EXTI4_IRQHandler                         0x080001b7   Thumb Code     0  startup_stm32f407xx.o(.text)
    EXTI9_5_IRQHandler                       0x080001b7   Thumb Code     0  startup_stm32f407xx.o(.text)
    FLASH_IRQHandler                         0x080001b7   Thumb Code     0  startup_stm32f407xx.o(.text)
    FMC_IRQHandler                           0x080001b7   Thumb Code     0  startup_stm32f407xx.o(.text)
    FPU_IRQHandler                           0x080001b7   Thumb Code     0  startup_stm32f407xx.o(.text)
    HASH_RNG_IRQHandler                      0x080001b7   Thumb Code     0  startup_stm32f407xx.o(.text)
    I2C1_ER_IRQHandler                       0x080001b7   Thumb Code     0  startup_stm32f407xx.o(.text)
    I2C1_EV_IRQHandler                       0x080001b7   Thumb Code     0  startup_stm32f407xx.o(.text)
    I2C2_ER_IRQHandler                       0x080001b7   Thumb Code     0  startup_stm32f407xx.o(.text)
    I2C2_EV_IRQHandler                       0x080001b7   Thumb Code     0  startup_stm32f407xx.o(.text)
    I2C3_ER_IRQHandler                       0x080001b7   Thumb Code     0  startup_stm32f407xx.o(.text)
    I2C3_EV_IRQHandler                       0x080001b7   Thumb Code     0  startup_stm32f407xx.o(.text)
    OTG_FS_WKUP_IRQHandler                   0x080001b7   Thumb Code     0  startup_stm32f407xx.o(.text)
    OTG_HS_EP1_IN_IRQHandler                 0x080001b7   Thumb Code     0  startup_stm32f407xx.o(.text)
    OTG_HS_EP1_OUT_IRQHandler                0x080001b7   Thumb Code     0  startup_stm32f407xx.o(.text)
    OTG_HS_IRQHandler                        0x080001b7   Thumb Code     0  startup_stm32f407xx.o(.text)
    OTG_HS_WKUP_IRQHandler                   0x080001b7   Thumb Code     0  startup_stm32f407xx.o(.text)
    PVD_IRQHandler                           0x080001b7   Thumb Code     0  startup_stm32f407xx.o(.text)
    RCC_IRQHandler                           0x080001b7   Thumb Code     0  startup_stm32f407xx.o(.text)
    RTC_Alarm_IRQHandler                     0x080001b7   Thumb Code     0  startup_stm32f407xx.o(.text)
    RTC_WKUP_IRQHandler                      0x080001b7   Thumb Code     0  startup_stm32f407xx.o(.text)
    SDIO_IRQHandler                          0x080001b7   Thumb Code     0  startup_stm32f407xx.o(.text)
    SPI1_IRQHandler                          0x080001b7   Thumb Code     0  startup_stm32f407xx.o(.text)
    SPI2_IRQHandler                          0x080001b7   Thumb Code     0  startup_stm32f407xx.o(.text)
    SPI3_IRQHandler                          0x080001b7   Thumb Code     0  startup_stm32f407xx.o(.text)
    TAMP_STAMP_IRQHandler                    0x080001b7   Thumb Code     0  startup_stm32f407xx.o(.text)
    TIM1_BRK_TIM9_IRQHandler                 0x080001b7   Thumb Code     0  startup_stm32f407xx.o(.text)
    TIM1_CC_IRQHandler                       0x080001b7   Thumb Code     0  startup_stm32f407xx.o(.text)
    TIM1_TRG_COM_TIM11_IRQHandler            0x080001b7   Thumb Code     0  startup_stm32f407xx.o(.text)
    TIM1_UP_TIM10_IRQHandler                 0x080001b7   Thumb Code     0  startup_stm32f407xx.o(.text)
    TIM2_IRQHandler                          0x080001b7   Thumb Code     0  startup_stm32f407xx.o(.text)
    TIM3_IRQHandler                          0x080001b7   Thumb Code     0  startup_stm32f407xx.o(.text)
    TIM4_IRQHandler                          0x080001b7   Thumb Code     0  startup_stm32f407xx.o(.text)
    TIM5_IRQHandler                          0x080001b7   Thumb Code     0  startup_stm32f407xx.o(.text)
    TIM6_DAC_IRQHandler                      0x080001b7   Thumb Code     0  startup_stm32f407xx.o(.text)
    TIM7_IRQHandler                          0x080001b7   Thumb Code     0  startup_stm32f407xx.o(.text)
    TIM8_BRK_TIM12_IRQHandler                0x080001b7   Thumb Code     0  startup_stm32f407xx.o(.text)
    TIM8_CC_IRQHandler                       0x080001b7   Thumb Code     0  startup_stm32f407xx.o(.text)
    TIM8_TRG_COM_TIM14_IRQHandler            0x080001b7   Thumb Code     0  startup_stm32f407xx.o(.text)
    TIM8_UP_TIM13_IRQHandler                 0x080001b7   Thumb Code     0  startup_stm32f407xx.o(.text)
    UART4_IRQHandler                         0x080001b7   Thumb Code     0  startup_stm32f407xx.o(.text)
    UART5_IRQHandler                         0x080001b7   Thumb Code     0  startup_stm32f407xx.o(.text)
    USART2_IRQHandler                        0x080001b7   Thumb Code     0  startup_stm32f407xx.o(.text)
    USART3_IRQHandler                        0x080001b7   Thumb Code     0  startup_stm32f407xx.o(.text)
    USART6_IRQHandler                        0x080001b7   Thumb Code     0  startup_stm32f407xx.o(.text)
    WWDG_IRQHandler                          0x080001b7   Thumb Code     0  startup_stm32f407xx.o(.text)
    __aeabi_uldivmod                         0x080001c1   Thumb Code    98  uldiv.o(.text)
    __aeabi_memset                           0x08000223   Thumb Code    14  memseta.o(.text)
    __aeabi_memset4                          0x08000223   Thumb Code     0  memseta.o(.text)
    __aeabi_memset8                          0x08000223   Thumb Code     0  memseta.o(.text)
    __aeabi_memclr                           0x08000231   Thumb Code     4  memseta.o(.text)
    __aeabi_memclr4                          0x08000231   Thumb Code     0  memseta.o(.text)
    __aeabi_memclr8                          0x08000231   Thumb Code     0  memseta.o(.text)
    _memset$wrapper                          0x08000235   Thumb Code    18  memseta.o(.text)
    __aeabi_uidiv                            0x08000247   Thumb Code     0  uidiv.o(.text)
    __aeabi_uidivmod                         0x08000247   Thumb Code    44  uidiv.o(.text)
    __aeabi_llsl                             0x08000273   Thumb Code    30  llshl.o(.text)
    _ll_shift_l                              0x08000273   Thumb Code     0  llshl.o(.text)
    __aeabi_llsr                             0x08000291   Thumb Code    32  llushr.o(.text)
    _ll_ushift_r                             0x08000291   Thumb Code     0  llushr.o(.text)
    __I$use$fp                               0x080002b1   Thumb Code     0  iusefp.o(.text)
    __aeabi_dadd                             0x080002b1   Thumb Code   322  dadd.o(.text)
    __aeabi_dsub                             0x080003f3   Thumb Code     6  dadd.o(.text)
    __aeabi_drsub                            0x080003f9   Thumb Code     6  dadd.o(.text)
    __aeabi_dmul                             0x080003ff   Thumb Code   228  dmul.o(.text)
    __aeabi_ddiv                             0x080004e3   Thumb Code   222  ddiv.o(.text)
    __aeabi_d2ulz                            0x080005c1   Thumb Code    48  dfixul.o(.text)
    __aeabi_cdrcmple                         0x080005f1   Thumb Code    48  cdrcmple.o(.text)
    __scatterload                            0x08000621   Thumb Code    28  init.o(.text)
    __scatterload_rt2                        0x08000621   Thumb Code     0  init.o(.text)
    __aeabi_lasr                             0x08000645   Thumb Code    36  llsshr.o(.text)
    _ll_sshift_r                             0x08000645   Thumb Code     0  llsshr.o(.text)
    _double_round                            0x08000669   Thumb Code    30  depilogue.o(.text)
    _double_epilogue                         0x08000687   Thumb Code   156  depilogue.o(.text)
    BusFault_Handler                         0x08000723   Thumb Code     2  stm32f4xx_it.o(i.BusFault_Handler)
    DebugMon_Handler                         0x080007a7   Thumb Code     2  stm32f4xx_it.o(i.DebugMon_Handler)
    Error_Handler                            0x080007a9   Thumb Code     4  main.o(i.Error_Handler)
    FATFS_LinkDriver                         0x080007ad   Thumb Code     6  ff_gen_drv.o(i.FATFS_LinkDriver)
    FATFS_LinkDriverEx                       0x080007b5   Thumb Code    58  ff_gen_drv.o(i.FATFS_LinkDriverEx)
    FatFs_GetDiskInfo                        0x080007f5   Thumb Code   146  file_operate.o(i.FatFs_GetDiskInfo)
    HAL_DMA_Abort                            0x080009e9   Thumb Code   146  stm32f4xx_hal_dma.o(i.HAL_DMA_Abort)
    HAL_DMA_Abort_IT                         0x08000a7b   Thumb Code    36  stm32f4xx_hal_dma.o(i.HAL_DMA_Abort_IT)
    HAL_Delay                                0x08000aa1   Thumb Code    32  stm32f4xx_hal.o(i.HAL_Delay)
    HAL_GPIO_Init                            0x08000ac5   Thumb Code   654  stm32f4xx_hal_gpio.o(i.HAL_GPIO_Init)
    HAL_GetTick                              0x08000dc1   Thumb Code     6  stm32f4xx_hal.o(i.HAL_GetTick)
    HAL_HCD_Connect_Callback                 0x08000dcd   Thumb Code     8  usbh_conf.o(i.HAL_HCD_Connect_Callback)
    HAL_HCD_Disconnect_Callback              0x08000dd5   Thumb Code     8  usbh_conf.o(i.HAL_HCD_Disconnect_Callback)
    HAL_HCD_GetCurrentFrame                  0x08000ddd   Thumb Code     6  stm32f4xx_hal_hcd.o(i.HAL_HCD_GetCurrentFrame)
    HAL_HCD_GetCurrentSpeed                  0x08000de3   Thumb Code     6  stm32f4xx_hal_hcd.o(i.HAL_HCD_GetCurrentSpeed)
    HAL_HCD_HC_ClearHubInfo                  0x08000de9   Thumb Code    24  stm32f4xx_hal_hcd.o(i.HAL_HCD_HC_ClearHubInfo)
    HAL_HCD_HC_GetURBState                   0x08000e01   Thumb Code    14  stm32f4xx_hal_hcd.o(i.HAL_HCD_HC_GetURBState)
    HAL_HCD_HC_GetXferCount                  0x08000e0f   Thumb Code    12  stm32f4xx_hal_hcd.o(i.HAL_HCD_HC_GetXferCount)
    HAL_HCD_HC_Halt                          0x08000e1b   Thumb Code    36  stm32f4xx_hal_hcd.o(i.HAL_HCD_HC_Halt)
    HAL_HCD_HC_Init                          0x08000e3f   Thumb Code   156  stm32f4xx_hal_hcd.o(i.HAL_HCD_HC_Init)
    HAL_HCD_HC_NotifyURBChange_Callback      0x08000edb   Thumb Code     2  usbh_conf.o(i.HAL_HCD_HC_NotifyURBChange_Callback)
    HAL_HCD_HC_SubmitRequest                 0x08000edd   Thumb Code   154  stm32f4xx_hal_hcd.o(i.HAL_HCD_HC_SubmitRequest)
    HAL_HCD_IRQHandler                       0x08000f79   Thumb Code   322  stm32f4xx_hal_hcd.o(i.HAL_HCD_IRQHandler)
    HAL_HCD_Init                             0x080010bd   Thumb Code   134  stm32f4xx_hal_hcd.o(i.HAL_HCD_Init)
    HAL_HCD_MspInit                          0x08001181   Thumb Code   116  usbh_conf.o(i.HAL_HCD_MspInit)
    HAL_HCD_PortDisabled_Callback            0x08001205   Thumb Code     8  usbh_conf.o(i.HAL_HCD_PortDisabled_Callback)
    HAL_HCD_PortEnabled_Callback             0x0800120d   Thumb Code     8  usbh_conf.o(i.HAL_HCD_PortEnabled_Callback)
    HAL_HCD_ResetPort                        0x08001215   Thumb Code     6  stm32f4xx_hal_hcd.o(i.HAL_HCD_ResetPort)
    HAL_HCD_SOF_Callback                     0x0800121b   Thumb Code     8  usbh_conf.o(i.HAL_HCD_SOF_Callback)
    HAL_HCD_Start                            0x08001223   Thumb Code    44  stm32f4xx_hal_hcd.o(i.HAL_HCD_Start)
    HAL_HCD_Stop                             0x0800124f   Thumb Code    36  stm32f4xx_hal_hcd.o(i.HAL_HCD_Stop)
    HAL_IncTick                              0x08001275   Thumb Code    12  stm32f4xx_hal.o(i.HAL_IncTick)
    HAL_Init                                 0x08001285   Thumb Code    48  stm32f4xx_hal.o(i.HAL_Init)
    HAL_InitTick                             0x080012b9   Thumb Code    54  stm32f4xx_hal.o(i.HAL_InitTick)
    HAL_MspInit                              0x080012f9   Thumb Code    42  stm32f4xx_hal_msp.o(i.HAL_MspInit)
    HAL_NVIC_EnableIRQ                       0x08001329   Thumb Code    40  stm32f4xx_hal_cortex.o(i.HAL_NVIC_EnableIRQ)
    HAL_NVIC_SetPriority                     0x0800138d   Thumb Code    94  stm32f4xx_hal_cortex.o(i.HAL_NVIC_SetPriority)
    HAL_NVIC_SetPriorityGrouping             0x0800142d   Thumb Code    58  stm32f4xx_hal_cortex.o(i.HAL_NVIC_SetPriorityGrouping)
    HAL_RCC_ClockConfig                      0x080014ad   Thumb Code   512  stm32f4xx_hal_rcc.o(i.HAL_RCC_ClockConfig)
    HAL_RCC_GetPCLK1Freq                     0x080016f9   Thumb Code    20  stm32f4xx_hal_rcc.o(i.HAL_RCC_GetPCLK1Freq)
    HAL_RCC_GetPCLK2Freq                     0x08001719   Thumb Code    20  stm32f4xx_hal_rcc.o(i.HAL_RCC_GetPCLK2Freq)
    HAL_RCC_GetSysClockFreq                  0x08001739   Thumb Code    88  stm32f4xx_hal_rcc.o(i.HAL_RCC_GetSysClockFreq)
    HAL_RCC_OscConfig                        0x08001799   Thumb Code  1192  stm32f4xx_hal_rcc.o(i.HAL_RCC_OscConfig)
    HAL_SYSTICK_Config                       0x08001c41   Thumb Code    40  stm32f4xx_hal_cortex.o(i.HAL_SYSTICK_Config)
    HAL_UARTEx_RxEventCallback               0x08001c69   Thumb Code     2  stm32f4xx_hal_uart.o(i.HAL_UARTEx_RxEventCallback)
    HAL_UART_ErrorCallback                   0x08001c6b   Thumb Code     2  stm32f4xx_hal_uart.o(i.HAL_UART_ErrorCallback)
    HAL_UART_GetState                        0x08001c6d   Thumb Code    10  stm32f4xx_hal_uart.o(i.HAL_UART_GetState)
    HAL_UART_IRQHandler                      0x08001c79   Thumb Code   618  stm32f4xx_hal_uart.o(i.HAL_UART_IRQHandler)
    HAL_UART_Init                            0x08001ee9   Thumb Code   248  stm32f4xx_hal_uart.o(i.HAL_UART_Init)
    HAL_UART_MspInit                         0x08002035   Thumb Code   110  usart.o(i.HAL_UART_MspInit)
    HAL_UART_Receive_IT                      0x080020b1   Thumb Code    28  stm32f4xx_hal_uart.o(i.HAL_UART_Receive_IT)
    HAL_UART_RxCpltCallback                  0x080020cd   Thumb Code    40  main.o(i.HAL_UART_RxCpltCallback)
    HAL_UART_Transmit                        0x080020fd   Thumb Code   160  stm32f4xx_hal_uart.o(i.HAL_UART_Transmit)
    HAL_UART_TxCpltCallback                  0x0800219d   Thumb Code     2  stm32f4xx_hal_uart.o(i.HAL_UART_TxCpltCallback)
    HardFault_Handler                        0x08002917   Thumb Code     2  stm32f4xx_it.o(i.HardFault_Handler)
    MX_FATFS_Init                            0x08002919   Thumb Code    18  fatfs.o(i.MX_FATFS_Init)
    MX_GPIO_Init                             0x08002935   Thumb Code   198  gpio.o(i.MX_GPIO_Init)
    MX_USART1_UART_Init                      0x08002a15   Thumb Code    48  usart.o(i.MX_USART1_UART_Init)
    MX_USB_HOST_Init                         0x08002a4d   Thumb Code    52  usb_host.o(i.MX_USB_HOST_Init)
    MX_USB_HOST_Process                      0x08002a8d   Thumb Code     6  usb_host.o(i.MX_USB_HOST_Process)
    MemManage_Handler                        0x08002a99   Thumb Code     2  stm32f4xx_it.o(i.MemManage_Handler)
    Mount_FatFs                              0x08002a9d   Thumb Code   100  file_operate.o(i.Mount_FatFs)
    NMI_Handler                              0x08002c0d   Thumb Code     2  stm32f4xx_it.o(i.NMI_Handler)
    OTG_FS_IRQHandler                        0x08002c11   Thumb Code     6  stm32f4xx_it.o(i.OTG_FS_IRQHandler)
    PendSV_Handler                           0x08002c1d   Thumb Code     2  stm32f4xx_it.o(i.PendSV_Handler)
    SVC_Handler                              0x08002c1f   Thumb Code     2  stm32f4xx_it.o(i.SVC_Handler)
    SysTick_Handler                          0x08002c21   Thumb Code     4  stm32f4xx_it.o(i.SysTick_Handler)
    SystemClock_Config                       0x08002c25   Thumb Code   140  main.o(i.SystemClock_Config)
    SystemInit                               0x08002cb9   Thumb Code    12  system_stm32f4xx.o(i.SystemInit)
    UART_Start_Receive_IT                    0x08002f89   Thumb Code    54  stm32f4xx_hal_uart.o(i.UART_Start_Receive_IT)
    USART1_IRQHandler                        0x08003031   Thumb Code     6  stm32f4xx_it.o(i.USART1_IRQHandler)
    USBH_AllocPipe                           0x0800303d   Thumb Code    40  usbh_pipes.o(i.USBH_AllocPipe)
    USBH_BulkReceiveData                     0x08003065   Thumb Code    38  usbh_ioreq.o(i.USBH_BulkReceiveData)
    USBH_BulkSendData                        0x0800308b   Thumb Code    48  usbh_ioreq.o(i.USBH_BulkSendData)
    USBH_ClosePipe                           0x080030bb   Thumb Code    10  usbh_pipes.o(i.USBH_ClosePipe)
    USBH_ClrFeature                          0x080030c5   Thumb Code    30  usbh_ctlreq.o(i.USBH_ClrFeature)
    USBH_CtlReceiveData                      0x080030e3   Thumb Code    38  usbh_ioreq.o(i.USBH_CtlReceiveData)
    USBH_CtlReq                              0x08003109   Thumb Code    58  usbh_ctlreq.o(i.USBH_CtlReq)
    USBH_CtlSendData                         0x08003143   Thumb Code    48  usbh_ioreq.o(i.USBH_CtlSendData)
    USBH_CtlSendSetup                        0x08003173   Thumb Code    36  usbh_ioreq.o(i.USBH_CtlSendSetup)
    USBH_Delay                               0x08003197   Thumb Code     4  usbh_conf.o(i.USBH_Delay)
    USBH_FindInterface                       0x0800319b   Thumb Code    76  usbh_core.o(i.USBH_FindInterface)
    USBH_FreePipe                            0x080031e7   Thumb Code    24  usbh_pipes.o(i.USBH_FreePipe)
    USBH_GetDescriptor                       0x080031ff   Thumb Code    64  usbh_ctlreq.o(i.USBH_GetDescriptor)
    USBH_GetNextDesc                         0x0800325f   Thumb Code    14  usbh_ctlreq.o(i.USBH_GetNextDesc)
    USBH_Get_CfgDesc                         0x0800326d   Thumb Code    54  usbh_ctlreq.o(i.USBH_Get_CfgDesc)
    USBH_Get_DevDesc                         0x080032a3   Thumb Code    54  usbh_ctlreq.o(i.USBH_Get_DevDesc)
    USBH_Get_StringDesc                      0x080032d9   Thumb Code    60  usbh_ctlreq.o(i.USBH_Get_StringDesc)
    USBH_Get_USB_Status                      0x08003315   Thumb Code    36  usbh_conf.o(i.USBH_Get_USB_Status)
    USBH_Init                                0x0800374b   Thumb Code    66  usbh_core.o(i.USBH_Init)
    USBH_LL_ClosePipe                        0x0800378d   Thumb Code    18  usbh_conf.o(i.USBH_LL_ClosePipe)
    USBH_LL_Connect                          0x0800379f   Thumb Code    20  usbh_core.o(i.USBH_LL_Connect)
    USBH_LL_Disconnect                       0x080037b3   Thumb Code    46  usbh_core.o(i.USBH_LL_Disconnect)
    USBH_LL_DriverVBUS                       0x080037e1   Thumb Code    16  usbh_conf.o(i.USBH_LL_DriverVBUS)
    USBH_LL_GetLastXferSize                  0x080037f1   Thumb Code     8  usbh_conf.o(i.USBH_LL_GetLastXferSize)
    USBH_LL_GetSpeed                         0x080037f9   Thumb Code    34  usbh_conf.o(i.USBH_LL_GetSpeed)
    USBH_LL_GetToggle                        0x0800381b   Thumb Code    30  usbh_conf.o(i.USBH_LL_GetToggle)
    USBH_LL_GetURBState                      0x08003839   Thumb Code     8  usbh_conf.o(i.USBH_LL_GetURBState)
    USBH_LL_IncTimer                         0x08003841   Thumb Code    14  usbh_core.o(i.USBH_LL_IncTimer)
    USBH_LL_Init                             0x08003851   Thumb Code    74  usbh_conf.o(i.USBH_LL_Init)
    USBH_LL_OpenPipe                         0x080038a1   Thumb Code    38  usbh_conf.o(i.USBH_LL_OpenPipe)
    USBH_LL_PortDisabled                     0x080038c7   Thumb Code     8  usbh_core.o(i.USBH_LL_PortDisabled)
    USBH_LL_PortEnabled                      0x080038cf   Thumb Code     8  usbh_core.o(i.USBH_LL_PortEnabled)
    USBH_LL_ResetPort                        0x080038d7   Thumb Code    18  usbh_conf.o(i.USBH_LL_ResetPort)
    USBH_LL_SetTimer                         0x080038e9   Thumb Code     6  usbh_core.o(i.USBH_LL_SetTimer)
    USBH_LL_SetToggle                        0x080038ef   Thumb Code    32  usbh_conf.o(i.USBH_LL_SetToggle)
    USBH_LL_Start                            0x0800390f   Thumb Code    18  usbh_conf.o(i.USBH_LL_Start)
    USBH_LL_Stop                             0x08003921   Thumb Code    18  usbh_conf.o(i.USBH_LL_Stop)
    USBH_LL_SubmitURB                        0x08003933   Thumb Code    42  usbh_conf.o(i.USBH_LL_SubmitURB)
    USBH_MSC_BOT_Init                        0x08003981   Thumb Code    28  usbh_msc_bot.o(i.USBH_MSC_BOT_Init)
    USBH_MSC_BOT_Process                     0x080039a5   Thumb Code   570  usbh_msc_bot.o(i.USBH_MSC_BOT_Process)
    USBH_MSC_BOT_REQ_GetMaxLUN               0x08003bdf   Thumb Code    22  usbh_msc_bot.o(i.USBH_MSC_BOT_REQ_GetMaxLUN)
    USBH_MSC_BOT_REQ_Reset                   0x08003bf5   Thumb Code    24  usbh_msc_bot.o(i.USBH_MSC_BOT_REQ_Reset)
    USBH_MSC_GetLUNInfo                      0x08003cd5   Thumb Code   112  usbh_msc.o(i.USBH_MSC_GetLUNInfo)
    USBH_MSC_Read                            0x080042b9   Thumb Code   154  usbh_msc.o(i.USBH_MSC_Read)
    USBH_MSC_SCSI_Inquiry                    0x08004353   Thumb Code   228  usbh_msc_scsi.o(i.USBH_MSC_SCSI_Inquiry)
    USBH_MSC_SCSI_Read                       0x08004437   Thumb Code   156  usbh_msc_scsi.o(i.USBH_MSC_SCSI_Read)
    USBH_MSC_SCSI_ReadCapacity               0x080044d3   Thumb Code   140  usbh_msc_scsi.o(i.USBH_MSC_SCSI_ReadCapacity)
    USBH_MSC_SCSI_RequestSense               0x0800455f   Thumb Code   152  usbh_msc_scsi.o(i.USBH_MSC_SCSI_RequestSense)
    USBH_MSC_SCSI_TestUnitReady              0x080045f7   Thumb Code    78  usbh_msc_scsi.o(i.USBH_MSC_SCSI_TestUnitReady)
    USBH_MSC_SCSI_Write                      0x08004645   Thumb Code   154  usbh_msc_scsi.o(i.USBH_MSC_SCSI_Write)
    USBH_MSC_UnitIsReady                     0x080046e3   Thumb Code    38  usbh_msc.o(i.USBH_MSC_UnitIsReady)
    USBH_MSC_Write                           0x08004709   Thumb Code   154  usbh_msc.o(i.USBH_MSC_Write)
    USBH_OpenPipe                            0x080047a3   Thumb Code    30  usbh_pipes.o(i.USBH_OpenPipe)
    USBH_Process                             0x08004b1f   Thumb Code   644  usbh_core.o(i.USBH_Process)
    USBH_RegisterClass                       0x08004da3   Thumb Code    34  usbh_core.o(i.USBH_RegisterClass)
    USBH_SelectInterface                     0x08004dc5   Thumb Code    22  usbh_core.o(i.USBH_SelectInterface)
    USBH_SetAddress                          0x08004ddb   Thumb Code    28  usbh_ctlreq.o(i.USBH_SetAddress)
    USBH_SetCfg                              0x08004df7   Thumb Code    28  usbh_ctlreq.o(i.USBH_SetCfg)
    USBH_SetFeature                          0x08004e13   Thumb Code    28  usbh_ctlreq.o(i.USBH_SetFeature)
    USBH_Start                               0x08004e2f   Thumb Code    22  usbh_core.o(i.USBH_Start)
    USBH_initialize                          0x08004e95   Thumb Code     4  usbh_diskio.o(i.USBH_initialize)
    USBH_ioctl                               0x08004e99   Thumb Code   108  usbh_diskio.o(i.USBH_ioctl)
    USBH_read                                0x08004f09   Thumb Code    62  usbh_diskio.o(i.USBH_read)
    USBH_status                              0x08004f4d   Thumb Code    20  usbh_diskio.o(i.USBH_status)
    USBH_write                               0x08004f65   Thumb Code    70  usbh_diskio.o(i.USBH_write)
    USB_CoreInit                             0x08004fb1   Thumb Code   126  stm32f4xx_ll_usb.o(i.USB_CoreInit)
    USB_DisableGlobalInt                     0x08005071   Thumb Code    12  stm32f4xx_ll_usb.o(i.USB_DisableGlobalInt)
    USB_DoPing                               0x0800507d   Thumb Code    30  stm32f4xx_ll_usb.o(i.USB_DoPing)
    USB_DriveVbus                            0x080050a1   Thumb Code    44  stm32f4xx_ll_usb.o(i.USB_DriveVbus)
    USB_EnableGlobalInt                      0x080050cd   Thumb Code    12  stm32f4xx_ll_usb.o(i.USB_EnableGlobalInt)
    USB_FlushRxFifo                          0x080050d9   Thumb Code    56  stm32f4xx_ll_usb.o(i.USB_FlushRxFifo)
    USB_FlushTxFifo                          0x08005111   Thumb Code    60  stm32f4xx_ll_usb.o(i.USB_FlushTxFifo)
    USB_GetCurrentFrame                      0x0800514d   Thumb Code     8  stm32f4xx_ll_usb.o(i.USB_GetCurrentFrame)
    USB_GetHostSpeed                         0x08005155   Thumb Code    14  stm32f4xx_ll_usb.o(i.USB_GetHostSpeed)
    USB_GetMode                              0x08005163   Thumb Code     8  stm32f4xx_ll_usb.o(i.USB_GetMode)
    USB_HC_Halt                              0x0800516b   Thumb Code   212  stm32f4xx_ll_usb.o(i.USB_HC_Halt)
    USB_HC_Init                              0x08005241   Thumb Code   276  stm32f4xx_ll_usb.o(i.USB_HC_Init)
    USB_HC_ReadInterrupt                     0x08005359   Thumb Code     8  stm32f4xx_ll_usb.o(i.USB_HC_ReadInterrupt)
    USB_HC_StartXfer                         0x08005361   Thumb Code   602  stm32f4xx_ll_usb.o(i.USB_HC_StartXfer)
    USB_HostInit                             0x080055c1   Thumb Code   184  stm32f4xx_ll_usb.o(i.USB_HostInit)
    USB_InitFSLSPClkSel                      0x08005691   Thumb Code    56  stm32f4xx_ll_usb.o(i.USB_InitFSLSPClkSel)
    USB_ReadChInterrupts                     0x080056c9   Thumb Code    16  stm32f4xx_ll_usb.o(i.USB_ReadChInterrupts)
    USB_ReadInterrupts                       0x080056d9   Thumb Code     8  stm32f4xx_ll_usb.o(i.USB_ReadInterrupts)
    USB_ReadPacket                           0x080056e1   Thumb Code    62  stm32f4xx_ll_usb.o(i.USB_ReadPacket)
    USB_ResetPort                            0x0800571f   Thumb Code    50  stm32f4xx_ll_usb.o(i.USB_ResetPort)
    USB_SetCurrentMode                       0x08005751   Thumb Code    92  stm32f4xx_ll_usb.o(i.USB_SetCurrentMode)
    USB_StopHost                             0x080057ad   Thumb Code   138  stm32f4xx_ll_usb.o(i.USB_StopHost)
    USB_WritePacket                          0x08005839   Thumb Code    40  stm32f4xx_ll_usb.o(i.USB_WritePacket)
    UsageFault_Handler                       0x08005861   Thumb Code     2  stm32f4xx_it.o(i.UsageFault_Handler)
    __0printf                                0x08005865   Thumb Code    22  printfa.o(i.__0printf)
    __1printf                                0x08005865   Thumb Code     0  printfa.o(i.__0printf)
    __2printf                                0x08005865   Thumb Code     0  printfa.o(i.__0printf)
    __c89printf                              0x08005865   Thumb Code     0  printfa.o(i.__0printf)
    printf                                   0x08005865   Thumb Code     0  printfa.o(i.__0printf)
    __scatterload_copy                       0x080058a5   Thumb Code    14  handlers.o(i.__scatterload_copy)
    __scatterload_null                       0x080058b3   Thumb Code     2  handlers.o(i.__scatterload_null)
    __scatterload_zeroinit                   0x080058b5   Thumb Code    14  handlers.o(i.__scatterload_zeroinit)
    assert_failed                            0x08006177   Thumb Code     2  main.o(i.assert_failed)
    disk_initialize                          0x08006209   Thumb Code    38  diskio.o(i.disk_initialize)
    disk_ioctl                               0x08006235   Thumb Code    24  diskio.o(i.disk_ioctl)
    disk_read                                0x08006251   Thumb Code    24  diskio.o(i.disk_read)
    disk_status                              0x0800626d   Thumb Code    18  diskio.o(i.disk_status)
    disk_write                               0x08006285   Thumb Code    24  diskio.o(i.disk_write)
    f_getfree                                0x080062a1   Thumb Code   212  ff.o(i.f_getfree)
    f_mkfs                                   0x08006375   Thumb Code  1362  ff.o(i.f_mkfs)
    f_mount                                  0x080068c9   Thumb Code    84  ff.o(i.f_mount)
    fputc                                    0x08006b75   Thumb Code    20  usart.o(i.fputc)
    free                                     0x08006b8d   Thumb Code    76  malloc.o(i.free)
    main                                     0x08006cf9   Thumb Code    50  main.o(i.main)
    malloc                                   0x08006d69   Thumb Code    92  malloc.o(i.malloc)
    AHBPrescTable                            0x08006e92   Data          16  system_stm32f4xx.o(.constdata)
    APBPrescTable                            0x08006ea2   Data           8  system_stm32f4xx.o(.constdata)
    USBH_Driver                              0x08006ec8   Data          20  usbh_diskio.o(.constdata)
    Region$$Table$$Base                      0x08006ee0   Number         0  anon$$obj.o(Region$$Table)
    Region$$Table$$Limit                     0x08006f00   Number         0  anon$$obj.o(Region$$Table)
    RxData                                   0x20000000   Data           1  main.o(.data)
    retUSBH                                  0x20000001   Data           1  fatfs.o(.data)
    USBHPath                                 0x20000002   Data           4  fatfs.o(.data)
    uwTickFreq                               0x20000008   Data           1  stm32f4xx_hal.o(.data)
    uwTickPrio                               0x2000000c   Data           4  stm32f4xx_hal.o(.data)
    uwTick                                   0x20000010   Data           4  stm32f4xx_hal.o(.data)
    SystemCoreClock                          0x20000014   Data           4  system_stm32f4xx.o(.data)
    Appli_state                              0x20000020   Data           1  usb_host.o(.data)
    USBH_msc                                 0x20000024   Data          32  usbh_msc.o(.data)
    __stdout                                 0x20000044   Data           4  stdout.o(.data)
    __microlib_freelist                      0x20000048   Data           4  mvars.o(.data)
    __microlib_freelist_initialised          0x2000004c   Data           4  mvars.o(.data)
    workBuffer                               0x20000050   Data        2048  file_operate.o(.bss)
    huart1                                   0x20000850   Data          72  usart.o(.bss)
    USBHFatFS                                0x20000898   Data         560  fatfs.o(.bss)
    disk                                     0x20000ae8   Data          12  ff_gen_drv.o(.bss)
    hUsbHostFS                               0x20000af4   Data         984  usb_host.o(.bss)
    hhcd_USB_OTG_FS                          0x20000ecc   Data         992  usbh_conf.o(.bss)
    __heap_base                              0x200012b0   Data           0  startup_stm32f407xx.o(HEAP)
    __heap_limit                             0x200014b0   Data           0  startup_stm32f407xx.o(HEAP)
    __initial_sp                             0x200034b0   Data           0  startup_stm32f407xx.o(STACK)



==============================================================================

Memory Map of the image

  Image Entry point : 0x08000189

  Load Region LR_IROM1 (Base: 0x08000000, Size: 0x00006f50, Max: 0x00080000, ABSOLUTE)

    Execution Region ER_IROM1 (Exec base: 0x08000000, Load base: 0x08000000, Size: 0x00006f00, Max: 0x00080000, ABSOLUTE)

    Exec Addr    Load Addr    Size         Type   Attr      Idx    E Section Name        Object

    0x08000000   0x08000000   0x00000188   Data   RO            3    RESET               startup_stm32f407xx.o
    0x08000188   0x08000188   0x00000000   Code   RO         3939  * .ARM.Collect$$$$00000000  mc_w.l(entry.o)
    0x08000188   0x08000188   0x00000004   Code   RO         4239    .ARM.Collect$$$$00000001  mc_w.l(entry2.o)
    0x0800018c   0x0800018c   0x00000004   Code   RO         4242    .ARM.Collect$$$$00000004  mc_w.l(entry5.o)
    0x08000190   0x08000190   0x00000000   Code   RO         4244    .ARM.Collect$$$$00000008  mc_w.l(entry7b.o)
    0x08000190   0x08000190   0x00000000   Code   RO         4246    .ARM.Collect$$$$0000000A  mc_w.l(entry8b.o)
    0x08000190   0x08000190   0x00000008   Code   RO         4247    .ARM.Collect$$$$0000000B  mc_w.l(entry9a.o)
    0x08000198   0x08000198   0x00000000   Code   RO         4249    .ARM.Collect$$$$0000000D  mc_w.l(entry10a.o)
    0x08000198   0x08000198   0x00000000   Code   RO         4251    .ARM.Collect$$$$0000000F  mc_w.l(entry11a.o)
    0x08000198   0x08000198   0x00000004   Code   RO         4240    .ARM.Collect$$$$00002712  mc_w.l(entry2.o)
    0x0800019c   0x0800019c   0x00000024   Code   RO            4    .text               startup_stm32f407xx.o
    0x080001c0   0x080001c0   0x00000062   Code   RO         3942    .text               mc_w.l(uldiv.o)
    0x08000222   0x08000222   0x00000024   Code   RO         3946    .text               mc_w.l(memseta.o)
    0x08000246   0x08000246   0x0000002c   Code   RO         4254    .text               mc_w.l(uidiv.o)
    0x08000272   0x08000272   0x0000001e   Code   RO         4256    .text               mc_w.l(llshl.o)
    0x08000290   0x08000290   0x00000020   Code   RO         4258    .text               mc_w.l(llushr.o)
    0x080002b0   0x080002b0   0x00000000   Code   RO         4262    .text               mc_w.l(iusefp.o)
    0x080002b0   0x080002b0   0x0000014e   Code   RO         4263    .text               mf_w.l(dadd.o)
    0x080003fe   0x080003fe   0x000000e4   Code   RO         4265    .text               mf_w.l(dmul.o)
    0x080004e2   0x080004e2   0x000000de   Code   RO         4267    .text               mf_w.l(ddiv.o)
    0x080005c0   0x080005c0   0x00000030   Code   RO         4269    .text               mf_w.l(dfixul.o)
    0x080005f0   0x080005f0   0x00000030   Code   RO         4271    .text               mf_w.l(cdrcmple.o)
    0x08000620   0x08000620   0x00000024   Code   RO         4273    .text               mc_w.l(init.o)
    0x08000644   0x08000644   0x00000024   Code   RO         4275    .text               mc_w.l(llsshr.o)
    0x08000668   0x08000668   0x000000ba   Code   RO         4277    .text               mf_w.l(depilogue.o)
    0x08000722   0x08000722   0x00000002   Code   RO          408    i.BusFault_Handler  stm32f4xx_it.o
    0x08000724   0x08000724   0x00000082   Code   RO         3371    i.DeInitStateMachine  usbh_core.o
    0x080007a6   0x080007a6   0x00000002   Code   RO          409    i.DebugMon_Handler  stm32f4xx_it.o
    0x080007a8   0x080007a8   0x00000004   Code   RO          244    i.Error_Handler     main.o
    0x080007ac   0x080007ac   0x00000006   Code   RO         3025    i.FATFS_LinkDriver  ff_gen_drv.o
    0x080007b2   0x080007b2   0x00000002   PAD
    0x080007b4   0x080007b4   0x00000040   Code   RO         3026    i.FATFS_LinkDriverEx  ff_gen_drv.o
    0x080007f4   0x080007f4   0x000001f4   Code   RO           14    i.FatFs_GetDiskInfo  file_operate.o
    0x080009e8   0x080009e8   0x00000092   Code   RO         1528    i.HAL_DMA_Abort     stm32f4xx_hal_dma.o
    0x08000a7a   0x08000a7a   0x00000024   Code   RO         1529    i.HAL_DMA_Abort_IT  stm32f4xx_hal_dma.o
    0x08000a9e   0x08000a9e   0x00000002   PAD
    0x08000aa0   0x08000aa0   0x00000024   Code   RO         1953    i.HAL_Delay         stm32f4xx_hal.o
    0x08000ac4   0x08000ac4   0x000002fc   Code   RO         1421    i.HAL_GPIO_Init     stm32f4xx_hal_gpio.o
    0x08000dc0   0x08000dc0   0x0000000c   Code   RO         1959    i.HAL_GetTick       stm32f4xx_hal.o
    0x08000dcc   0x08000dcc   0x00000008   Code   RO         3193    i.HAL_HCD_Connect_Callback  usbh_conf.o
    0x08000dd4   0x08000dd4   0x00000008   Code   RO         3194    i.HAL_HCD_Disconnect_Callback  usbh_conf.o
    0x08000ddc   0x08000ddc   0x00000006   Code   RO          555    i.HAL_HCD_GetCurrentFrame  stm32f4xx_hal_hcd.o
    0x08000de2   0x08000de2   0x00000006   Code   RO          556    i.HAL_HCD_GetCurrentSpeed  stm32f4xx_hal_hcd.o
    0x08000de8   0x08000de8   0x00000018   Code   RO          558    i.HAL_HCD_HC_ClearHubInfo  stm32f4xx_hal_hcd.o
    0x08000e00   0x08000e00   0x0000000e   Code   RO          560    i.HAL_HCD_HC_GetURBState  stm32f4xx_hal_hcd.o
    0x08000e0e   0x08000e0e   0x0000000c   Code   RO          561    i.HAL_HCD_HC_GetXferCount  stm32f4xx_hal_hcd.o
    0x08000e1a   0x08000e1a   0x00000024   Code   RO          562    i.HAL_HCD_HC_Halt   stm32f4xx_hal_hcd.o
    0x08000e3e   0x08000e3e   0x0000009c   Code   RO          563    i.HAL_HCD_HC_Init   stm32f4xx_hal_hcd.o
    0x08000eda   0x08000eda   0x00000002   Code   RO         3195    i.HAL_HCD_HC_NotifyURBChange_Callback  usbh_conf.o
    0x08000edc   0x08000edc   0x0000009a   Code   RO          566    i.HAL_HCD_HC_SubmitRequest  stm32f4xx_hal_hcd.o
    0x08000f76   0x08000f76   0x00000002   PAD
    0x08000f78   0x08000f78   0x00000142   Code   RO          567    i.HAL_HCD_IRQHandler  stm32f4xx_hal_hcd.o
    0x080010ba   0x080010ba   0x00000002   PAD
    0x080010bc   0x080010bc   0x000000c4   Code   RO          568    i.HAL_HCD_Init      stm32f4xx_hal_hcd.o
    0x08001180   0x08001180   0x00000084   Code   RO         3197    i.HAL_HCD_MspInit   usbh_conf.o
    0x08001204   0x08001204   0x00000008   Code   RO         3198    i.HAL_HCD_PortDisabled_Callback  usbh_conf.o
    0x0800120c   0x0800120c   0x00000008   Code   RO         3199    i.HAL_HCD_PortEnabled_Callback  usbh_conf.o
    0x08001214   0x08001214   0x00000006   Code   RO          573    i.HAL_HCD_ResetPort  stm32f4xx_hal_hcd.o
    0x0800121a   0x0800121a   0x00000008   Code   RO         3200    i.HAL_HCD_SOF_Callback  usbh_conf.o
    0x08001222   0x08001222   0x0000002c   Code   RO          575    i.HAL_HCD_Start     stm32f4xx_hal_hcd.o
    0x0800124e   0x0800124e   0x00000024   Code   RO          576    i.HAL_HCD_Stop      stm32f4xx_hal_hcd.o
    0x08001272   0x08001272   0x00000002   PAD
    0x08001274   0x08001274   0x00000010   Code   RO         1965    i.HAL_IncTick       stm32f4xx_hal.o
    0x08001284   0x08001284   0x00000034   Code   RO         1966    i.HAL_Init          stm32f4xx_hal.o
    0x080012b8   0x080012b8   0x00000040   Code   RO         1967    i.HAL_InitTick      stm32f4xx_hal.o
    0x080012f8   0x080012f8   0x00000030   Code   RO          496    i.HAL_MspInit       stm32f4xx_hal_msp.o
    0x08001328   0x08001328   0x00000064   Code   RO         1811    i.HAL_NVIC_EnableIRQ  stm32f4xx_hal_cortex.o
    0x0800138c   0x0800138c   0x000000a0   Code   RO         1817    i.HAL_NVIC_SetPriority  stm32f4xx_hal_cortex.o
    0x0800142c   0x0800142c   0x00000080   Code   RO         1818    i.HAL_NVIC_SetPriorityGrouping  stm32f4xx_hal_cortex.o
    0x080014ac   0x080014ac   0x0000024c   Code   RO         1052    i.HAL_RCC_ClockConfig  stm32f4xx_hal_rcc.o
    0x080016f8   0x080016f8   0x00000020   Code   RO         1059    i.HAL_RCC_GetPCLK1Freq  stm32f4xx_hal_rcc.o
    0x08001718   0x08001718   0x00000020   Code   RO         1060    i.HAL_RCC_GetPCLK2Freq  stm32f4xx_hal_rcc.o
    0x08001738   0x08001738   0x00000060   Code   RO         1061    i.HAL_RCC_GetSysClockFreq  stm32f4xx_hal_rcc.o
    0x08001798   0x08001798   0x000004a8   Code   RO         1064    i.HAL_RCC_OscConfig  stm32f4xx_hal_rcc.o
    0x08001c40   0x08001c40   0x00000028   Code   RO         1822    i.HAL_SYSTICK_Config  stm32f4xx_hal_cortex.o
    0x08001c68   0x08001c68   0x00000002   Code   RO         2252    i.HAL_UARTEx_RxEventCallback  stm32f4xx_hal_uart.o
    0x08001c6a   0x08001c6a   0x00000002   Code   RO         2266    i.HAL_UART_ErrorCallback  stm32f4xx_hal_uart.o
    0x08001c6c   0x08001c6c   0x0000000a   Code   RO         2268    i.HAL_UART_GetState  stm32f4xx_hal_uart.o
    0x08001c76   0x08001c76   0x00000002   PAD
    0x08001c78   0x08001c78   0x00000270   Code   RO         2269    i.HAL_UART_IRQHandler  stm32f4xx_hal_uart.o
    0x08001ee8   0x08001ee8   0x0000014c   Code   RO         2270    i.HAL_UART_Init     stm32f4xx_hal_uart.o
    0x08002034   0x08002034   0x0000007c   Code   RO          355    i.HAL_UART_MspInit  usart.o
    0x080020b0   0x080020b0   0x0000001c   Code   RO         2275    i.HAL_UART_Receive_IT  stm32f4xx_hal_uart.o
    0x080020cc   0x080020cc   0x00000030   Code   RO          245    i.HAL_UART_RxCpltCallback  main.o
    0x080020fc   0x080020fc   0x000000a0   Code   RO         2278    i.HAL_UART_Transmit  stm32f4xx_hal_uart.o
    0x0800219c   0x0800219c   0x00000002   Code   RO         2281    i.HAL_UART_TxCpltCallback  stm32f4xx_hal_uart.o
    0x0800219e   0x0800219e   0x0000037c   Code   RO          578    i.HCD_HC_IN_IRQHandler  stm32f4xx_hal_hcd.o
    0x0800251a   0x0800251a   0x000002e2   Code   RO          579    i.HCD_HC_OUT_IRQHandler  stm32f4xx_hal_hcd.o
    0x080027fc   0x080027fc   0x00000094   Code   RO          580    i.HCD_Port_IRQHandler  stm32f4xx_hal_hcd.o
    0x08002890   0x08002890   0x00000086   Code   RO          581    i.HCD_RXQLVL_IRQHandler  stm32f4xx_hal_hcd.o
    0x08002916   0x08002916   0x00000002   Code   RO          410    i.HardFault_Handler  stm32f4xx_it.o
    0x08002918   0x08002918   0x0000001c   Code   RO          520    i.MX_FATFS_Init     fatfs.o
    0x08002934   0x08002934   0x000000e0   Code   RO          330    i.MX_GPIO_Init      gpio.o
    0x08002a14   0x08002a14   0x00000038   Code   RO          356    i.MX_USART1_UART_Init  usart.o
    0x08002a4c   0x08002a4c   0x00000040   Code   RO         3154    i.MX_USB_HOST_Init  usb_host.o
    0x08002a8c   0x08002a8c   0x0000000c   Code   RO         3155    i.MX_USB_HOST_Process  usb_host.o
    0x08002a98   0x08002a98   0x00000002   Code   RO          411    i.MemManage_Handler  stm32f4xx_it.o
    0x08002a9a   0x08002a9a   0x00000002   PAD
    0x08002a9c   0x08002a9c   0x00000170   Code   RO           20    i.Mount_FatFs       file_operate.o
    0x08002c0c   0x08002c0c   0x00000002   Code   RO          412    i.NMI_Handler       stm32f4xx_it.o
    0x08002c0e   0x08002c0e   0x00000002   PAD
    0x08002c10   0x08002c10   0x0000000c   Code   RO          413    i.OTG_FS_IRQHandler  stm32f4xx_it.o
    0x08002c1c   0x08002c1c   0x00000002   Code   RO          414    i.PendSV_Handler    stm32f4xx_it.o
    0x08002c1e   0x08002c1e   0x00000002   Code   RO          415    i.SVC_Handler       stm32f4xx_it.o
    0x08002c20   0x08002c20   0x00000004   Code   RO          416    i.SysTick_Handler   stm32f4xx_it.o
    0x08002c24   0x08002c24   0x00000094   Code   RO          246    i.SystemClock_Config  main.o
    0x08002cb8   0x08002cb8   0x00000010   Code   RO         2604    i.SystemInit        system_stm32f4xx.o
    0x08002cc8   0x08002cc8   0x00000010   Code   RO         2283    i.UART_DMAAbortOnError  stm32f4xx_hal_uart.o
    0x08002cd8   0x08002cd8   0x0000004e   Code   RO         2293    i.UART_EndRxTransfer  stm32f4xx_hal_uart.o
    0x08002d26   0x08002d26   0x000000c2   Code   RO         2295    i.UART_Receive_IT   stm32f4xx_hal_uart.o
    0x08002de8   0x08002de8   0x000001a0   Code   RO         2296    i.UART_SetConfig    stm32f4xx_hal_uart.o
    0x08002f88   0x08002f88   0x00000036   Code   RO         2298    i.UART_Start_Receive_IT  stm32f4xx_hal_uart.o
    0x08002fbe   0x08002fbe   0x00000072   Code   RO         2299    i.UART_WaitOnFlagUntilTimeout  stm32f4xx_hal_uart.o
    0x08003030   0x08003030   0x0000000c   Code   RO          417    i.USART1_IRQHandler  stm32f4xx_it.o
    0x0800303c   0x0800303c   0x00000028   Code   RO         3698    i.USBH_AllocPipe    usbh_pipes.o
    0x08003064   0x08003064   0x00000026   Code   RO         3626    i.USBH_BulkReceiveData  usbh_ioreq.o
    0x0800308a   0x0800308a   0x00000030   Code   RO         3627    i.USBH_BulkSendData  usbh_ioreq.o
    0x080030ba   0x080030ba   0x0000000a   Code   RO         3699    i.USBH_ClosePipe    usbh_pipes.o
    0x080030c4   0x080030c4   0x0000001e   Code   RO         3512    i.USBH_ClrFeature   usbh_ctlreq.o
    0x080030e2   0x080030e2   0x00000026   Code   RO         3628    i.USBH_CtlReceiveData  usbh_ioreq.o
    0x08003108   0x08003108   0x0000003a   Code   RO         3513    i.USBH_CtlReq       usbh_ctlreq.o
    0x08003142   0x08003142   0x00000030   Code   RO         3629    i.USBH_CtlSendData  usbh_ioreq.o
    0x08003172   0x08003172   0x00000024   Code   RO         3630    i.USBH_CtlSendSetup  usbh_ioreq.o
    0x08003196   0x08003196   0x00000004   Code   RO         3201    i.USBH_Delay        usbh_conf.o
    0x0800319a   0x0800319a   0x0000004c   Code   RO         3373    i.USBH_FindInterface  usbh_core.o
    0x080031e6   0x080031e6   0x00000018   Code   RO         3700    i.USBH_FreePipe     usbh_pipes.o
    0x080031fe   0x080031fe   0x00000040   Code   RO         3514    i.USBH_GetDescriptor  usbh_ctlreq.o
    0x0800323e   0x0800323e   0x00000020   Code   RO         3701    i.USBH_GetFreePipe  usbh_pipes.o
    0x0800325e   0x0800325e   0x0000000e   Code   RO         3515    i.USBH_GetNextDesc  usbh_ctlreq.o
    0x0800326c   0x0800326c   0x00000036   Code   RO         3516    i.USBH_Get_CfgDesc  usbh_ctlreq.o
    0x080032a2   0x080032a2   0x00000036   Code   RO         3517    i.USBH_Get_DevDesc  usbh_ctlreq.o
    0x080032d8   0x080032d8   0x0000003c   Code   RO         3518    i.USBH_Get_StringDesc  usbh_ctlreq.o
    0x08003314   0x08003314   0x00000024   Code   RO         3202    i.USBH_Get_USB_Status  usbh_conf.o
    0x08003338   0x08003338   0x000001c6   Code   RO         3519    i.USBH_HandleControl  usbh_ctlreq.o
    0x080034fe   0x080034fe   0x00000238   Code   RO         3376    i.USBH_HandleEnum   usbh_core.o
    0x08003736   0x08003736   0x00000014   Code   RO         3377    i.USBH_HandleSof    usbh_core.o
    0x0800374a   0x0800374a   0x00000042   Code   RO         3378    i.USBH_Init         usbh_core.o
    0x0800378c   0x0800378c   0x00000012   Code   RO         3203    i.USBH_LL_ClosePipe  usbh_conf.o
    0x0800379e   0x0800379e   0x00000014   Code   RO         3380    i.USBH_LL_Connect   usbh_core.o
    0x080037b2   0x080037b2   0x0000002e   Code   RO         3381    i.USBH_LL_Disconnect  usbh_core.o
    0x080037e0   0x080037e0   0x00000010   Code   RO         3205    i.USBH_LL_DriverVBUS  usbh_conf.o
    0x080037f0   0x080037f0   0x00000008   Code   RO         3206    i.USBH_LL_GetLastXferSize  usbh_conf.o
    0x080037f8   0x080037f8   0x00000022   Code   RO         3207    i.USBH_LL_GetSpeed  usbh_conf.o
    0x0800381a   0x0800381a   0x0000001e   Code   RO         3208    i.USBH_LL_GetToggle  usbh_conf.o
    0x08003838   0x08003838   0x00000008   Code   RO         3209    i.USBH_LL_GetURBState  usbh_conf.o
    0x08003840   0x08003840   0x0000000e   Code   RO         3382    i.USBH_LL_IncTimer  usbh_core.o
    0x0800384e   0x0800384e   0x00000002   PAD
    0x08003850   0x08003850   0x00000050   Code   RO         3210    i.USBH_LL_Init      usbh_conf.o
    0x080038a0   0x080038a0   0x00000026   Code   RO         3211    i.USBH_LL_OpenPipe  usbh_conf.o
    0x080038c6   0x080038c6   0x00000008   Code   RO         3383    i.USBH_LL_PortDisabled  usbh_core.o
    0x080038ce   0x080038ce   0x00000008   Code   RO         3384    i.USBH_LL_PortEnabled  usbh_core.o
    0x080038d6   0x080038d6   0x00000012   Code   RO         3212    i.USBH_LL_ResetPort  usbh_conf.o
    0x080038e8   0x080038e8   0x00000006   Code   RO         3385    i.USBH_LL_SetTimer  usbh_core.o
    0x080038ee   0x080038ee   0x00000020   Code   RO         3213    i.USBH_LL_SetToggle  usbh_conf.o
    0x0800390e   0x0800390e   0x00000012   Code   RO         3214    i.USBH_LL_Start     usbh_conf.o
    0x08003920   0x08003920   0x00000012   Code   RO         3215    i.USBH_LL_Stop      usbh_conf.o
    0x08003932   0x08003932   0x0000002a   Code   RO         3216    i.USBH_LL_SubmitURB  usbh_conf.o
    0x0800395c   0x0800395c   0x00000024   Code   RO         3836    i.USBH_MSC_BOT_Abort  usbh_msc_bot.o
    0x08003980   0x08003980   0x00000024   Code   RO         3837    i.USBH_MSC_BOT_Init  usbh_msc_bot.o
    0x080039a4   0x080039a4   0x0000023a   Code   RO         3838    i.USBH_MSC_BOT_Process  usbh_msc_bot.o
    0x08003bde   0x08003bde   0x00000016   Code   RO         3839    i.USBH_MSC_BOT_REQ_GetMaxLUN  usbh_msc_bot.o
    0x08003bf4   0x08003bf4   0x00000018   Code   RO         3840    i.USBH_MSC_BOT_REQ_Reset  usbh_msc_bot.o
    0x08003c0c   0x08003c0c   0x0000007c   Code   RO         3745    i.USBH_MSC_ClassRequest  usbh_msc.o
    0x08003c88   0x08003c88   0x0000004c   Code   RO         3841    i.USBH_MSC_DecodeCSW  usbh_msc_bot.o
    0x08003cd4   0x08003cd4   0x00000070   Code   RO         3746    i.USBH_MSC_GetLUNInfo  usbh_msc.o
    0x08003d44   0x08003d44   0x0000004c   Code   RO         3748    i.USBH_MSC_InterfaceDeInit  usbh_msc.o
    0x08003d90   0x08003d90   0x00000122   Code   RO         3749    i.USBH_MSC_InterfaceInit  usbh_msc.o
    0x08003eb2   0x08003eb2   0x00000348   Code   RO         3751    i.USBH_MSC_Process  usbh_msc.o
    0x080041fa   0x080041fa   0x000000be   Code   RO         3752    i.USBH_MSC_RdWrProcess  usbh_msc.o
    0x080042b8   0x080042b8   0x0000009a   Code   RO         3753    i.USBH_MSC_Read     usbh_msc.o
    0x08004352   0x08004352   0x000000e4   Code   RO         3888    i.USBH_MSC_SCSI_Inquiry  usbh_msc_scsi.o
    0x08004436   0x08004436   0x0000009c   Code   RO         3889    i.USBH_MSC_SCSI_Read  usbh_msc_scsi.o
    0x080044d2   0x080044d2   0x0000008c   Code   RO         3890    i.USBH_MSC_SCSI_ReadCapacity  usbh_msc_scsi.o
    0x0800455e   0x0800455e   0x00000098   Code   RO         3891    i.USBH_MSC_SCSI_RequestSense  usbh_msc_scsi.o
    0x080045f6   0x080045f6   0x0000004e   Code   RO         3892    i.USBH_MSC_SCSI_TestUnitReady  usbh_msc_scsi.o
    0x08004644   0x08004644   0x0000009a   Code   RO         3893    i.USBH_MSC_SCSI_Write  usbh_msc_scsi.o
    0x080046de   0x080046de   0x00000004   Code   RO         3754    i.USBH_MSC_SOFProcess  usbh_msc.o
    0x080046e2   0x080046e2   0x00000026   Code   RO         3755    i.USBH_MSC_UnitIsReady  usbh_msc.o
    0x08004708   0x08004708   0x0000009a   Code   RO         3756    i.USBH_MSC_Write    usbh_msc.o
    0x080047a2   0x080047a2   0x0000001e   Code   RO         3702    i.USBH_OpenPipe     usbh_pipes.o
    0x080047c0   0x080047c0   0x00000140   Code   RO         3520    i.USBH_ParseCfgDesc  usbh_ctlreq.o
    0x08004900   0x08004900   0x000000c0   Code   RO         3521    i.USBH_ParseDevDesc  usbh_ctlreq.o
    0x080049c0   0x080049c0   0x000000fe   Code   RO         3522    i.USBH_ParseEPDesc  usbh_ctlreq.o
    0x08004abe   0x08004abe   0x0000002c   Code   RO         3523    i.USBH_ParseInterfaceDesc  usbh_ctlreq.o
    0x08004aea   0x08004aea   0x00000034   Code   RO         3524    i.USBH_ParseStringDesc  usbh_ctlreq.o
    0x08004b1e   0x08004b1e   0x00000284   Code   RO         3386    i.USBH_Process      usbh_core.o
    0x08004da2   0x08004da2   0x00000022   Code   RO         3388    i.USBH_RegisterClass  usbh_core.o
    0x08004dc4   0x08004dc4   0x00000016   Code   RO         3389    i.USBH_SelectInterface  usbh_core.o
    0x08004dda   0x08004dda   0x0000001c   Code   RO         3525    i.USBH_SetAddress   usbh_ctlreq.o
    0x08004df6   0x08004df6   0x0000001c   Code   RO         3526    i.USBH_SetCfg       usbh_ctlreq.o
    0x08004e12   0x08004e12   0x0000001c   Code   RO         3527    i.USBH_SetFeature   usbh_ctlreq.o
    0x08004e2e   0x08004e2e   0x00000016   Code   RO         3390    i.USBH_Start        usbh_core.o
    0x08004e44   0x08004e44   0x00000050   Code   RO         3156    i.USBH_UserProcess  usb_host.o
    0x08004e94   0x08004e94   0x00000004   Code   RO         3099    i.USBH_initialize   usbh_diskio.o
    0x08004e98   0x08004e98   0x00000070   Code   RO         3100    i.USBH_ioctl        usbh_diskio.o
    0x08004f08   0x08004f08   0x00000044   Code   RO         3101    i.USBH_read         usbh_diskio.o
    0x08004f4c   0x08004f4c   0x00000018   Code   RO         3102    i.USBH_status       usbh_diskio.o
    0x08004f64   0x08004f64   0x0000004c   Code   RO         3103    i.USBH_write        usbh_diskio.o
    0x08004fb0   0x08004fb0   0x00000084   Code   RO          751    i.USB_CoreInit      stm32f4xx_ll_usb.o
    0x08005034   0x08005034   0x0000003c   Code   RO          752    i.USB_CoreReset     stm32f4xx_ll_usb.o
    0x08005070   0x08005070   0x0000000c   Code   RO          759    i.USB_DisableGlobalInt  stm32f4xx_ll_usb.o
    0x0800507c   0x0800507c   0x00000024   Code   RO          760    i.USB_DoPing        stm32f4xx_ll_usb.o
    0x080050a0   0x080050a0   0x0000002c   Code   RO          761    i.USB_DriveVbus     stm32f4xx_ll_usb.o
    0x080050cc   0x080050cc   0x0000000c   Code   RO          767    i.USB_EnableGlobalInt  stm32f4xx_ll_usb.o
    0x080050d8   0x080050d8   0x00000038   Code   RO          768    i.USB_FlushRxFifo   stm32f4xx_ll_usb.o
    0x08005110   0x08005110   0x0000003c   Code   RO          769    i.USB_FlushTxFifo   stm32f4xx_ll_usb.o
    0x0800514c   0x0800514c   0x00000008   Code   RO          770    i.USB_GetCurrentFrame  stm32f4xx_ll_usb.o
    0x08005154   0x08005154   0x0000000e   Code   RO          772    i.USB_GetHostSpeed  stm32f4xx_ll_usb.o
    0x08005162   0x08005162   0x00000008   Code   RO          773    i.USB_GetMode       stm32f4xx_ll_usb.o
    0x0800516a   0x0800516a   0x000000d4   Code   RO          774    i.USB_HC_Halt       stm32f4xx_ll_usb.o
    0x0800523e   0x0800523e   0x00000002   PAD
    0x08005240   0x08005240   0x00000118   Code   RO          775    i.USB_HC_Init       stm32f4xx_ll_usb.o
    0x08005358   0x08005358   0x00000008   Code   RO          776    i.USB_HC_ReadInterrupt  stm32f4xx_ll_usb.o
    0x08005360   0x08005360   0x00000260   Code   RO          777    i.USB_HC_StartXfer  stm32f4xx_ll_usb.o
    0x080055c0   0x080055c0   0x000000d0   Code   RO          778    i.USB_HostInit      stm32f4xx_ll_usb.o
    0x08005690   0x08005690   0x00000038   Code   RO          779    i.USB_InitFSLSPClkSel  stm32f4xx_ll_usb.o
    0x080056c8   0x080056c8   0x00000010   Code   RO          780    i.USB_ReadChInterrupts  stm32f4xx_ll_usb.o
    0x080056d8   0x080056d8   0x00000008   Code   RO          785    i.USB_ReadInterrupts  stm32f4xx_ll_usb.o
    0x080056e0   0x080056e0   0x0000003e   Code   RO          786    i.USB_ReadPacket    stm32f4xx_ll_usb.o
    0x0800571e   0x0800571e   0x00000032   Code   RO          787    i.USB_ResetPort     stm32f4xx_ll_usb.o
    0x08005750   0x08005750   0x0000005c   Code   RO          788    i.USB_SetCurrentMode  stm32f4xx_ll_usb.o
    0x080057ac   0x080057ac   0x0000008a   Code   RO          793    i.USB_StopHost      stm32f4xx_ll_usb.o
    0x08005836   0x08005836   0x00000002   PAD
    0x08005838   0x08005838   0x00000028   Code   RO          794    i.USB_WritePacket   stm32f4xx_ll_usb.o
    0x08005860   0x08005860   0x00000002   Code   RO          418    i.UsageFault_Handler  stm32f4xx_it.o
    0x08005862   0x08005862   0x00000002   PAD
    0x08005864   0x08005864   0x00000020   Code   RO         4183    i.__0printf         mc_w.l(printfa.o)
    0x08005884   0x08005884   0x00000020   Code   RO         1824    i.__NVIC_SetPriority  stm32f4xx_hal_cortex.o
    0x080058a4   0x080058a4   0x0000000e   Code   RO         4281    i.__scatterload_copy  mc_w.l(handlers.o)
    0x080058b2   0x080058b2   0x00000002   Code   RO         4282    i.__scatterload_null  mc_w.l(handlers.o)
    0x080058b4   0x080058b4   0x0000000e   Code   RO         4283    i.__scatterload_zeroinit  mc_w.l(handlers.o)
    0x080058c2   0x080058c2   0x00000002   PAD
    0x080058c4   0x080058c4   0x00000184   Code   RO         4190    i._fp_digits        mc_w.l(printfa.o)
    0x08005a48   0x08005a48   0x000006dc   Code   RO         4191    i._printf_core      mc_w.l(printfa.o)
    0x08006124   0x08006124   0x00000024   Code   RO         4192    i._printf_post_padding  mc_w.l(printfa.o)
    0x08006148   0x08006148   0x0000002e   Code   RO         4193    i._printf_pre_padding  mc_w.l(printfa.o)
    0x08006176   0x08006176   0x00000002   Code   RO          247    i.assert_failed     main.o
    0x08006178   0x08006178   0x00000070   Code   RO         2696    i.check_fs          ff.o
    0x080061e8   0x080061e8   0x00000020   Code   RO         2698    i.clear_lock        ff.o
    0x08006208   0x08006208   0x0000002c   Code   RO         2641    i.disk_initialize   diskio.o
    0x08006234   0x08006234   0x0000001c   Code   RO         2642    i.disk_ioctl        diskio.o
    0x08006250   0x08006250   0x0000001c   Code   RO         2643    i.disk_read         diskio.o
    0x0800626c   0x0800626c   0x00000018   Code   RO         2644    i.disk_status       diskio.o
    0x08006284   0x08006284   0x0000001c   Code   RO         2645    i.disk_write        diskio.o
    0x080062a0   0x080062a0   0x000000d4   Code   RO         2712    i.f_getfree         ff.o
    0x08006374   0x08006374   0x00000552   Code   RO         2716    i.f_mkfs            ff.o
    0x080068c6   0x080068c6   0x00000002   PAD
    0x080068c8   0x080068c8   0x00000058   Code   RO         2717    i.f_mount           ff.o
    0x08006920   0x08006920   0x00000254   Code   RO         2731    i.find_volume       ff.o
    0x08006b74   0x08006b74   0x00000018   Code   RO          358    i.fputc             usart.o
    0x08006b8c   0x08006b8c   0x00000050   Code   RO         4211    i.free              mc_w.l(malloc.o)
    0x08006bdc   0x08006bdc   0x000000be   Code   RO         2733    i.get_fat           ff.o
    0x08006c9a   0x08006c9a   0x0000003c   Code   RO         2735    i.get_ldnumber      ff.o
    0x08006cd6   0x08006cd6   0x00000016   Code   RO         2738    i.ld_dword          ff.o
    0x08006cec   0x08006cec   0x0000000a   Code   RO         2739    i.ld_word           ff.o
    0x08006cf6   0x08006cf6   0x00000002   PAD
    0x08006cf8   0x08006cf8   0x00000070   Code   RO          249    i.main              main.o
    0x08006d68   0x08006d68   0x0000006c   Code   RO         4212    i.malloc            mc_w.l(malloc.o)
    0x08006dd4   0x08006dd4   0x00000012   Code   RO         2740    i.mem_cpy           ff.o
    0x08006de6   0x08006de6   0x00000002   PAD
    0x08006de8   0x08006de8   0x0000000e   Code   RO         2741    i.mem_set           ff.o
    0x08006df6   0x08006df6   0x00000032   Code   RO         2742    i.move_window       ff.o
    0x08006e28   0x08006e28   0x00000010   Code   RO         2748    i.st_dword          ff.o
    0x08006e38   0x08006e38   0x00000008   Code   RO         2749    i.st_word           ff.o
    0x08006e40   0x08006e40   0x00000052   Code   RO         2751    i.sync_window       ff.o
    0x08006e92   0x08006e92   0x00000010   Data   RO         2605    .constdata          system_stm32f4xx.o
    0x08006ea2   0x08006ea2   0x00000008   Data   RO         2606    .constdata          system_stm32f4xx.o
    0x08006eaa   0x08006eaa   0x0000001c   Data   RO         2754    .constdata          ff.o
    0x08006ec6   0x08006ec6   0x00000002   PAD
    0x08006ec8   0x08006ec8   0x00000014   Data   RO         3104    .constdata          usbh_diskio.o
    0x08006edc   0x08006edc   0x00000004   Data   RO         3757    .conststring        usbh_msc.o
    0x08006ee0   0x08006ee0   0x00000020   Data   RO         4279    Region$$Table       anon$$obj.o


    Execution Region RW_IRAM1 (Exec base: 0x20000000, Load base: 0x08006f00, Size: 0x000034b0, Max: 0x0001c000, ABSOLUTE)

    Exec Addr    Load Addr    Size         Type   Attr      Idx    E Section Name        Object

    0x20000000   0x08006f00   0x00000001   Data   RW          252    .data               main.o
    0x20000001   0x08006f01   0x00000005   Data   RW          523    .data               fatfs.o
    0x20000006   0x08006f06   0x00000002   PAD
    0x20000008   0x08006f08   0x0000000c   Data   RW         1973    .data               stm32f4xx_hal.o
    0x20000014   0x08006f14   0x00000004   Data   RW         2607    .data               system_stm32f4xx.o
    0x20000018   0x08006f18   0x00000008   Data   RW         2755    .data               ff.o
    0x20000020   0x08006f20   0x00000001   Data   RW         3158    .data               usb_host.o
    0x20000021   0x08006f21   0x00000003   PAD
    0x20000024   0x08006f24   0x00000020   Data   RW         3758    .data               usbh_msc.o
    0x20000044   0x08006f44   0x00000004   Data   RW         4253    .data               mc_w.l(stdout.o)
    0x20000048   0x08006f48   0x00000004   Data   RW         4260    .data               mc_w.l(mvars.o)
    0x2000004c   0x08006f4c   0x00000004   Data   RW         4261    .data               mc_w.l(mvars.o)
    0x20000050        -       0x00000800   Zero   RW           21    .bss                file_operate.o
    0x20000850        -       0x00000048   Zero   RW          359    .bss                usart.o
    0x20000898        -       0x00000230   Zero   RW          521    .bss                fatfs.o
    0x20000ac8        -       0x00000020   Zero   RW         2753    .bss                ff.o
    0x20000ae8        -       0x0000000c   Zero   RW         3029    .bss                ff_gen_drv.o
    0x20000af4        -       0x000003d8   Zero   RW         3157    .bss                usb_host.o
    0x20000ecc        -       0x000003e0   Zero   RW         3217    .bss                usbh_conf.o
    0x200012ac   0x08006f50   0x00000004   PAD
    0x200012b0        -       0x00000200   Zero   RW            2    HEAP                startup_stm32f407xx.o
    0x200014b0        -       0x00002000   Zero   RW            1    STACK               startup_stm32f407xx.o


    Execution Region RW_IRAM2 (Exec base: 0x2001c000, Load base: 0x08006f50, Size: 0x00000000, Max: 0x00004000, ABSOLUTE)

    **** No section assigned to this execution region ****


==============================================================================

Image component sizes


      Code (inc. data)   RO Data    RW Data    ZI Data      Debug   Object Name

       152         24          0          0          0       3733   diskio.o
        28         10          0          5        560       1058   fatfs.o
      2872        112         28          8         32      19563   ff.o
        70          6          0          0         12       1627   ff_gen_drv.o
       868        622          0          0       2048     685542   file_operate.o
       224         26          0          0          0       1059   gpio.o
       314         78          0          1          0       3969   main.o
        36          8        392          0       8704        832   startup_stm32f407xx.o
       180         28          0         12          0       9389   stm32f4xx_hal.o
       460        196          0          0          0      33955   stm32f4xx_hal_cortex.o
       182          0          0          0          0       2091   stm32f4xx_hal_dma.o
       764        110          0          0          0       1608   stm32f4xx_hal_gpio.o
      2924         62          0          0          0      15063   stm32f4xx_hal_hcd.o
        48          6          0          0          0        854   stm32f4xx_hal_msp.o
      1940        184          0          0          0       5424   stm32f4xx_hal_rcc.o
      2032        162          0          0          0      12116   stm32f4xx_hal_uart.o
        44         12          0          0          0       5082   stm32f4xx_it.o
      2220         46          0          0          0      19760   stm32f4xx_ll_usb.o
        16          4         24          4          0       1123   system_stm32f4xx.o
       204         26          0          0         72       2278   usart.o
       156         40          0          1        984       2354   usb_host.o
       574         22          0          0        992      14341   usbh_conf.o
      1684         20          0          0          0      11803   usbh_core.o
      1734         12          0          0          0      14770   usbh_ctlreq.o
       284         20         20          0          0       4169   usbh_diskio.o
       208          0          0          0          0       4456   usbh_ioreq.o
      1982         10          4         32          0      11501   usbh_msc.o
       764         26          0          0          0       5557   usbh_msc_bot.o
       908          0          0          0          0       6295   usbh_msc_scsi.o
       136          0          0          0          0       3938   usbh_pipes.o

    ----------------------------------------------------------------------
     24038       1872        502         68      13408     905310   Object Totals
         0          0         32          0          0          0   (incl. Generated)
        30          0          2          5          4          0   (incl. Padding)

    ----------------------------------------------------------------------

      Code (inc. data)   RO Data    RW Data    ZI Data      Debug   Library Member Name

         0          0          0          0          0          0   entry.o
         0          0          0          0          0          0   entry10a.o
         0          0          0          0          0          0   entry11a.o
         8          4          0          0          0          0   entry2.o
         4          0          0          0          0          0   entry5.o
         0          0          0          0          0          0   entry7b.o
         0          0          0          0          0          0   entry8b.o
         8          4          0          0          0          0   entry9a.o
        30          0          0          0          0          0   handlers.o
        36          8          0          0          0         68   init.o
         0          0          0          0          0          0   iusefp.o
        30          0          0          0          0         68   llshl.o
        36          0          0          0          0         68   llsshr.o
        32          0          0          0          0         68   llushr.o
       188         20          0          0          0        160   malloc.o
        36          0          0          0          0        108   memseta.o
         0          0          0          8          0          0   mvars.o
      2258         90          0          0          0        452   printfa.o
         0          0          0          4          0          0   stdout.o
        44          0          0          0          0         80   uidiv.o
        98          0          0          0          0         92   uldiv.o
        48          0          0          0          0         68   cdrcmple.o
       334          0          0          0          0        148   dadd.o
       222          0          0          0          0        100   ddiv.o
       186          0          0          0          0        176   depilogue.o
        48          0          0          0          0         68   dfixul.o
       228          0          0          0          0         96   dmul.o

    ----------------------------------------------------------------------
      3876        126          0         12          0       1820   Library Totals
         2          0          0          0          0          0   (incl. Padding)

    ----------------------------------------------------------------------

      Code (inc. data)   RO Data    RW Data    ZI Data      Debug   Library Name

      2808        126          0         12          0       1164   mc_w.l
      1066          0          0          0          0        656   mf_w.l

    ----------------------------------------------------------------------
      3876        126          0         12          0       1820   Library Totals

    ----------------------------------------------------------------------

==============================================================================


      Code (inc. data)   RO Data    RW Data    ZI Data      Debug   

     27914       1998        502         80      13408     886198   Grand Totals
     27914       1998        502         80      13408     886198   ELF Image Totals
     27914       1998        502         80          0          0   ROM Totals

==============================================================================

    Total RO  Size (Code + RO Data)                28416 (  27.75kB)
    Total RW  Size (RW Data + ZI Data)             13488 (  13.17kB)
    Total ROM Size (Code + RO Data + RW Data)      28496 (  27.83kB)

==============================================================================

