Component: ARM Compiler 5.06 update 5 (build 528) Tool: armlink [4d35e2]

==============================================================================

Section Cross References

    startup_stm32f407xx.o(RESET) refers to startup_stm32f407xx.o(STACK) for __initial_sp
    startup_stm32f407xx.o(RESET) refers to startup_stm32f407xx.o(.text) for Reset_Handler
    startup_stm32f407xx.o(RESET) refers to stm32f4xx_it.o(i.NMI_Handler) for NMI_Handler
    startup_stm32f407xx.o(RESET) refers to stm32f4xx_it.o(i.HardFault_Handler) for HardFault_Handler
    startup_stm32f407xx.o(RESET) refers to stm32f4xx_it.o(i.MemManage_Handler) for MemManage_Handler
    startup_stm32f407xx.o(RESET) refers to stm32f4xx_it.o(i.BusFault_Handler) for BusFault_Handler
    startup_stm32f407xx.o(RESET) refers to stm32f4xx_it.o(i.UsageFault_Handler) for UsageFault_Handler
    startup_stm32f407xx.o(RESET) refers to stm32f4xx_it.o(i.SVC_Handler) for SVC_Handler
    startup_stm32f407xx.o(RESET) refers to stm32f4xx_it.o(i.DebugMon_Handler) for DebugMon_Handler
    startup_stm32f407xx.o(RESET) refers to stm32f4xx_it.o(i.PendSV_Handler) for PendSV_Handler
    startup_stm32f407xx.o(RESET) refers to stm32f4xx_it.o(i.SysTick_Handler) for SysTick_Handler
    startup_stm32f407xx.o(RESET) refers to stm32f4xx_it.o(i.USART1_IRQHandler) for USART1_IRQHandler
    startup_stm32f407xx.o(RESET) refers to stm32f4xx_it.o(i.OTG_FS_IRQHandler) for OTG_FS_IRQHandler
    startup_stm32f407xx.o(.text) refers to system_stm32f4xx.o(i.SystemInit) for SystemInit
    startup_stm32f407xx.o(.text) refers to entry.o(.ARM.Collect$$$$00000000) for __main
    file_operate.o(i.FatFs_DeleteFile) refers to printfa.o(i.__0printf) for __2printf
    file_operate.o(i.FatFs_DeleteFile) refers to ff.o(i.f_open) for f_open
    file_operate.o(i.FatFs_DeleteFile) refers to ff.o(i.f_close) for f_close
    file_operate.o(i.FatFs_DeleteFile) refers to ff.o(i.f_unlink) for f_unlink
    file_operate.o(i.FatFs_GetDiskInfo) refers to ff.o(i.f_getfree) for f_getfree
    file_operate.o(i.FatFs_GetDiskInfo) refers to printfa.o(i.__0printf) for __2printf
    file_operate.o(i.FatFs_GetFileInfo) refers to printfa.o(i.__0printf) for __2printf
    file_operate.o(i.FatFs_GetFileInfo) refers to ff.o(i.f_stat) for f_stat
    file_operate.o(i.FatFs_GetFileInfo) refers to file_operate.o(i.FatFs_PrintfFileDate) for FatFs_PrintfFileDate
    file_operate.o(i.FatFs_PrintfFileDate) refers to printfa.o(i.__0printf) for __2printf
    file_operate.o(i.FatFs_ReadTXTFile) refers to printfa.o(i.__0printf) for __2printf
    file_operate.o(i.FatFs_ReadTXTFile) refers to ff.o(i.f_open) for f_open
    file_operate.o(i.FatFs_ReadTXTFile) refers to ff.o(i.f_close) for f_close
    file_operate.o(i.FatFs_ReadTXTFile) refers to ff.o(i.f_gets) for f_gets
    file_operate.o(i.FatFs_ScanDir) refers to ff.o(i.f_opendir) for f_opendir
    file_operate.o(i.FatFs_ScanDir) refers to ff.o(i.f_closedir) for f_closedir
    file_operate.o(i.FatFs_ScanDir) refers to printfa.o(i.__0printf) for __2printf
    file_operate.o(i.FatFs_ScanDir) refers to ff.o(i.f_readdir) for f_readdir
    file_operate.o(i.FatFs_WriteTXTFile) refers to printfa.o(i.__0printf) for __2printf
    file_operate.o(i.FatFs_WriteTXTFile) refers to ff.o(i.f_open) for f_open
    file_operate.o(i.FatFs_WriteTXTFile) refers to ff.o(i.f_close) for f_close
    file_operate.o(i.FatFs_WriteTXTFile) refers to memcpya.o(.text) for __aeabi_memcpy4
    file_operate.o(i.FatFs_WriteTXTFile) refers to ff.o(i.f_puts) for f_puts
    file_operate.o(i.Mount_FatFs) refers to ff.o(i.f_mount) for f_mount
    file_operate.o(i.Mount_FatFs) refers to printfa.o(i.__0printf) for __2printf
    file_operate.o(i.Mount_FatFs) refers to ff.o(i.f_mkfs) for f_mkfs
    file_operate.o(i.Mount_FatFs) refers to fatfs.o(.data) for USBHPath
    file_operate.o(i.Mount_FatFs) refers to fatfs.o(.bss) for USBHFatFS
    file_operate.o(i.Mount_FatFs) refers to file_operate.o(.bss) for .bss
    main.o(i.HAL_UART_RxCpltCallback) refers to stm32f4xx_hal_uart.o(i.HAL_UART_Transmit) for HAL_UART_Transmit
    main.o(i.HAL_UART_RxCpltCallback) refers to stm32f4xx_hal_uart.o(i.HAL_UART_GetState) for HAL_UART_GetState
    main.o(i.HAL_UART_RxCpltCallback) refers to stm32f4xx_hal_uart.o(i.HAL_UART_Receive_IT) for HAL_UART_Receive_IT
    main.o(i.HAL_UART_RxCpltCallback) refers to main.o(.data) for .data
    main.o(i.HAL_UART_RxCpltCallback) refers to usart.o(.bss) for huart1
    main.o(i.SystemClock_Config) refers to memseta.o(.text) for __aeabi_memclr4
    main.o(i.SystemClock_Config) refers to stm32f4xx_hal_rcc.o(i.HAL_RCC_OscConfig) for HAL_RCC_OscConfig
    main.o(i.SystemClock_Config) refers to stm32f4xx_hal_rcc.o(i.HAL_RCC_ClockConfig) for HAL_RCC_ClockConfig
    main.o(i.def_printf) refers to memseta.o(.text) for __aeabi_memclr4
    main.o(i.def_printf) refers to printfa.o(i.__0vsprintf) for vsprintf
    main.o(i.def_printf) refers to printfa.o(i.__0printf) for __2printf
[...]
    i.USBH_MSC_SCSI_RequestSense             0x080045ce   Section        0  usbh_msc_scsi.o(i.USBH_MSC_SCSI_RequestSense)
    i.USBH_MSC_SCSI_TestUnitReady            0x08004666   Section        0  usbh_msc_scsi.o(i.USBH_MSC_SCSI_TestUnitReady)
    i.USBH_MSC_SCSI_Write                    0x080046b4   Section        0  usbh_msc_scsi.o(i.USBH_MSC_SCSI_Write)
    i.USBH_MSC_SOFProcess                    0x0800474e   Section        0  usbh_msc.o(i.USBH_MSC_SOFProcess)
    USBH_MSC_SOFProcess                      0x0800474f   Thumb Code     4  usbh_msc.o(i.USBH_MSC_SOFProcess)
    i.USBH_MSC_UnitIsReady                   0x08004752   Section        0  usbh_msc.o(i.USBH_MSC_UnitIsReady)
    i.USBH_MSC_Write                         0x08004778   Section        0  usbh_msc.o(i.USBH_MSC_Write)
    i.USBH_OpenPipe                          0x08004812   Section        0  usbh_pipes.o(i.USBH_OpenPipe)
    i.USBH_ParseCfgDesc                      0x08004830   Section        0  usbh_ctlreq.o(i.USBH_ParseCfgDesc)
    USBH_ParseCfgDesc                        0x08004831   Thumb Code   320  usbh_ctlreq.o(i.USBH_ParseCfgDesc)
    i.USBH_ParseDevDesc                      0x08004970   Section        0  usbh_ctlreq.o(i.USBH_ParseDevDesc)
    USBH_ParseDevDesc                        0x08004971   Thumb Code   192  usbh_ctlreq.o(i.USBH_ParseDevDesc)
    i.USBH_ParseEPDesc                       0x08004a30   Section        0  usbh_ctlreq.o(i.USBH_ParseEPDesc)
    USBH_ParseEPDesc                         0x08004a31   Thumb Code   254  usbh_ctlreq.o(i.USBH_ParseEPDesc)
    i.USBH_ParseInterfaceDesc                0x08004b2e   Section        0  usbh_ctlreq.o(i.USBH_ParseInterfaceDesc)
    USBH_ParseInterfaceDesc                  0x08004b2f   Thumb Code    44  usbh_ctlreq.o(i.USBH_ParseInterfaceDesc)
    i.USBH_ParseStringDesc                   0x08004b5a   Section        0  usbh_ctlreq.o(i.USBH_ParseStringDesc)
    USBH_ParseStringDesc                     0x08004b5b   Thumb Code    52  usbh_ctlreq.o(i.USBH_ParseStringDesc)
    i.USBH_Process                           0x08004b8e   Section        0  usbh_core.o(i.USBH_Process)
    i.USBH_RegisterClass                     0x08004e12   Section        0  usbh_core.o(i.USBH_RegisterClass)
    i.USBH_SelectInterface                   0x08004e34   Section        0  usbh_core.o(i.USBH_SelectInterface)
    i.USBH_SetAddress                        0x08004e4a   Section        0  usbh_ctlreq.o(i.USBH_SetAddress)
    i.USBH_SetCfg                            0x08004e66   Section        0  usbh_ctlreq.o(i.USBH_SetCfg)
    i.USBH_SetFeature                        0x08004e82   Section        0  usbh_ctlreq.o(i.USBH_SetFeature)
    i.USBH_Start                             0x08004e9e   Section        0  usbh_core.o(i.USBH_Start)
    i.USBH_UserProcess                       0x08004eb4   Section        0  usb_host.o(i.USBH_UserProcess)
    USBH_UserProcess                         0x08004eb5   Thumb Code    58  usb_host.o(i.USBH_UserProcess)
    i.USBH_initialize                        0x08004f04   Section        0  usbh_diskio.o(i.USBH_initialize)
    i.USBH_ioctl                             0x08004f08   Section        0  usbh_diskio.o(i.USBH_ioctl)
    i.USBH_read                              0x08004f78   Section        0  usbh_diskio.o(i.USBH_read)
    i.USBH_status                            0x08004fbc   Section        0  usbh_diskio.o(i.USBH_status)
    i.USBH_write                             0x08004fd4   Section        0  usbh_diskio.o(i.USBH_write)
    i.USB_CoreInit                           0x08005020   Section        0  stm32f4xx_ll_usb.o(i.USB_CoreInit)
    i.USB_CoreReset                          0x080050a4   Section        0  stm32f4xx_ll_usb.o(i.USB_CoreReset)
    USB_CoreReset                            0x080050a5   Thumb Code    60  stm32f4xx_ll_usb.o(i.USB_CoreReset)
    i.USB_DisableGlobalInt                   0x080050e0   Section        0  stm32f4xx_ll_usb.o(i.USB_DisableGlobalInt)
    i.USB_DoPing                             0x080050ec   Section        0  stm32f4xx_ll_usb.o(i.USB_DoPing)
    i.USB_DriveVbus                          0x08005110   Section        0  stm32f4xx_ll_usb.o(i.USB_DriveVbus)
    i.USB_EnableGlobalInt                    0x0800513c   Section        0  stm32f4xx_ll_usb.o(i.USB_EnableGlobalInt)
    i.USB_FlushRxFifo                        0x08005148   Section        0  stm32f4xx_ll_usb.o(i.USB_FlushRxFifo)
    i.USB_FlushTxFifo                        0x08005180   Section        0  stm32f4xx_ll_usb.o(i.USB_FlushTxFifo)
    i.USB_GetCurrentFrame                    0x080051bc   Section        0  stm32f4xx_ll_usb.o(i.USB_GetCurrentFrame)
    i.USB_GetHostSpeed                       0x080051c4   Section        0  stm32f4xx_ll_usb.o(i.USB_GetHostSpeed)
    i.USB_GetMode                            0x080051d2   Section        0  stm32f4xx_ll_usb.o(i.USB_GetMode)
    i.USB_HC_Halt                            0x080051da   Section        0  stm32f4xx_ll_usb.o(i.USB_HC_Halt)
    i.USB_HC_Init                            0x080052b0   Section        0  stm32f4xx_ll_usb.o(i.USB_HC_Init)
    i.USB_HC_ReadInterrupt                   0x080053c8   Section        0  stm32f4xx_ll_usb.o(i.USB_HC_ReadInterrupt)
    i.USB_HC_StartXfer                       0x080053d0   Section        0  stm32f4xx_ll_usb.o(i.USB_HC_StartXfer)
    i.USB_HostInit                           0x08005630   Section        0  stm32f4xx_ll_usb.o(i.USB_HostInit)
    i.USB_InitFSLSPClkSel                    0x08005700   Section        0  stm32f4xx_ll_usb.o(i.USB_InitFSLSPClkSel)
    i.USB_ReadChInterrupts                   0x08005738   Section        0  stm32f4xx_ll_usb.o(i.USB_ReadChInterrupts)
    i.USB_ReadInterrupts                     0x08005748   Section        0  stm32f4xx_ll_usb.o(i.USB_ReadInterrupts)
    i.USB_ReadPacket                         0x08005750   Section        0  stm32f4xx_ll_usb.o(i.USB_ReadPacket)
    i.USB_ResetPort                          0x0800578e   Section        0  stm32f4xx_ll_usb.o(i.USB_ResetPort)
    i.USB_SetCurrentMode                     0x080057c0   Section        0  stm32f4xx_ll_usb.o(i.USB_SetCurrentMode)
    i.USB_StopHost                           0x0800581c   Section        0  stm32f4xx_ll_usb.o(i.USB_StopHost)
    i.USB_WritePacket                        0x080058a8   Section        0  stm32f4xx_ll_usb.o(i.USB_WritePacket)
    i.UsageFault_Handler                     0x080058d0   Section        0  stm32f4xx_it.o(i.UsageFault_Handler)
    i.__0printf                              0x080058d4   Section        0  printfa.o(i.__0printf)
    i.__NVIC_SetPriority                     0x080058f4   Section        0  stm32f4xx_hal_cortex.o(i.__NVIC_SetPriority)
    __NVIC_SetPriority                       0x080058f5   Thumb Code    32  stm32f4xx_hal_cortex.o(i.__NVIC_SetPriority)
    i.__scatterload_copy                     0x08005914   Section       14  handlers.o(i.__scatterload_copy)
    i.__scatterload_null                     0x08005922   Section        2  handlers.o(i.__scatterload_null)
    i.__scatterload_zeroinit                 0x08005924   Section       14  handlers.o(i.__scatterload_zeroinit)
    i._fp_digits                             0x08005934   Section        0  printfa.o(i._fp_digits)
    _fp_digits                               0x08005935   Thumb Code   366  printfa.o(i._fp_digits)
    i._printf_core                           0x08005ab8   Section        0  printfa.o(i._printf_core)
    _printf_core                             0x08005ab9   Thumb Code  1744  printfa.o(i._printf_core)
    i._printf_post_padding                   0x08006194   Section        0  printfa.o(i._printf_post_padding)
    _printf_post_padding                     0x08006195   Thumb Code    36  printfa.o(i._printf_post_padding)
    i._printf_pre_padding                    0x080061b8   Section        0  printfa.o(i._printf_pre_padding)
    _printf_pre_padding                      0x080061b9   Thumb Code    46  printfa.o(i._printf_pre_padding)
    i.assert_failed                          0x080061e6   Section        0  main.o(i.assert_failed)
    i.check_fs                               0x080061e8   Section        0  ff.o(i.check_fs)
    check_fs                                 0x080061e9   Thumb Code   102  ff.o(i.check_fs)
    i.clear_lock                             0x08006258   Section        0  ff.o(i.clear_lock)
    clear_lock                               0x08006259   Thumb Code    28  ff.o(i.clear_lock)
    i.disk_initialize                        0x08006278   Section        0  diskio.o(i.disk_initialize)
    i.disk_ioctl                             0x080062a4   Section        0  diskio.o(i.disk_ioctl)
    i.disk_read                              0x080062c0   Section        0  diskio.o(i.disk_read)
    i.disk_status                            0x080062dc   Section        0  diskio.o(i.disk_status)
    i.disk_write                             0x080062f4   Section        0  diskio.o(i.disk_write)
    i.f_getfree                              0x08006310   Section        0  ff.o(i.f_getfree)
    i.f_mkfs                                 0x080063e4   Section        0  ff.o(i.f_mkfs)
    i.f_mount                                0x08006938   Section        0  ff.o(i.f_mount)
    i.find_volume                            0x08006990   Section        0  ff.o(i.find_volume)
    find_volume                              0x08006991   Thumb Code   582  ff.o(i.find_volume)
    i.flex_button_process                    0x08006be4   Section        0  flexible_button.o(i.flex_button_process)
    flex_button_process                      0x08006be5   Thumb Code   410  flexible_button.o(i.flex_button_process)
    i.flex_button_register                   0x08006d84   Section        0  flexible_button.o(i.flex_button_register)
    i.flex_button_scan                       0x08006ddc   Section        0  flexible_button.o(i.flex_button_scan)
    i.fputc                                  0x08006e18   Section        0  usart.o(i.fputc)
    i.free                                   0x08006e30   Section        0  malloc.o(i.free)
    i.get_fat                                0x08006e80   Section        0  ff.o(i.get_fat)
    get_fat                                  0x08006e81   Thumb Code   190  ff.o(i.get_fat)
    i.get_ldnumber                           0x08006f3e   Section        0  ff.o(i.get_ldnumber)
    get_ldnumber                             0x08006f3f   Thumb Code    60  ff.o(i.get_ldnumber)
    i.ld_dword                               0x08006f7a   Section        0  ff.o(i.ld_dword)
    ld_dword                                 0x08006f7b   Thumb Code    22  ff.o(i.ld_dword)
    i.ld_word                                0x08006f90   Section        0  ff.o(i.ld_word)
    ld_word                                  0x08006f91   Thumb Code    10  ff.o(i.ld_word)
    i.main                                   0x08006f9c   Section        0  main.o(i.main)
    i.malloc                                 0x08007018   Section        0  malloc.o(i.malloc)
    i.mem_cpy                                0x08007084   Section        0  ff.o(i.mem_cpy)
    mem_cpy                                  0x08007085   Thumb Code    18  ff.o(i.mem_cpy)
    i.mem_set                                0x08007098   Section        0  ff.o(i.mem_set)
    mem_set                                  0x08007099   Thumb Code    14  ff.o(i.mem_set)
    i.move_window                            0x080070a6   Section        0  ff.o(i.move_window)
    move_window                              0x080070a7   Thumb Code    50  ff.o(i.move_window)
    i.register_key                           0x080070d8   Section        0  main.o(i.register_key)
    i.st_dword                               0x08007120   Section        0  ff.o(i.st_dword)
    st_dword                                 0x08007121   Thumb Code    16  ff.o(i.st_dword)
    i.st_word                                0x08007130   Section        0  ff.o(i.st_word)
    st_word                                  0x08007131   Thumb Code     8  ff.o(i.st_word)
    i.sync_window                            0x08007138   Section        0  ff.o(i.sync_window)
    sync_window                              0x08007139   Thumb Code    82  ff.o(i.sync_window)
    i.u8KeyRead                              0x0800718c   Section        0  main.o(i.u8KeyRead)
    u8KeyRead                                0x0800718d   Thumb Code     8  main.o(i.u8KeyRead)
    i.vKeyEvtCb                              0x08007198   Section        0  main.o(i.vKeyEvtCb)
    vKeyEvtCb                                0x08007199   Thumb Code    82  main.o(i.vKeyEvtCb)
    .constdata                               0x08007254   Section       16  system_stm32f4xx.o(.constdata)
    .constdata                               0x08007264   Section        8  system_stm32f4xx.o(.constdata)
    .constdata                               0x0800726c   Section       28  ff.o(.constdata)
    cst                                      0x0800726c   Data          14  ff.o(.constdata)
    cst32                                    0x0800727a   Data          14  ff.o(.constdata)
    .constdata                               0x08007288   Section       20  usbh_diskio.o(.constdata)
    .conststring                             0x0800729c   Section      331  main.o(.conststring)
    .conststring                             0x080073e8   Section        4  usbh_msc.o(.conststring)
    .data                                    0x20000000   Section       60  main.o(.data)
    enum_btn_id_string                       0x20000004   Data           8  main.o(.data)
    enum_event_string                        0x2000000c   Data          48  main.o(.data)
    .data                                    0x2000003c   Section       16  flexible_button.o(.data)
    button_cnt                               0x2000003c   Data           1  flexible_button.o(.data)
    btn_head                                 0x20000040   Data           4  flexible_button.o(.data)
    .data                                    0x2000004c   Section        5  fatfs.o(.data)
    .data                                    0x20000054   Section       12  stm32f4xx_hal.o(.data)
    .data                                    0x20000060   Section        4  system_stm32f4xx.o(.data)
    .data                                    0x20000064   Section        8  ff.o(.data)
    Fsid                                     0x20000064   Data           2  ff.o(.data)
    FatFs                                    0x20000068   Data           4  ff.o(.data)
    .data                                    0x2000006c   Section        1  usb_host.o(.data)
    .data                                    0x20000070   Section       32  usbh_msc.o(.data)
    .data                                    0x20000090   Section        4  stdout.o(.data)
    .data                                    0x20000094   Section        4  mvars.o(.data)
    .data                                    0x20000098   Section        4  mvars.o(.data)
    .bss                                     0x2000009c   Section     2048  file_operate.o(.bss)
    .bss                                     0x2000089c   Section       28  main.o(.bss)
    keyGroup                                 0x2000089c   Data          28  main.o(.bss)
    .bss                                     0x200008b8   Section       72  usart.o(.bss)
    .bss                                     0x20000900   Section      560  fatfs.o(.bss)
    .bss                                     0x20000b30   Section       32  ff.o(.bss)
    Files                                    0x20000b30   Data          32  ff.o(.bss)
    .bss                                     0x20000b50   Section       12  ff_gen_drv.o(.bss)
    .bss                                     0x20000b5c   Section      984  usb_host.o(.bss)
    .bss                                     0x20000f34   Section      992  usbh_conf.o(.bss)
    HEAP                                     0x20001318   Section      512  startup_stm32f407xx.o(HEAP)
    STACK                                    0x20001518   Section     8192  startup_stm32f407xx.o(STACK)

    Global Symbols

    Symbol Name                              Value     Ov Type        Size  Object(Section)

    BuildAttributes$$THM_ISAv4$E$P$D$K$B$S$7EM$VFPi3$EXTD16$VFPS$VFMA$PE$A:L22UL41UL21$X:L11$S22US41US21$IEEE1$IW$USESV6$~STKCKD$USESV7$~SHL$OTIME$ROPI$EBA8$MICROLIB$REQ8$PRES8$EABIv2 0x00000000   Number         0  anon$$obj.o ABSOLUTE
    __ARM_use_no_argv                        0x00000000   Number         0  main.o ABSOLUTE
    _printf_a                                0x00000000   Number         0  stubs.o ABSOLUTE
    _printf_c                                0x00000000   Number         0  stubs.o ABSOLUTE
    _printf_charcount                        0x00000000   Number         0  stubs.o ABSOLUTE
    _printf_d                                0x00000000   Number         0  stubs.o ABSOLUTE
    _printf_e                                0x00000000   Number         0  stubs.o ABSOLUTE
    _printf_f                                0x00000000   Number         0  stubs.o ABSOLUTE
    _printf_flags                            0x00000000   Number         0  stubs.o ABSOLUTE
    _printf_fp_dec                           0x00000000   Number         0  stubs.o ABSOLUTE
    _printf_fp_hex                           0x00000000   Number         0  stubs.o ABSOLUTE
    _printf_g                                0x00000000   Number         0  stubs.o ABSOLUTE
    _printf_i                                0x00000000   Number         0  stubs.o ABSOLUTE
    _printf_int_dec                          0x00000000   Number         0  stubs.o ABSOLUTE
    _printf_l                                0x00000000   Number         0  stubs.o ABSOLUTE
    _printf_lc                               0x00000000   Number         0  stubs.o ABSOLUTE
    _printf_ll                               0x00000000   Number         0  stubs.o ABSOLUTE
    _printf_lld                              0x00000000   Number         0  stubs.o ABSOLUTE
    _printf_lli                              0x00000000   Number         0  stubs.o ABSOLUTE
    _printf_llo                              0x00000000   Number         0  stubs.o ABSOLUTE
    _printf_llu                              0x00000000   Number         0  stubs.o ABSOLUTE
    _printf_llx                              0x00000000   Number         0  stubs.o ABSOLUTE
    _printf_longlong_dec                     0x00000000   Number         0  stubs.o ABSOLUTE
    _printf_longlong_hex                     0x00000000   Number         0  stubs.o ABSOLUTE
    _printf_longlong_oct                     0x00000000   Number         0  stubs.o ABSOLUTE
    _printf_ls                               0x00000000   Number         0  stubs.o ABSOLUTE
    _printf_mbtowc                           0x00000000   Number         0  stubs.o ABSOLUTE
    _printf_n                                0x00000000   Number         0  stubs.o ABSOLUTE
    _printf_o                                0x00000000   Number         0  stubs.o ABSOLUTE
    _printf_p                                0x00000000   Number         0  stubs.o ABSOLUTE
    _printf_percent                          0x00000000   Number         0  stubs.o ABSOLUTE
    _printf_pre_padding                      0x00000000   Number         0  stubs.o ABSOLUTE
    _printf_return_value                     0x00000000   Number         0  stubs.o ABSOLUTE
    _printf_s                                0x00000000   Number         0  stubs.o ABSOLUTE
    _printf_sizespec                         0x00000000   Number         0  stubs.o ABSOLUTE
    _printf_str                              0x00000000   Number         0  stubs.o ABSOLUTE
    _printf_truncate_signed                  0x00000000   Number         0  stubs.o ABSOLUTE
    _printf_truncate_unsigned                0x00000000   Number         0  stubs.o ABSOLUTE
    _printf_u                                0x00000000   Number         0  stubs.o ABSOLUTE
    _printf_wc                               0x00000000   Number         0  stubs.o ABSOLUTE
    _printf_wctomb                           0x00000000   Number         0  stubs.o ABSOLUTE
    _printf_widthprec                        0x00000000   Number         0  stubs.o ABSOLUTE
    _printf_x                                0x00000000   Number         0  stubs.o ABSOLUTE
    __cpp_initialize__aeabi_                  - Undefined Weak Reference
    __cxa_finalize                            - Undefined Weak Reference
    __decompress                              - Undefined Weak Reference
    _clock_init                               - Undefined Weak Reference
    _microlib_exit                            - Undefined Weak Reference
    __Vectors_Size                           0x00000188   Number         0  startup_stm32f407xx.o ABSOLUTE
    __Vectors                                0x08000000   Data           4  startup_stm32f407xx.o(RESET)
    __Vectors_End                            0x08000188   Data           0  startup_stm32f407xx.o(RESET)
    __main                                   0x08000189   Thumb Code     0  entry.o(.ARM.Collect$$$$00000000)
    _main_stk                                0x08000189   Thumb Code     0  entry2.o(.ARM.Collect$$$$00000001)
    _main_scatterload                        0x0800018d   Thumb Code     0  entry5.o(.ARM.Collect$$$$00000004)
    __main_after_scatterload                 0x08000191   Thumb Code     0  entry5.o(.ARM.Collect$$$$00000004)
    _main_clock                              0x08000191   Thumb Code     0  entry7b.o(.ARM.Collect$$$$00000008)
    _main_cpp_init                           0x08000191   Thumb Code     0  entry8b.o(.ARM.Collect$$$$0000000A)
    _main_init                               0x08000191   Thumb Code     0  entry9a.o(.ARM.Collect$$$$0000000B)
    __rt_final_cpp                           0x08000199   Thumb Code     0  entry10a.o(.ARM.Collect$$$$0000000D)
    __rt_final_exit                          0x08000199   Thumb Code     0  entry11a.o(.ARM.Collect$$$$0000000F)
    Reset_Handler                            0x0800019d   Thumb Code     8  startup_stm32f407xx.o(.text)
    ADC_IRQHandler                           0x080001b7   Thumb Code     0  startup_stm32f407xx.o(.text)
    CAN1_RX0_IRQHandler                      0x080001b7   Thumb Code     0  startup_stm32f407xx.o(.text)
    CAN1_RX1_IRQHandler                      0x080001b7   Thumb Code     0  startup_stm32f407xx.o(.text)
    CAN1_SCE_IRQHandler                      0x080001b7   Thumb Code     0  startup_stm32f407xx.o(.text)
    CAN1_TX_IRQHandler                       0x080001b7   Thumb Code     0  startup_stm32f407xx.o(.text)
    CAN2_RX0_IRQHandler                      0x080001b7   Thumb Code     0  startup_stm32f407xx.o(.text)
    CAN2_RX1_IRQHandler                      0x080001b7   Thumb Code     0  startup_stm32f407xx.o(.text)
    CAN2_SCE_IRQHandler                      0x080001b7   Thumb Code     0  startup_stm32f407xx.o(.text)
    CAN2_TX_IRQHandler                       0x080001b7   Thumb Code     0  startup_stm32f407xx.o(.text)
    DCMI_IRQHandler                          0x080001b7   Thumb Code     0  startup_stm32f407xx.o(.text)
    DMA1_Stream0_IRQHandler                  0x080001b7   Thumb Code     0  startup_stm32f407xx.o(.text)
    DMA1_Stream1_IRQHandler                  0x080001b7   Thumb Code     0  startup_stm32f407xx.o(.text)
    DMA1_Stream2_IRQHandler                  0x080001b7   Thumb Code     0  startup_stm32f407xx.o(.text)
    DMA1_Stream3_IRQHandler                  0x080001b7   Thumb Code     0  startup_stm32f407xx.o(.text)
    DMA1_Stream4_IRQHandler                  0x080001b7   Thumb Code     0  startup_stm32f407xx.o(.text)
    DMA1_Stream5_IRQHandler                  0x080001b7   Thumb Code     0  startup_stm32f407xx.o(.text)
    DMA1_Stream6_IRQHandler                  0x080001b7   Thumb Code     0  startup_stm32f407xx.o(.text)
    DMA1_Stream7_IRQHandler                  0x080001b7   Thumb Code     0  startup_stm32f407xx.o(.text)
    DMA2_Stream0_IRQHandler                  0x080001b7   Thumb Code     0  startup_stm32f407xx.o(.text)
    DMA2_Stream1_IRQHandler                  0x080001b7   Thumb Code     0  startup_stm32f407xx.o(.text)
    DMA2_Stream2_IRQHandler                  0x080001b7   Thumb Code     0  startup_stm32f407xx.o(.text)
    DMA2_Stream3_IRQHandler                  0x080001b7   Thumb Code     0  startup_stm32f407xx.o(.text)
    DMA2_Stream4_IRQHandler                  0x080001b7   Thumb Code     0  startup_stm32f407xx.o(.text)
    DMA2_Stream5_IRQHandler                  0x080001b7   Thumb Code     0  startup_stm32f407xx.o(.text)
    DMA2_Stream6_IRQHandler                  0x080001b7   Thumb Code     0  startup_stm32f407xx.o(.text)
    DMA2_Stream7_IRQHandler                  0x080001b7   Thumb Code     0  startup_stm32f407xx.o(.text)
    ETH_IRQHandler                           0x080001b7   Thumb Code     0  startup_stm32f407xx.o(.text)
    ETH_WKUP_IRQHandler                      0x080001b7   Thumb Code     0  startup_stm32f407xx.o(.text)
    EXTI0_IRQHandler                         0x080001b7   Thumb Code     0  startup_stm32f407xx.o(.text)
    EXTI15_10_IRQHandler                     0x080001b7   Thumb Code     0  startup_stm32f407xx.o(.text)
    EXTI1_IRQHandler                         0x080001b7   Thumb Code     0  startup_stm32f407xx.o(.text)
    EXTI2_IRQHandler                         0x080001b7   Thumb Code     0  startup_stm32f407xx.o(.text)
    EXTI3_IRQHandler                         0x080001b7   Thumb Code     0  startup_stm32f407xx.o(.text)
    EXTI4_IRQHandler                         0x080001b7   Thumb Code     0  startup_stm32f407xx.o(.text)
    EXTI9_5_IRQHandler                       0x080001b7   Thumb Code     0  startup_stm32f407xx.o(.text)
    FLASH_IRQHandler                         0x080001b7   Thumb Code     0  startup_stm32f407xx.o(.text)
    FMC_IRQHandler                           0x080001b7   Thumb Code     0  startup_stm32f407xx.o(.text)
    FPU_IRQHandler                           0x080001b7   Thumb Code     0  startup_stm32f407xx.o(.text)
    HASH_RNG_IRQHandler                      0x080001b7   Thumb Code     0  startup_stm32f407xx.o(.text)
    I2C1_ER_IRQHandler                       0x080001b7   Thumb Code     0  startup_stm32f407xx.o(.text)
    I2C1_EV_IRQHandler                       0x080001b7   Thumb Code     0  startup_stm32f407xx.o(.text)
    I2C2_ER_IRQHandler                       0x080001b7   Thumb Code     0  startup_stm32f407xx.o(.text)
    I2C2_EV_IRQHandler                       0x080001b7   Thumb Code     0  startup_stm32f407xx.o(.text)
    I2C3_ER_IRQHandler                       0x080001b7   Thumb Code     0  startup_stm32f407xx.o(.text)
    I2C3_EV_IRQHandler                       0x080001b7   Thumb Code     0  startup_stm32f407xx.o(.text)
    OTG_FS_WKUP_IRQHandler                   0x080001b7   Thumb Code     0  startup_stm32f407xx.o(.text)
    OTG_HS_EP1_IN_IRQHandler                 0x080001b7   Thumb Code     0  startup_stm32f407xx.o(.text)
    OTG_HS_EP1_OUT_IRQHandler                0x080001b7   Thumb Code     0  startup_stm32f407xx.o(.text)
    OTG_HS_IRQHandler                        0x080001b7   Thumb Code     0  startup_stm32f407xx.o(.text)
    OTG_HS_WKUP_IRQHandler                   0x080001b7   Thumb Code     0  startup_stm32f407xx.o(.text)
    PVD_IRQHandler                           0x080001b7   Thumb Code     0  startup_stm32f407xx.o(.text)
    RCC_IRQHandler                           0x080001b7   Thumb Code     0  startup_stm32f407xx.o(.text)
    RTC_Alarm_IRQHandler                     0x080001b7   Thumb Code     0  startup_stm32f407xx.o(.text)
    RTC_WKUP_IRQHandler                      0x080001b7   Thumb Code     0  startup_stm32f407xx.o(.text)
    SDIO_IRQHandler                          0x080001b7   Thumb Code     0  startup_stm32f407xx.o(.text)
    SPI1_IRQHandler                          0x080001b7   Thumb Code     0  startup_stm32f407xx.o(.text)
    SPI2_IRQHandler                          0x080001b7   Thumb Code     0  startup_stm32f407xx.o(.text)
    SPI3_IRQHandler                          0x080001b7   Thumb Code     0  startup_stm32f407xx.o(.text)
    TAMP_STAMP_IRQHandler                    0x080001b7   Thumb Code     0  startup_stm32f407xx.o(.text)
    TIM1_BRK_TIM9_IRQHandler                 0x080001b7   Thumb Code     0  startup_stm32f407xx.o(.text)
    TIM1_CC_IRQHandler                       0x080001b7   Thumb Code     0  startup_stm32f407xx.o(.text)
    TIM1_TRG_COM_TIM11_IRQHandler            0x080001b7   Thumb Code     0  startup_stm32f407xx.o(.text)
    TIM1_UP_TIM10_IRQHandler                 0x080001b7   Thumb Code     0  startup_stm32f407xx.o(.text)
    TIM2_IRQHandler                          0x080001b7   Thumb Code     0  startup_stm32f407xx.o(.text)
    TIM3_IRQHandler                          0x080001b7   Thumb Code     0  startup_stm32f407xx.o(.text)
    TIM4_IRQHandler                          0x080001b7   Thumb Code     0  startup_stm32f407xx.o(.text)
    TIM5_IRQHandler                          0x080001b7   Thumb Code     0  startup_stm32f407xx.o(.text)
    TIM6_DAC_IRQHandler                      0x080001b7   Thumb Code     0  startup_stm32f407xx.o(.text)
    TIM7_IRQHandler                          0x080001b7   Thumb Code     0  startup_stm32f407xx.o(.text)
    TIM8_BRK_TIM12_IRQHandler                0x080001b7   Thumb Code     0  startup_stm32f407xx.o(.text)
    TIM8_CC_IRQHandler                       0x080001b7   Thumb Code     0  startup_stm32f407xx.o(.text)
    TIM8_TRG_COM_TIM14_IRQHandler            0x080001b7   Thumb Code     0  startup_stm32f407xx.o(.text)
    TIM8_UP_TIM13_IRQHandler                 0x080001b7   Thumb Code     0  startup_stm32f407xx.o(.text)
    UART4_IRQHandler                         0x080001b7   Thumb Code     0  startup_stm32f407xx.o(.text)
    UART5_IRQHandler                         0x080001b7   Thumb Code     0  startup_stm32f407xx.o(.text)
    USART2_IRQHandler                        0x080001b7   Thumb Code     0  startup_stm32f407xx.o(.text)
    USART3_IRQHandler                        0x080001b7   Thumb Code     0  startup_stm32f407xx.o(.text)
    USART6_IRQHandler                        0x080001b7   Thumb Code     0  startup_stm32f407xx.o(.text)
    WWDG_IRQHandler                          0x080001b7   Thumb Code     0  startup_stm32f407xx.o(.text)
    __aeabi_uldivmod                         0x080001c1   Thumb Code    98  uldiv.o(.text)
    __aeabi_memset                           0x08000223   Thumb Code    14  memseta.o(.text)
    __aeabi_memset4                          0x08000223   Thumb Code     0  memseta.o(.text)
    __aeabi_memset8                          0x08000223   Thumb Code     0  memseta.o(.text)
    __aeabi_memclr                           0x08000231   Thumb Code     4  memseta.o(.text)
    __aeabi_memclr4                          0x08000231   Thumb Code     0  memseta.o(.text)
    __aeabi_memclr8                          0x08000231   Thumb Code     0  memseta.o(.text)
    _memset$wrapper                          0x08000235   Thumb Code    18  memseta.o(.text)
    __aeabi_uidiv                            0x08000247   Thumb Code     0  uidiv.o(.text)
    __aeabi_uidivmod                         0x08000247   Thumb Code    44  uidiv.o(.text)
    __aeabi_llsl                             0x08000273   Thumb Code    30  llshl.o(.text)
    _ll_shift_l                              0x08000273   Thumb Code     0  llshl.o(.text)
    __aeabi_llsr                             0x08000291   Thumb Code    32  llushr.o(.text)
    _ll_ushift_r                             0x08000291   Thumb Code     0  llushr.o(.text)
    __I$use$fp                               0x080002b1   Thumb Code     0  iusefp.o(.text)
    __aeabi_dadd                             0x080002b1   Thumb Code   322  dadd.o(.text)
    __aeabi_dsub                             0x080003f3   Thumb Code     6  dadd.o(.text)
    __aeabi_drsub                            0x080003f9   Thumb Code     6  dadd.o(.text)
    __aeabi_dmul                             0x080003ff   Thumb Code   228  dmul.o(.text)
    __aeabi_ddiv                             0x080004e3   Thumb Code   222  ddiv.o(.text)
    __aeabi_d2ulz                            0x080005c1   Thumb Code    48  dfixul.o(.text)
    __aeabi_cdrcmple                         0x080005f1   Thumb Code    48  cdrcmple.o(.text)
    __scatterload                            0x08000621   Thumb Code    28  init.o(.text)
    __scatterload_rt2                        0x08000621   Thumb Code     0  init.o(.text)
    __aeabi_lasr                             0x08000645   Thumb Code    36  llsshr.o(.text)
    _ll_sshift_r                             0x08000645   Thumb Code     0  llsshr.o(.text)
    _double_round                            0x08000669   Thumb Code    30  depilogue.o(.text)
    _double_epilogue                         0x08000687   Thumb Code   156  depilogue.o(.text)
    BusFault_Handler                         0x08000723   Thumb Code     2  stm32f4xx_it.o(i.BusFault_Handler)
    DebugMon_Handler                         0x080007a7   Thumb Code     2  stm32f4xx_it.o(i.DebugMon_Handler)
    Error_Handler                            0x080007a9   Thumb Code     4  main.o(i.Error_Handler)
    FATFS_LinkDriver                         0x080007ad   Thumb Code     6  ff_gen_drv.o(i.FATFS_LinkDriver)
    FATFS_LinkDriverEx                       0x080007b5   Thumb Code    58  ff_gen_drv.o(i.FATFS_LinkDriverEx)
    FatFs_GetDiskInfo                        0x080007f5   Thumb Code   146  file_operate.o(i.FatFs_GetDiskInfo)
    HAL_DMA_Abort                            0x080009e9   Thumb Code   146  stm32f4xx_hal_dma.o(i.HAL_DMA_Abort)
    HAL_DMA_Abort_IT                         0x08000a7b   Thumb Code    36  stm32f4xx_hal_dma.o(i.HAL_DMA_Abort_IT)
    HAL_Delay                                0x08000aa1   Thumb Code    32  stm32f4xx_hal.o(i.HAL_Delay)
    HAL_GPIO_Init                            0x08000ac5   Thumb Code   654  stm32f4xx_hal_gpio.o(i.HAL_GPIO_Init)
    HAL_GPIO_ReadPin                         0x08000dc1   Thumb Code    28  stm32f4xx_hal_gpio.o(i.HAL_GPIO_ReadPin)
    HAL_GetTick                              0x08000e19   Thumb Code     6  stm32f4xx_hal.o(i.HAL_GetTick)
    HAL_HCD_Connect_Callback                 0x08000e25   Thumb Code     8  usbh_conf.o(i.HAL_HCD_Connect_Callback)
    HAL_HCD_Disconnect_Callback              0x08000e2d   Thumb Code     8  usbh_conf.o(i.HAL_HCD_Disconnect_Callback)
    HAL_HCD_GetCurrentFrame                  0x08000e35   Thumb Code     6  stm32f4xx_hal_hcd.o(i.HAL_HCD_GetCurrentFrame)
    HAL_HCD_GetCurrentSpeed                  0x08000e3b   Thumb Code     6  stm32f4xx_hal_hcd.o(i.HAL_HCD_GetCurrentSpeed)
    HAL_HCD_HC_ClearHubInfo                  0x08000e41   Thumb Code    24  stm32f4xx_hal_hcd.o(i.HAL_HCD_HC_ClearHubInfo)
    HAL_HCD_HC_GetURBState                   0x08000e59   Thumb Code    14  stm32f4xx_hal_hcd.o(i.HAL_HCD_HC_GetURBState)
    HAL_HCD_HC_GetXferCount                  0x08000e67   Thumb Code    12  stm32f4xx_hal_hcd.o(i.HAL_HCD_HC_GetXferCount)
    HAL_HCD_HC_Halt                          0x08000e73   Thumb Code    36  stm32f4xx_hal_hcd.o(i.HAL_HCD_HC_Halt)
    HAL_HCD_HC_Init                          0x08000e97   Thumb Code   156  stm32f4xx_hal_hcd.o(i.HAL_HCD_HC_Init)
    HAL_HCD_HC_NotifyURBChange_Callback      0x08000f33   Thumb Code     2  usbh_conf.o(i.HAL_HCD_HC_NotifyURBChange_Callback)
    HAL_HCD_HC_SubmitRequest                 0x08000f35   Thumb Code   154  stm32f4xx_hal_hcd.o(i.HAL_HCD_HC_SubmitRequest)
    HAL_HCD_IRQHandler                       0x08000fd1   Thumb Code   322  stm32f4xx_hal_hcd.o(i.HAL_HCD_IRQHandler)
    HAL_HCD_Init                             0x08001115   Thumb Code   134  stm32f4xx_hal_hcd.o(i.HAL_HCD_Init)
    HAL_HCD_MspInit                          0x080011d9   Thumb Code   116  usbh_conf.o(i.HAL_HCD_MspInit)
    HAL_HCD_PortDisabled_Callback            0x0800125d   Thumb Code     8  usbh_conf.o(i.HAL_HCD_PortDisabled_Callback)
    HAL_HCD_PortEnabled_Callback             0x08001265   Thumb Code     8  usbh_conf.o(i.HAL_HCD_PortEnabled_Callback)
    HAL_HCD_ResetPort                        0x0800126d   Thumb Code     6  stm32f4xx_hal_hcd.o(i.HAL_HCD_ResetPort)
    HAL_HCD_SOF_Callback                     0x08001273   Thumb Code     8  usbh_conf.o(i.HAL_HCD_SOF_Callback)
    HAL_HCD_Start                            0x0800127b   Thumb Code    44  stm32f4xx_hal_hcd.o(i.HAL_HCD_Start)
    HAL_HCD_Stop                             0x080012a7   Thumb Code    36  stm32f4xx_hal_hcd.o(i.HAL_HCD_Stop)
    HAL_IncTick                              0x080012cd   Thumb Code    12  stm32f4xx_hal.o(i.HAL_IncTick)
    HAL_Init                                 0x080012dd   Thumb Code    48  stm32f4xx_hal.o(i.HAL_Init)
    HAL_InitTick                             0x08001311   Thumb Code    54  stm32f4xx_hal.o(i.HAL_InitTick)
    HAL_MspInit                              0x08001351   Thumb Code    42  stm32f4xx_hal_msp.o(i.HAL_MspInit)
    HAL_NVIC_EnableIRQ                       0x08001381   Thumb Code    40  stm32f4xx_hal_cortex.o(i.HAL_NVIC_EnableIRQ)
    HAL_NVIC_SetPriority                     0x080013e5   Thumb Code    94  stm32f4xx_hal_cortex.o(i.HAL_NVIC_SetPriority)
    HAL_NVIC_SetPriorityGrouping             0x08001485   Thumb Code    58  stm32f4xx_hal_cortex.o(i.HAL_NVIC_SetPriorityGrouping)
    HAL_RCC_ClockConfig                      0x08001505   Thumb Code   512  stm32f4xx_hal_rcc.o(i.HAL_RCC_ClockConfig)
    HAL_RCC_GetPCLK1Freq                     0x08001751   Thumb Code    20  stm32f4xx_hal_rcc.o(i.HAL_RCC_GetPCLK1Freq)
    HAL_RCC_GetPCLK2Freq                     0x08001771   Thumb Code    20  stm32f4xx_hal_rcc.o(i.HAL_RCC_GetPCLK2Freq)
    HAL_RCC_GetSysClockFreq                  0x08001791   Thumb Code    88  stm32f4xx_hal_rcc.o(i.HAL_RCC_GetSysClockFreq)
    HAL_RCC_OscConfig                        0x080017f1   Thumb Code  1192  stm32f4xx_hal_rcc.o(i.HAL_RCC_OscConfig)
    HAL_SYSTICK_Config                       0x08001c99   Thumb Code    40  stm32f4xx_hal_cortex.o(i.HAL_SYSTICK_Config)
    HAL_UARTEx_RxEventCallback               0x08001cc1   Thumb Code     2  stm32f4xx_hal_uart.o(i.HAL_UARTEx_RxEventCallback)
    HAL_UART_ErrorCallback                   0x08001cc3   Thumb Code     2  stm32f4xx_hal_uart.o(i.HAL_UART_ErrorCallback)
    HAL_UART_GetState                        0x08001cc5   Thumb Code    10  stm32f4xx_hal_uart.o(i.HAL_UART_GetState)
    HAL_UART_IRQHandler                      0x08001cd1   Thumb Code   618  stm32f4xx_hal_uart.o(i.HAL_UART_IRQHandler)
    HAL_UART_Init                            0x08001f41   Thumb Code   248  stm32f4xx_hal_uart.o(i.HAL_UART_Init)
    HAL_UART_MspInit                         0x0800208d   Thumb Code   110  usart.o(i.HAL_UART_MspInit)
    HAL_UART_Receive_IT                      0x08002109   Thumb Code    28  stm32f4xx_hal_uart.o(i.HAL_UART_Receive_IT)
    HAL_UART_RxCpltCallback                  0x08002125   Thumb Code    40  main.o(i.HAL_UART_RxCpltCallback)
    HAL_UART_Transmit                        0x08002155   Thumb Code   160  stm32f4xx_hal_uart.o(i.HAL_UART_Transmit)
    HAL_UART_TxCpltCallback                  0x080021f5   Thumb Code     2  stm32f4xx_hal_uart.o(i.HAL_UART_TxCpltCallback)
    HardFault_Handler                        0x0800296f   Thumb Code     2  stm32f4xx_it.o(i.HardFault_Handler)
    MX_FATFS_Init                            0x08002971   Thumb Code    18  fatfs.o(i.MX_FATFS_Init)
    MX_GPIO_Init                             0x0800298d   Thumb Code   224  gpio.o(i.MX_GPIO_Init)
    MX_USART1_UART_Init                      0x08002a85   Thumb Code    48  usart.o(i.MX_USART1_UART_Init)
    MX_USB_HOST_Init                         0x08002abd   Thumb Code    52  usb_host.o(i.MX_USB_HOST_Init)
    MX_USB_HOST_Process                      0x08002afd   Thumb Code     6  usb_host.o(i.MX_USB_HOST_Process)
    MemManage_Handler                        0x08002b09   Thumb Code     2  stm32f4xx_it.o(i.MemManage_Handler)
    Mount_FatFs                              0x08002b0d   Thumb Code   100  file_operate.o(i.Mount_FatFs)
    NMI_Handler                              0x08002c7d   Thumb Code     2  stm32f4xx_it.o(i.NMI_Handler)
    OTG_FS_IRQHandler                        0x08002c81   Thumb Code     6  stm32f4xx_it.o(i.OTG_FS_IRQHandler)
    PendSV_Handler                           0x08002c8d   Thumb Code     2  stm32f4xx_it.o(i.PendSV_Handler)
    SVC_Handler                              0x08002c8f   Thumb Code     2  stm32f4xx_it.o(i.SVC_Handler)
    SysTick_Handler                          0x08002c91   Thumb Code     4  stm32f4xx_it.o(i.SysTick_Handler)
    SystemClock_Config                       0x08002c95   Thumb Code   140  main.o(i.SystemClock_Config)
    SystemInit                               0x08002d29   Thumb Code    12  system_stm32f4xx.o(i.SystemInit)
    UART_Start_Receive_IT                    0x08002ff9   Thumb Code    54  stm32f4xx_hal_uart.o(i.UART_Start_Receive_IT)
    USART1_IRQHandler                        0x080030a1   Thumb Code     6  stm32f4xx_it.o(i.USART1_IRQHandler)
    USBH_AllocPipe                           0x080030ad   Thumb Code    40  usbh_pipes.o(i.USBH_AllocPipe)
    USBH_BulkReceiveData                     0x080030d5   Thumb Code    38  usbh_ioreq.o(i.USBH_BulkReceiveData)
    USBH_BulkSendData                        0x080030fb   Thumb Code    48  usbh_ioreq.o(i.USBH_BulkSendData)
    USBH_ClosePipe                           0x0800312b   Thumb Code    10  usbh_pipes.o(i.USBH_ClosePipe)
    USBH_ClrFeature                          0x08003135   Thumb Code    30  usbh_ctlreq.o(i.USBH_ClrFeature)
    USBH_CtlReceiveData                      0x08003153   Thumb Code    38  usbh_ioreq.o(i.USBH_CtlReceiveData)
    USBH_CtlReq                              0x08003179   Thumb Code    58  usbh_ctlreq.o(i.USBH_CtlReq)
    USBH_CtlSendData                         0x080031b3   Thumb Code    48  usbh_ioreq.o(i.USBH_CtlSendData)
    USBH_CtlSendSetup                        0x080031e3   Thumb Code    36  usbh_ioreq.o(i.USBH_CtlSendSetup)
    USBH_Delay                               0x08003207   Thumb Code     4  usbh_conf.o(i.USBH_Delay)
    USBH_FindInterface                       0x0800320b   Thumb Code    76  usbh_core.o(i.USBH_FindInterface)
    USBH_FreePipe                            0x08003257   Thumb Code    24  usbh_pipes.o(i.USBH_FreePipe)
    USBH_GetDescriptor                       0x0800326f   Thumb Code    64  usbh_ctlreq.o(i.USBH_GetDescriptor)
    USBH_GetNextDesc                         0x080032cf   Thumb Code    14  usbh_ctlreq.o(i.USBH_GetNextDesc)
    USBH_Get_CfgDesc                         0x080032dd   Thumb Code    54  usbh_ctlreq.o(i.USBH_Get_CfgDesc)
    USBH_Get_DevDesc                         0x08003313   Thumb Code    54  usbh_ctlreq.o(i.USBH_Get_DevDesc)
    USBH_Get_StringDesc                      0x08003349   Thumb Code    60  usbh_ctlreq.o(i.USBH_Get_StringDesc)
    USBH_Get_USB_Status                      0x08003385   Thumb Code    36  usbh_conf.o(i.USBH_Get_USB_Status)
    USBH_Init                                0x080037bb   Thumb Code    66  usbh_core.o(i.USBH_Init)
    USBH_LL_ClosePipe                        0x080037fd   Thumb Code    18  usbh_conf.o(i.USBH_LL_ClosePipe)
    USBH_LL_Connect                          0x0800380f   Thumb Code    20  usbh_core.o(i.USBH_LL_Connect)
    USBH_LL_Disconnect                       0x08003823   Thumb Code    46  usbh_core.o(i.USBH_LL_Disconnect)
    USBH_LL_DriverVBUS                       0x08003851   Thumb Code    16  usbh_conf.o(i.USBH_LL_DriverVBUS)
    USBH_LL_GetLastXferSize                  0x08003861   Thumb Code     8  usbh_conf.o(i.USBH_LL_GetLastXferSize)
    USBH_LL_GetSpeed                         0x08003869   Thumb Code    34  usbh_conf.o(i.USBH_LL_GetSpeed)
    USBH_LL_GetToggle                        0x0800388b   Thumb Code    30  usbh_conf.o(i.USBH_LL_GetToggle)
    USBH_LL_GetURBState                      0x080038a9   Thumb Code     8  usbh_conf.o(i.USBH_LL_GetURBState)
    USBH_LL_IncTimer                         0x080038b1   Thumb Code    14  usbh_core.o(i.USBH_LL_IncTimer)
    USBH_LL_Init                             0x080038c1   Thumb Code    74  usbh_conf.o(i.USBH_LL_Init)
    USBH_LL_OpenPipe                         0x08003911   Thumb Code    38  usbh_conf.o(i.USBH_LL_OpenPipe)
    USBH_LL_PortDisabled                     0x08003937   Thumb Code     8  usbh_core.o(i.USBH_LL_PortDisabled)
    USBH_LL_PortEnabled                      0x0800393f   Thumb Code     8  usbh_core.o(i.USBH_LL_PortEnabled)
    USBH_LL_ResetPort                        0x08003947   Thumb Code    18  usbh_conf.o(i.USBH_LL_ResetPort)
    USBH_LL_SetTimer                         0x08003959   Thumb Code     6  usbh_core.o(i.USBH_LL_SetTimer)
    USBH_LL_SetToggle                        0x0800395f   Thumb Code    32  usbh_conf.o(i.USBH_LL_SetToggle)
    USBH_LL_Start                            0x0800397f   Thumb Code    18  usbh_conf.o(i.USBH_LL_Start)
    USBH_LL_Stop                             0x08003991   Thumb Code    18  usbh_conf.o(i.USBH_LL_Stop)
    USBH_LL_SubmitURB                        0x080039a3   Thumb Code    42  usbh_conf.o(i.USBH_LL_SubmitURB)
    USBH_MSC_BOT_Init                        0x080039f1   Thumb Code    28  usbh_msc_bot.o(i.USBH_MSC_BOT_Init)
    USBH_MSC_BOT_Process                     0x08003a15   Thumb Code   570  usbh_msc_bot.o(i.USBH_MSC_BOT_Process)
    USBH_MSC_BOT_REQ_GetMaxLUN               0x08003c4f   Thumb Code    22  usbh_msc_bot.o(i.USBH_MSC_BOT_REQ_GetMaxLUN)
    USBH_MSC_BOT_REQ_Reset                   0x08003c65   Thumb Code    24  usbh_msc_bot.o(i.USBH_MSC_BOT_REQ_Reset)
    USBH_MSC_GetLUNInfo                      0x08003d45   Thumb Code   112  usbh_msc.o(i.USBH_MSC_GetLUNInfo)
    USBH_MSC_Read                            0x08004329   Thumb Code   154  usbh_msc.o(i.USBH_MSC_Read)
    USBH_MSC_SCSI_Inquiry                    0x080043c3   Thumb Code   228  usbh_msc_scsi.o(i.USBH_MSC_SCSI_Inquiry)
    USBH_MSC_SCSI_Read                       0x080044a7   Thumb Code   156  usbh_msc_scsi.o(i.USBH_MSC_SCSI_Read)
    USBH_MSC_SCSI_ReadCapacity               0x08004543   Thumb Code   140  usbh_msc_scsi.o(i.USBH_MSC_SCSI_ReadCapacity)
    USBH_MSC_SCSI_RequestSense               0x080045cf   Thumb Code   152  usbh_msc_scsi.o(i.USBH_MSC_SCSI_RequestSense)
    USBH_MSC_SCSI_TestUnitReady              0x08004667   Thumb Code    78  usbh_msc_scsi.o(i.USBH_MSC_SCSI_TestUnitReady)
    USBH_MSC_SCSI_Write                      0x080046b5   Thumb Code   154  usbh_msc_scsi.o(i.USBH_MSC_SCSI_Write)
    USBH_MSC_UnitIsReady                     0x08004753   Thumb Code    38  usbh_msc.o(i.USBH_MSC_UnitIsReady)
    USBH_MSC_Write                           0x08004779   Thumb Code   154  usbh_msc.o(i.USBH_MSC_Write)
    USBH_OpenPipe                            0x08004813   Thumb Code    30  usbh_pipes.o(i.USBH_OpenPipe)
    USBH_Process                             0x08004b8f   Thumb Code   644  usbh_core.o(i.USBH_Process)
    USBH_RegisterClass                       0x08004e13   Thumb Code    34  usbh_core.o(i.USBH_RegisterClass)
    USBH_SelectInterface                     0x08004e35   Thumb Code    22  usbh_core.o(i.USBH_SelectInterface)
    USBH_SetAddress                          0x08004e4b   Thumb Code    28  usbh_ctlreq.o(i.USBH_SetAddress)
    USBH_SetCfg                              0x08004e67   Thumb Code    28  usbh_ctlreq.o(i.USBH_SetCfg)
    USBH_SetFeature                          0x08004e83   Thumb Code    28  usbh_ctlreq.o(i.USBH_SetFeature)
    USBH_Start                               0x08004e9f   Thumb Code    22  usbh_core.o(i.USBH_Start)
    USBH_initialize                          0x08004f05   Thumb Code     4  usbh_diskio.o(i.USBH_initialize)
    USBH_ioctl                               0x08004f09   Thumb Code   108  usbh_diskio.o(i.USBH_ioctl)
    USBH_read                                0x08004f79   Thumb Code    62  usbh_diskio.o(i.USBH_read)
    USBH_status                              0x08004fbd   Thumb Code    20  usbh_diskio.o(i.USBH_status)
    USBH_write                               0x08004fd5   Thumb Code    70  usbh_diskio.o(i.USBH_write)
    USB_CoreInit                             0x08005021   Thumb Code   126  stm32f4xx_ll_usb.o(i.USB_CoreInit)
    USB_DisableGlobalInt                     0x080050e1   Thumb Code    12  stm32f4xx_ll_usb.o(i.USB_DisableGlobalInt)
    USB_DoPing                               0x080050ed   Thumb Code    30  stm32f4xx_ll_usb.o(i.USB_DoPing)
    USB_DriveVbus                            0x08005111   Thumb Code    44  stm32f4xx_ll_usb.o(i.USB_DriveVbus)
    USB_EnableGlobalInt                      0x0800513d   Thumb Code    12  stm32f4xx_ll_usb.o(i.USB_EnableGlobalInt)
    USB_FlushRxFifo                          0x08005149   Thumb Code    56  stm32f4xx_ll_usb.o(i.USB_FlushRxFifo)
    USB_FlushTxFifo                          0x08005181   Thumb Code    60  stm32f4xx_ll_usb.o(i.USB_FlushTxFifo)
    USB_GetCurrentFrame                      0x080051bd   Thumb Code     8  stm32f4xx_ll_usb.o(i.USB_GetCurrentFrame)
    USB_GetHostSpeed                         0x080051c5   Thumb Code    14  stm32f4xx_ll_usb.o(i.USB_GetHostSpeed)
    USB_GetMode                              0x080051d3   Thumb Code     8  stm32f4xx_ll_usb.o(i.USB_GetMode)
    USB_HC_Halt                              0x080051db   Thumb Code   212  stm32f4xx_ll_usb.o(i.USB_HC_Halt)
    USB_HC_Init                              0x080052b1   Thumb Code   276  stm32f4xx_ll_usb.o(i.USB_HC_Init)
    USB_HC_ReadInterrupt                     0x080053c9   Thumb Code     8  stm32f4xx_ll_usb.o(i.USB_HC_ReadInterrupt)
    USB_HC_StartXfer                         0x080053d1   Thumb Code   602  stm32f4xx_ll_usb.o(i.USB_HC_StartXfer)
    USB_HostInit                             0x08005631   Thumb Code   184  stm32f4xx_ll_usb.o(i.USB_HostInit)
    USB_InitFSLSPClkSel                      0x08005701   Thumb Code    56  stm32f4xx_ll_usb.o(i.USB_InitFSLSPClkSel)
    USB_ReadChInterrupts                     0x08005739   Thumb Code    16  stm32f4xx_ll_usb.o(i.USB_ReadChInterrupts)
    USB_ReadInterrupts                       0x08005749   Thumb Code     8  stm32f4xx_ll_usb.o(i.USB_ReadInterrupts)
    USB_ReadPacket                           0x08005751   Thumb Code    62  stm32f4xx_ll_usb.o(i.USB_ReadPacket)
    USB_ResetPort                            0x0800578f   Thumb Code    50  stm32f4xx_ll_usb.o(i.USB_ResetPort)
    USB_SetCurrentMode                       0x080057c1   Thumb Code    92  stm32f4xx_ll_usb.o(i.USB_SetCurrentMode)
    USB_StopHost                             0x0800581d   Thumb Code   138  stm32f4xx_ll_usb.o(i.USB_StopHost)
    USB_WritePacket                          0x080058a9   Thumb Code    40  stm32f4xx_ll_usb.o(i.USB_WritePacket)
    UsageFault_Handler                       0x080058d1   Thumb Code     2  stm32f4xx_it.o(i.UsageFault_Handler)
    __0printf                                0x080058d5   Thumb Code    22  printfa.o(i.__0printf)
    __1printf                                0x080058d5   Thumb Code     0  printfa.o(i.__0printf)
    __2printf                                0x080058d5   Thumb Code     0  printfa.o(i.__0printf)
    __c89printf                              0x080058d5   Thumb Code     0  printfa.o(i.__0printf)
    printf                                   0x080058d5   Thumb Code     0  printfa.o(i.__0printf)
    __scatterload_copy                       0x08005915   Thumb Code    14  handlers.o(i.__scatterload_copy)
    __scatterload_null                       0x08005923   Thumb Code     2  handlers.o(i.__scatterload_null)
    __scatterload_zeroinit                   0x08005925   Thumb Code    14  handlers.o(i.__scatterload_zeroinit)
    assert_failed                            0x080061e7   Thumb Code     2  main.o(i.assert_failed)
    disk_initialize                          0x08006279   Thumb Code    38  diskio.o(i.disk_initialize)
    disk_ioctl                               0x080062a5   Thumb Code    24  diskio.o(i.disk_ioctl)
    disk_read                                0x080062c1   Thumb Code    24  diskio.o(i.disk_read)
    disk_status                              0x080062dd   Thumb Code    18  diskio.o(i.disk_status)
    disk_write                               0x080062f5   Thumb Code    24  diskio.o(i.disk_write)
    f_getfree                                0x08006311   Thumb Code   212  ff.o(i.f_getfree)
    f_mkfs                                   0x080063e5   Thumb Code  1362  ff.o(i.f_mkfs)
    f_mount                                  0x08006939   Thumb Code    84  ff.o(i.f_mount)
    flex_button_register                     0x08006d85   Thumb Code    84  flexible_button.o(i.flex_button_register)
    flex_button_scan                         0x08006ddd   Thumb Code    56  flexible_button.o(i.flex_button_scan)
    fputc                                    0x08006e19   Thumb Code    20  usart.o(i.fputc)
    free                                     0x08006e31   Thumb Code    76  malloc.o(i.free)
    main                                     0x08006f9d   Thumb Code    64  main.o(i.main)
    malloc                                   0x08007019   Thumb Code    92  malloc.o(i.malloc)
    register_key                             0x080070d9   Thumb Code    60  main.o(i.register_key)
    AHBPrescTable                            0x08007254   Data          16  system_stm32f4xx.o(.constdata)
    APBPrescTable                            0x08007264   Data           8  system_stm32f4xx.o(.constdata)
    USBH_Driver                              0x08007288   Data          20  usbh_diskio.o(.constdata)
    Region$$Table$$Base                      0x080073ec   Number         0  anon$$obj.o(Region$$Table)
    Region$$Table$$Limit                     0x0800740c   Number         0  anon$$obj.o(Region$$Table)
    RxData                                   0x20000000   Data           1  main.o(.data)
    g_logic_level                            0x20000044   Data           4  flexible_button.o(.data)
    g_btn_status_reg                         0x20000048   Data           4  flexible_button.o(.data)
    retUSBH                                  0x2000004c   Data           1  fatfs.o(.data)
    USBHPath                                 0x2000004d   Data           4  fatfs.o(.data)
    uwTickFreq                               0x20000054   Data           1  stm32f4xx_hal.o(.data)
    uwTickPrio                               0x20000058   Data           4  stm32f4xx_hal.o(.data)
    uwTick                                   0x2000005c   Data           4  stm32f4xx_hal.o(.data)
    SystemCoreClock                          0x20000060   Data           4  system_stm32f4xx.o(.data)
    Appli_state                              0x2000006c   Data           1  usb_host.o(.data)
    USBH_msc                                 0x20000070   Data          32  usbh_msc.o(.data)
    __stdout                                 0x20000090   Data           4  stdout.o(.data)
    __microlib_freelist                      0x20000094   Data           4  mvars.o(.data)
    __microlib_freelist_initialised          0x20000098   Data           4  mvars.o(.data)
    workBuffer                               0x2000009c   Data        2048  file_operate.o(.bss)
    huart1                                   0x200008b8   Data          72  usart.o(.bss)
    USBHFatFS                                0x20000900   Data         560  fatfs.o(.bss)
    disk                                     0x20000b50   Data          12  ff_gen_drv.o(.bss)
    hUsbHostFS                               0x20000b5c   Data         984  usb_host.o(.bss)
    hhcd_USB_OTG_FS                          0x20000f34   Data         992  usbh_conf.o(.bss)
    __heap_base                              0x20001318   Data           0  startup_stm32f407xx.o(HEAP)
    __heap_limit                             0x20001518   Data           0  startup_stm32f407xx.o(HEAP)
    __initial_sp                             0x20003518   Data           0  startup_stm32f407xx.o(STACK)



==============================================================================

Memory Map of the image

  Image Entry point : 0x08000189

  Load Region LR_IROM1 (Base: 0x08000000, Size: 0x000074a8, Max: 0x00080000, ABSOLUTE)

    Execution Region ER_IROM1 (Exec base: 0x08000000, Load base: 0x08000000, Size: 0x0000740c, Max: 0x00080000, ABSOLUTE)

    Exec Addr    Load Addr    Size         Type   Attr      Idx    E Section Name        Object

    0x08000000   0x08000000   0x00000188   Data   RO            3    RESET               startup_stm32f407xx.o
    0x08000188   0x08000188   0x00000000   Code   RO         3995  * .ARM.Collect$$$$00000000  mc_w.l(entry.o)
    0x08000188   0x08000188   0x00000004   Code   RO         4295    .ARM.Collect$$$$00000001  mc_w.l(entry2.o)
    0x0800018c   0x0800018c   0x00000004   Code   RO         4298    .ARM.Collect$$$$00000004  mc_w.l(entry5.o)
    0x08000190   0x08000190   0x00000000   Code   RO         4300    .ARM.Collect$$$$00000008  mc_w.l(entry7b.o)
    0x08000190   0x08000190   0x00000000   Code   RO         4302    .ARM.Collect$$$$0000000A  mc_w.l(entry8b.o)
    0x08000190   0x08000190   0x00000008   Code   RO         4303    .ARM.Collect$$$$0000000B  mc_w.l(entry9a.o)
    0x08000198   0x08000198   0x00000000   Code   RO         4305    .ARM.Collect$$$$0000000D  mc_w.l(entry10a.o)
    0x08000198   0x08000198   0x00000000   Code   RO         4307    .ARM.Collect$$$$0000000F  mc_w.l(entry11a.o)
    0x08000198   0x08000198   0x00000004   Code   RO         4296    .ARM.Collect$$$$00002712  mc_w.l(entry2.o)
    0x0800019c   0x0800019c   0x00000024   Code   RO            4    .text               startup_stm32f407xx.o
    0x080001c0   0x080001c0   0x00000062   Code   RO         3998    .text               mc_w.l(uldiv.o)
    0x08000222   0x08000222   0x00000024   Code   RO         4002    .text               mc_w.l(memseta.o)
    0x08000246   0x08000246   0x0000002c   Code   RO         4310    .text               mc_w.l(uidiv.o)
    0x08000272   0x08000272   0x0000001e   Code   RO         4312    .text               mc_w.l(llshl.o)
    0x08000290   0x08000290   0x00000020   Code   RO         4314    .text               mc_w.l(llushr.o)
    0x080002b0   0x080002b0   0x00000000   Code   RO         4318    .text               mc_w.l(iusefp.o)
    0x080002b0   0x080002b0   0x0000014e   Code   RO         4319    .text               mf_w.l(dadd.o)
    0x080003fe   0x080003fe   0x000000e4   Code   RO         4321    .text               mf_w.l(dmul.o)
    0x080004e2   0x080004e2   0x000000de   Code   RO         4323    .text               mf_w.l(ddiv.o)
    0x080005c0   0x080005c0   0x00000030   Code   RO         4325    .text               mf_w.l(dfixul.o)
    0x080005f0   0x080005f0   0x00000030   Code   RO         4327    .text               mf_w.l(cdrcmple.o)
    0x08000620   0x08000620   0x00000024   Code   RO         4329    .text               mc_w.l(init.o)
    0x08000644   0x08000644   0x00000024   Code   RO         4331    .text               mc_w.l(llsshr.o)
    0x08000668   0x08000668   0x000000ba   Code   RO         4333    .text               mf_w.l(depilogue.o)
    0x08000722   0x08000722   0x00000002   Code   RO          429    i.BusFault_Handler  stm32f4xx_it.o
    0x08000724   0x08000724   0x00000082   Code   RO         3427    i.DeInitStateMachine  usbh_core.o
    0x080007a6   0x080007a6   0x00000002   Code   RO          430    i.DebugMon_Handler  stm32f4xx_it.o
    0x080007a8   0x080007a8   0x00000004   Code   RO          244    i.Error_Handler     main.o
    0x080007ac   0x080007ac   0x00000006   Code   RO         3081    i.FATFS_LinkDriver  ff_gen_drv.o
    0x080007b2   0x080007b2   0x00000002   PAD
    0x080007b4   0x080007b4   0x00000040   Code   RO         3082    i.FATFS_LinkDriverEx  ff_gen_drv.o
    0x080007f4   0x080007f4   0x000001f4   Code   RO           14    i.FatFs_GetDiskInfo  file_operate.o
    0x080009e8   0x080009e8   0x00000092   Code   RO         1584    i.HAL_DMA_Abort     stm32f4xx_hal_dma.o
    0x08000a7a   0x08000a7a   0x00000024   Code   RO         1585    i.HAL_DMA_Abort_IT  stm32f4xx_hal_dma.o
    0x08000a9e   0x08000a9e   0x00000002   PAD
    0x08000aa0   0x08000aa0   0x00000024   Code   RO         2009    i.HAL_Delay         stm32f4xx_hal.o
    0x08000ac4   0x08000ac4   0x000002fc   Code   RO         1477    i.HAL_GPIO_Init     stm32f4xx_hal_gpio.o
    0x08000dc0   0x08000dc0   0x00000058   Code   RO         1479    i.HAL_GPIO_ReadPin  stm32f4xx_hal_gpio.o
    0x08000e18   0x08000e18   0x0000000c   Code   RO         2015    i.HAL_GetTick       stm32f4xx_hal.o
    0x08000e24   0x08000e24   0x00000008   Code   RO         3249    i.HAL_HCD_Connect_Callback  usbh_conf.o
    0x08000e2c   0x08000e2c   0x00000008   Code   RO         3250    i.HAL_HCD_Disconnect_Callback  usbh_conf.o
    0x08000e34   0x08000e34   0x00000006   Code   RO          611    i.HAL_HCD_GetCurrentFrame  stm32f4xx_hal_hcd.o
    0x08000e3a   0x08000e3a   0x00000006   Code   RO          612    i.HAL_HCD_GetCurrentSpeed  stm32f4xx_hal_hcd.o
    0x08000e40   0x08000e40   0x00000018   Code   RO          614    i.HAL_HCD_HC_ClearHubInfo  stm32f4xx_hal_hcd.o
    0x08000e58   0x08000e58   0x0000000e   Code   RO          616    i.HAL_HCD_HC_GetURBState  stm32f4xx_hal_hcd.o
    0x08000e66   0x08000e66   0x0000000c   Code   RO          617    i.HAL_HCD_HC_GetXferCount  stm32f4xx_hal_hcd.o
    0x08000e72   0x08000e72   0x00000024   Code   RO          618    i.HAL_HCD_HC_Halt   stm32f4xx_hal_hcd.o
    0x08000e96   0x08000e96   0x0000009c   Code   RO          619    i.HAL_HCD_HC_Init   stm32f4xx_hal_hcd.o
    0x08000f32   0x08000f32   0x00000002   Code   RO         3251    i.HAL_HCD_HC_NotifyURBChange_Callback  usbh_conf.o
    0x08000f34   0x08000f34   0x0000009a   Code   RO          622    i.HAL_HCD_HC_SubmitRequest  stm32f4xx_hal_hcd.o
    0x08000fce   0x08000fce   0x00000002   PAD
    0x08000fd0   0x08000fd0   0x00000142   Code   RO          623    i.HAL_HCD_IRQHandler  stm32f4xx_hal_hcd.o
    0x08001112   0x08001112   0x00000002   PAD
    0x08001114   0x08001114   0x000000c4   Code   RO          624    i.HAL_HCD_Init      stm32f4xx_hal_hcd.o
    0x080011d8   0x080011d8   0x00000084   Code   RO         3253    i.HAL_HCD_MspInit   usbh_conf.o
    0x0800125c   0x0800125c   0x00000008   Code   RO         3254    i.HAL_HCD_PortDisabled_Callback  usbh_conf.o
    0x08001264   0x08001264   0x00000008   Code   RO         3255    i.HAL_HCD_PortEnabled_Callback  usbh_conf.o
    0x0800126c   0x0800126c   0x00000006   Code   RO          629    i.HAL_HCD_ResetPort  stm32f4xx_hal_hcd.o
    0x08001272   0x08001272   0x00000008   Code   RO         3256    i.HAL_HCD_SOF_Callback  usbh_conf.o
    0x0800127a   0x0800127a   0x0000002c   Code   RO          631    i.HAL_HCD_Start     stm32f4xx_hal_hcd.o
    0x080012a6   0x080012a6   0x00000024   Code   RO          632    i.HAL_HCD_Stop      stm32f4xx_hal_hcd.o
    0x080012ca   0x080012ca   0x00000002   PAD
    0x080012cc   0x080012cc   0x00000010   Code   RO         2021    i.HAL_IncTick       stm32f4xx_hal.o
    0x080012dc   0x080012dc   0x00000034   Code   RO         2022    i.HAL_Init          stm32f4xx_hal.o
    0x08001310   0x08001310   0x00000040   Code   RO         2023    i.HAL_InitTick      stm32f4xx_hal.o
    0x08001350   0x08001350   0x00000030   Code   RO          517    i.HAL_MspInit       stm32f4xx_hal_msp.o
    0x08001380   0x08001380   0x00000064   Code   RO         1867    i.HAL_NVIC_EnableIRQ  stm32f4xx_hal_cortex.o
    0x080013e4   0x080013e4   0x000000a0   Code   RO         1873    i.HAL_NVIC_SetPriority  stm32f4xx_hal_cortex.o
    0x08001484   0x08001484   0x00000080   Code   RO         1874    i.HAL_NVIC_SetPriorityGrouping  stm32f4xx_hal_cortex.o
    0x08001504   0x08001504   0x0000024c   Code   RO         1108    i.HAL_RCC_ClockConfig  stm32f4xx_hal_rcc.o
    0x08001750   0x08001750   0x00000020   Code   RO         1115    i.HAL_RCC_GetPCLK1Freq  stm32f4xx_hal_rcc.o
    0x08001770   0x08001770   0x00000020   Code   RO         1116    i.HAL_RCC_GetPCLK2Freq  stm32f4xx_hal_rcc.o
    0x08001790   0x08001790   0x00000060   Code   RO         1117    i.HAL_RCC_GetSysClockFreq  stm32f4xx_hal_rcc.o
    0x080017f0   0x080017f0   0x000004a8   Code   RO         1120    i.HAL_RCC_OscConfig  stm32f4xx_hal_rcc.o
    0x08001c98   0x08001c98   0x00000028   Code   RO         1878    i.HAL_SYSTICK_Config  stm32f4xx_hal_cortex.o
    0x08001cc0   0x08001cc0   0x00000002   Code   RO         2308    i.HAL_UARTEx_RxEventCallback  stm32f4xx_hal_uart.o
    0x08001cc2   0x08001cc2   0x00000002   Code   RO         2322    i.HAL_UART_ErrorCallback  stm32f4xx_hal_uart.o
    0x08001cc4   0x08001cc4   0x0000000a   Code   RO         2324    i.HAL_UART_GetState  stm32f4xx_hal_uart.o
    0x08001cce   0x08001cce   0x00000002   PAD
    0x08001cd0   0x08001cd0   0x00000270   Code   RO         2325    i.HAL_UART_IRQHandler  stm32f4xx_hal_uart.o
    0x08001f40   0x08001f40   0x0000014c   Code   RO         2326    i.HAL_UART_Init     stm32f4xx_hal_uart.o
    0x0800208c   0x0800208c   0x0000007c   Code   RO          376    i.HAL_UART_MspInit  usart.o
    0x08002108   0x08002108   0x0000001c   Code   RO         2331    i.HAL_UART_Receive_IT  stm32f4xx_hal_uart.o
    0x08002124   0x08002124   0x00000030   Code   RO          245    i.HAL_UART_RxCpltCallback  main.o
    0x08002154   0x08002154   0x000000a0   Code   RO         2334    i.HAL_UART_Transmit  stm32f4xx_hal_uart.o
    0x080021f4   0x080021f4   0x00000002   Code   RO         2337    i.HAL_UART_TxCpltCallback  stm32f4xx_hal_uart.o
    0x080021f6   0x080021f6   0x0000037c   Code   RO          634    i.HCD_HC_IN_IRQHandler  stm32f4xx_hal_hcd.o
    0x08002572   0x08002572   0x000002e2   Code   RO          635    i.HCD_HC_OUT_IRQHandler  stm32f4xx_hal_hcd.o
    0x08002854   0x08002854   0x00000094   Code   RO          636    i.HCD_Port_IRQHandler  stm32f4xx_hal_hcd.o
    0x080028e8   0x080028e8   0x00000086   Code   RO          637    i.HCD_RXQLVL_IRQHandler  stm32f4xx_hal_hcd.o
    0x0800296e   0x0800296e   0x00000002   Code   RO          431    i.HardFault_Handler  stm32f4xx_it.o
    0x08002970   0x08002970   0x0000001c   Code   RO          576    i.MX_FATFS_Init     fatfs.o
    0x0800298c   0x0800298c   0x000000f8   Code   RO          351    i.MX_GPIO_Init      gpio.o
    0x08002a84   0x08002a84   0x00000038   Code   RO          377    i.MX_USART1_UART_Init  usart.o
    0x08002abc   0x08002abc   0x00000040   Code   RO         3210    i.MX_USB_HOST_Init  usb_host.o
    0x08002afc   0x08002afc   0x0000000c   Code   RO         3211    i.MX_USB_HOST_Process  usb_host.o
    0x08002b08   0x08002b08   0x00000002   Code   RO          432    i.MemManage_Handler  stm32f4xx_it.o
    0x08002b0a   0x08002b0a   0x00000002   PAD
    0x08002b0c   0x08002b0c   0x00000170   Code   RO           20    i.Mount_FatFs       file_operate.o
    0x08002c7c   0x08002c7c   0x00000002   Code   RO          433    i.NMI_Handler       stm32f4xx_it.o
    0x08002c7e   0x08002c7e   0x00000002   PAD
    0x08002c80   0x08002c80   0x0000000c   Code   RO          434    i.OTG_FS_IRQHandler  stm32f4xx_it.o
    0x08002c8c   0x08002c8c   0x00000002   Code   RO          435    i.PendSV_Handler    stm32f4xx_it.o
    0x08002c8e   0x08002c8e   0x00000002   Code   RO          436    i.SVC_Handler       stm32f4xx_it.o
    0x08002c90   0x08002c90   0x00000004   Code   RO          437    i.SysTick_Handler   stm32f4xx_it.o
    0x08002c94   0x08002c94   0x00000094   Code   RO          246    i.SystemClock_Config  main.o
    0x08002d28   0x08002d28   0x00000010   Code   RO         2660    i.SystemInit        system_stm32f4xx.o
    0x08002d38   0x08002d38   0x00000010   Code   RO         2339    i.UART_DMAAbortOnError  stm32f4xx_hal_uart.o
    0x08002d48   0x08002d48   0x0000004e   Code   RO         2349    i.UART_EndRxTransfer  stm32f4xx_hal_uart.o
    0x08002d96   0x08002d96   0x000000c2   Code   RO         2351    i.UART_Receive_IT   stm32f4xx_hal_uart.o
    0x08002e58   0x08002e58   0x000001a0   Code   RO         2352    i.UART_SetConfig    stm32f4xx_hal_uart.o
    0x08002ff8   0x08002ff8   0x00000036   Code   RO         2354    i.UART_Start_Receive_IT  stm32f4xx_hal_uart.o
    0x0800302e   0x0800302e   0x00000072   Code   RO         2355    i.UART_WaitOnFlagUntilTimeout  stm32f4xx_hal_uart.o
    0x080030a0   0x080030a0   0x0000000c   Code   RO          438    i.USART1_IRQHandler  stm32f4xx_it.o
    0x080030ac   0x080030ac   0x00000028   Code   RO         3754    i.USBH_AllocPipe    usbh_pipes.o
    0x080030d4   0x080030d4   0x00000026   Code   RO         3682    i.USBH_BulkReceiveData  usbh_ioreq.o
    0x080030fa   0x080030fa   0x00000030   Code   RO         3683    i.USBH_BulkSendData  usbh_ioreq.o
    0x0800312a   0x0800312a   0x0000000a   Code   RO         3755    i.USBH_ClosePipe    usbh_pipes.o
    0x08003134   0x08003134   0x0000001e   Code   RO         3568    i.USBH_ClrFeature   usbh_ctlreq.o
    0x08003152   0x08003152   0x00000026   Code   RO         3684    i.USBH_CtlReceiveData  usbh_ioreq.o
    0x08003178   0x08003178   0x0000003a   Code   RO         3569    i.USBH_CtlReq       usbh_ctlreq.o
    0x080031b2   0x080031b2   0x00000030   Code   RO         3685    i.USBH_CtlSendData  usbh_ioreq.o
    0x080031e2   0x080031e2   0x00000024   Code   RO         3686    i.USBH_CtlSendSetup  usbh_ioreq.o
    0x08003206   0x08003206   0x00000004   Code   RO         3257    i.USBH_Delay        usbh_conf.o
    0x0800320a   0x0800320a   0x0000004c   Code   RO         3429    i.USBH_FindInterface  usbh_core.o
    0x08003256   0x08003256   0x00000018   Code   RO         3756    i.USBH_FreePipe     usbh_pipes.o
    0x0800326e   0x0800326e   0x00000040   Code   RO         3570    i.USBH_GetDescriptor  usbh_ctlreq.o
    0x080032ae   0x080032ae   0x00000020   Code   RO         3757    i.USBH_GetFreePipe  usbh_pipes.o
    0x080032ce   0x080032ce   0x0000000e   Code   RO         3571    i.USBH_GetNextDesc  usbh_ctlreq.o
    0x080032dc   0x080032dc   0x00000036   Code   RO         3572    i.USBH_Get_CfgDesc  usbh_ctlreq.o
    0x08003312   0x08003312   0x00000036   Code   RO         3573    i.USBH_Get_DevDesc  usbh_ctlreq.o
    0x08003348   0x08003348   0x0000003c   Code   RO         3574    i.USBH_Get_StringDesc  usbh_ctlreq.o
    0x08003384   0x08003384   0x00000024   Code   RO         3258    i.USBH_Get_USB_Status  usbh_conf.o
    0x080033a8   0x080033a8   0x000001c6   Code   RO         3575    i.USBH_HandleControl  usbh_ctlreq.o
    0x0800356e   0x0800356e   0x00000238   Code   RO         3432    i.USBH_HandleEnum   usbh_core.o
    0x080037a6   0x080037a6   0x00000014   Code   RO         3433    i.USBH_HandleSof    usbh_core.o
    0x080037ba   0x080037ba   0x00000042   Code   RO         3434    i.USBH_Init         usbh_core.o
    0x080037fc   0x080037fc   0x00000012   Code   RO         3259    i.USBH_LL_ClosePipe  usbh_conf.o
    0x0800380e   0x0800380e   0x00000014   Code   RO         3436    i.USBH_LL_Connect   usbh_core.o
    0x08003822   0x08003822   0x0000002e   Code   RO         3437    i.USBH_LL_Disconnect  usbh_core.o
    0x08003850   0x08003850   0x00000010   Code   RO         3261    i.USBH_LL_DriverVBUS  usbh_conf.o
    0x08003860   0x08003860   0x00000008   Code   RO         3262    i.USBH_LL_GetLastXferSize  usbh_conf.o
    0x08003868   0x08003868   0x00000022   Code   RO         3263    i.USBH_LL_GetSpeed  usbh_conf.o
    0x0800388a   0x0800388a   0x0000001e   Code   RO         3264    i.USBH_LL_GetToggle  usbh_conf.o
    0x080038a8   0x080038a8   0x00000008   Code   RO         3265    i.USBH_LL_GetURBState  usbh_conf.o
    0x080038b0   0x080038b0   0x0000000e   Code   RO         3438    i.USBH_LL_IncTimer  usbh_core.o
    0x080038be   0x080038be   0x00000002   PAD
    0x080038c0   0x080038c0   0x00000050   Code   RO         3266    i.USBH_LL_Init      usbh_conf.o
    0x08003910   0x08003910   0x00000026   Code   RO         3267    i.USBH_LL_OpenPipe  usbh_conf.o
    0x08003936   0x08003936   0x00000008   Code   RO         3439    i.USBH_LL_PortDisabled  usbh_core.o
    0x0800393e   0x0800393e   0x00000008   Code   RO         3440    i.USBH_LL_PortEnabled  usbh_core.o
    0x08003946   0x08003946   0x00000012   Code   RO         3268    i.USBH_LL_ResetPort  usbh_conf.o
    0x08003958   0x08003958   0x00000006   Code   RO         3441    i.USBH_LL_SetTimer  usbh_core.o
    0x0800395e   0x0800395e   0x00000020   Code   RO         3269    i.USBH_LL_SetToggle  usbh_conf.o
    0x0800397e   0x0800397e   0x00000012   Code   RO         3270    i.USBH_LL_Start     usbh_conf.o
    0x08003990   0x08003990   0x00000012   Code   RO         3271    i.USBH_LL_Stop      usbh_conf.o
    0x080039a2   0x080039a2   0x0000002a   Code   RO         3272    i.USBH_LL_SubmitURB  usbh_conf.o
    0x080039cc   0x080039cc   0x00000024   Code   RO         3892    i.USBH_MSC_BOT_Abort  usbh_msc_bot.o
    0x080039f0   0x080039f0   0x00000024   Code   RO         3893    i.USBH_MSC_BOT_Init  usbh_msc_bot.o
    0x08003a14   0x08003a14   0x0000023a   Code   RO         3894    i.USBH_MSC_BOT_Process  usbh_msc_bot.o
    0x08003c4e   0x08003c4e   0x00000016   Code   RO         3895    i.USBH_MSC_BOT_REQ_GetMaxLUN  usbh_msc_bot.o
    0x08003c64   0x08003c64   0x00000018   Code   RO         3896    i.USBH_MSC_BOT_REQ_Reset  usbh_msc_bot.o
    0x08003c7c   0x08003c7c   0x0000007c   Code   RO         3801    i.USBH_MSC_ClassRequest  usbh_msc.o
    0x08003cf8   0x08003cf8   0x0000004c   Code   RO         3897    i.USBH_MSC_DecodeCSW  usbh_msc_bot.o
    0x08003d44   0x08003d44   0x00000070   Code   RO         3802    i.USBH_MSC_GetLUNInfo  usbh_msc.o
    0x08003db4   0x08003db4   0x0000004c   Code   RO         3804    i.USBH_MSC_InterfaceDeInit  usbh_msc.o
    0x08003e00   0x08003e00   0x00000122   Code   RO         3805    i.USBH_MSC_InterfaceInit  usbh_msc.o
    0x08003f22   0x08003f22   0x00000348   Code   RO         3807    i.USBH_MSC_Process  usbh_msc.o
    0x0800426a   0x0800426a   0x000000be   Code   RO         3808    i.USBH_MSC_RdWrProcess  usbh_msc.o
    0x08004328   0x08004328   0x0000009a   Code   RO         3809    i.USBH_MSC_Read     usbh_msc.o
    0x080043c2   0x080043c2   0x000000e4   Code   RO         3944    i.USBH_MSC_SCSI_Inquiry  usbh_msc_scsi.o
    0x080044a6   0x080044a6   0x0000009c   Code   RO         3945    i.USBH_MSC_SCSI_Read  usbh_msc_scsi.o
    0x08004542   0x08004542   0x0000008c   Code   RO         3946    i.USBH_MSC_SCSI_ReadCapacity  usbh_msc_scsi.o
    0x080045ce   0x080045ce   0x00000098   Code   RO         3947    i.USBH_MSC_SCSI_RequestSense  usbh_msc_scsi.o
    0x08004666   0x08004666   0x0000004e   Code   RO         3948    i.USBH_MSC_SCSI_TestUnitReady  usbh_msc_scsi.o
    0x080046b4   0x080046b4   0x0000009a   Code   RO         3949    i.USBH_MSC_SCSI_Write  usbh_msc_scsi.o
    0x0800474e   0x0800474e   0x00000004   Code   RO         3810    i.USBH_MSC_SOFProcess  usbh_msc.o
    0x08004752   0x08004752   0x00000026   Code   RO         3811    i.USBH_MSC_UnitIsReady  usbh_msc.o
    0x08004778   0x08004778   0x0000009a   Code   RO         3812    i.USBH_MSC_Write    usbh_msc.o
    0x08004812   0x08004812   0x0000001e   Code   RO         3758    i.USBH_OpenPipe     usbh_pipes.o
    0x08004830   0x08004830   0x00000140   Code   RO         3576    i.USBH_ParseCfgDesc  usbh_ctlreq.o
    0x08004970   0x08004970   0x000000c0   Code   RO         3577    i.USBH_ParseDevDesc  usbh_ctlreq.o
    0x08004a30   0x08004a30   0x000000fe   Code   RO         3578    i.USBH_ParseEPDesc  usbh_ctlreq.o
    0x08004b2e   0x08004b2e   0x0000002c   Code   RO         3579    i.USBH_ParseInterfaceDesc  usbh_ctlreq.o
    0x08004b5a   0x08004b5a   0x00000034   Code   RO         3580    i.USBH_ParseStringDesc  usbh_ctlreq.o
    0x08004b8e   0x08004b8e   0x00000284   Code   RO         3442    i.USBH_Process      usbh_core.o
    0x08004e12   0x08004e12   0x00000022   Code   RO         3444    i.USBH_RegisterClass  usbh_core.o
    0x08004e34   0x08004e34   0x00000016   Code   RO         3445    i.USBH_SelectInterface  usbh_core.o
    0x08004e4a   0x08004e4a   0x0000001c   Code   RO         3581    i.USBH_SetAddress   usbh_ctlreq.o
    0x08004e66   0x08004e66   0x0000001c   Code   RO         3582    i.USBH_SetCfg       usbh_ctlreq.o
    0x08004e82   0x08004e82   0x0000001c   Code   RO         3583    i.USBH_SetFeature   usbh_ctlreq.o
    0x08004e9e   0x08004e9e   0x00000016   Code   RO         3446    i.USBH_Start        usbh_core.o
    0x08004eb4   0x08004eb4   0x00000050   Code   RO         3212    i.USBH_UserProcess  usb_host.o
    0x08004f04   0x08004f04   0x00000004   Code   RO         3155    i.USBH_initialize   usbh_diskio.o
    0x08004f08   0x08004f08   0x00000070   Code   RO         3156    i.USBH_ioctl        usbh_diskio.o
    0x08004f78   0x08004f78   0x00000044   Code   RO         3157    i.USBH_read         usbh_diskio.o
    0x08004fbc   0x08004fbc   0x00000018   Code   RO         3158    i.USBH_status       usbh_diskio.o
    0x08004fd4   0x08004fd4   0x0000004c   Code   RO         3159    i.USBH_write        usbh_diskio.o
    0x08005020   0x08005020   0x00000084   Code   RO          807    i.USB_CoreInit      stm32f4xx_ll_usb.o
    0x080050a4   0x080050a4   0x0000003c   Code   RO          808    i.USB_CoreReset     stm32f4xx_ll_usb.o
    0x080050e0   0x080050e0   0x0000000c   Code   RO          815    i.USB_DisableGlobalInt  stm32f4xx_ll_usb.o
    0x080050ec   0x080050ec   0x00000024   Code   RO          816    i.USB_DoPing        stm32f4xx_ll_usb.o
    0x08005110   0x08005110   0x0000002c   Code   RO          817    i.USB_DriveVbus     stm32f4xx_ll_usb.o
    0x0800513c   0x0800513c   0x0000000c   Code   RO          823    i.USB_EnableGlobalInt  stm32f4xx_ll_usb.o
    0x08005148   0x08005148   0x00000038   Code   RO          824    i.USB_FlushRxFifo   stm32f4xx_ll_usb.o
    0x08005180   0x08005180   0x0000003c   Code   RO          825    i.USB_FlushTxFifo   stm32f4xx_ll_usb.o
    0x080051bc   0x080051bc   0x00000008   Code   RO          826    i.USB_GetCurrentFrame  stm32f4xx_ll_usb.o
    0x080051c4   0x080051c4   0x0000000e   Code   RO          828    i.USB_GetHostSpeed  stm32f4xx_ll_usb.o
    0x080051d2   0x080051d2   0x00000008   Code   RO          829    i.USB_GetMode       stm32f4xx_ll_usb.o
    0x080051da   0x080051da   0x000000d4   Code   RO          830    i.USB_HC_Halt       stm32f4xx_ll_usb.o
    0x080052ae   0x080052ae   0x00000002   PAD
    0x080052b0   0x080052b0   0x00000118   Code   RO          831    i.USB_HC_Init       stm32f4xx_ll_usb.o
    0x080053c8   0x080053c8   0x00000008   Code   RO          832    i.USB_HC_ReadInterrupt  stm32f4xx_ll_usb.o
    0x080053d0   0x080053d0   0x00000260   Code   RO          833    i.USB_HC_StartXfer  stm32f4xx_ll_usb.o
    0x08005630   0x08005630   0x000000d0   Code   RO          834    i.USB_HostInit      stm32f4xx_ll_usb.o
    0x08005700   0x08005700   0x00000038   Code   RO          835    i.USB_InitFSLSPClkSel  stm32f4xx_ll_usb.o
    0x08005738   0x08005738   0x00000010   Code   RO          836    i.USB_ReadChInterrupts  stm32f4xx_ll_usb.o
    0x08005748   0x08005748   0x00000008   Code   RO          841    i.USB_ReadInterrupts  stm32f4xx_ll_usb.o
    0x08005750   0x08005750   0x0000003e   Code   RO          842    i.USB_ReadPacket    stm32f4xx_ll_usb.o
    0x0800578e   0x0800578e   0x00000032   Code   RO          843    i.USB_ResetPort     stm32f4xx_ll_usb.o
    0x080057c0   0x080057c0   0x0000005c   Code   RO          844    i.USB_SetCurrentMode  stm32f4xx_ll_usb.o
    0x0800581c   0x0800581c   0x0000008a   Code   RO          849    i.USB_StopHost      stm32f4xx_ll_usb.o
    0x080058a6   0x080058a6   0x00000002   PAD
    0x080058a8   0x080058a8   0x00000028   Code   RO          850    i.USB_WritePacket   stm32f4xx_ll_usb.o
    0x080058d0   0x080058d0   0x00000002   Code   RO          439    i.UsageFault_Handler  stm32f4xx_it.o
    0x080058d2   0x080058d2   0x00000002   PAD
    0x080058d4   0x080058d4   0x00000020   Code   RO         4239    i.__0printf         mc_w.l(printfa.o)
    0x080058f4   0x080058f4   0x00000020   Code   RO         1880    i.__NVIC_SetPriority  stm32f4xx_hal_cortex.o
    0x08005914   0x08005914   0x0000000e   Code   RO         4337    i.__scatterload_copy  mc_w.l(handlers.o)
    0x08005922   0x08005922   0x00000002   Code   RO         4338    i.__scatterload_null  mc_w.l(handlers.o)
    0x08005924   0x08005924   0x0000000e   Code   RO         4339    i.__scatterload_zeroinit  mc_w.l(handlers.o)
    0x08005932   0x08005932   0x00000002   PAD
    0x08005934   0x08005934   0x00000184   Code   RO         4246    i._fp_digits        mc_w.l(printfa.o)
    0x08005ab8   0x08005ab8   0x000006dc   Code   RO         4247    i._printf_core      mc_w.l(printfa.o)
    0x08006194   0x08006194   0x00000024   Code   RO         4248    i._printf_post_padding  mc_w.l(printfa.o)
    0x080061b8   0x080061b8   0x0000002e   Code   RO         4249    i._printf_pre_padding  mc_w.l(printfa.o)
    0x080061e6   0x080061e6   0x00000002   Code   RO          247    i.assert_failed     main.o
    0x080061e8   0x080061e8   0x00000070   Code   RO         2752    i.check_fs          ff.o
    0x08006258   0x08006258   0x00000020   Code   RO         2754    i.clear_lock        ff.o
    0x08006278   0x08006278   0x0000002c   Code   RO         2697    i.disk_initialize   diskio.o
    0x080062a4   0x080062a4   0x0000001c   Code   RO         2698    i.disk_ioctl        diskio.o
    0x080062c0   0x080062c0   0x0000001c   Code   RO         2699    i.disk_read         diskio.o
    0x080062dc   0x080062dc   0x00000018   Code   RO         2700    i.disk_status       diskio.o
    0x080062f4   0x080062f4   0x0000001c   Code   RO         2701    i.disk_write        diskio.o
    0x08006310   0x08006310   0x000000d4   Code   RO         2768    i.f_getfree         ff.o
    0x080063e4   0x080063e4   0x00000552   Code   RO         2772    i.f_mkfs            ff.o
    0x08006936   0x08006936   0x00000002   PAD
    0x08006938   0x08006938   0x00000058   Code   RO         2773    i.f_mount           ff.o
    0x08006990   0x08006990   0x00000254   Code   RO         2787    i.find_volume       ff.o
    0x08006be4   0x08006be4   0x000001a0   Code   RO          539    i.flex_button_process  flexible_button.o
    0x08006d84   0x08006d84   0x00000058   Code   RO          540    i.flex_button_register  flexible_button.o
    0x08006ddc   0x08006ddc   0x0000003c   Code   RO          541    i.flex_button_scan  flexible_button.o
    0x08006e18   0x08006e18   0x00000018   Code   RO          379    i.fputc             usart.o
    0x08006e30   0x08006e30   0x00000050   Code   RO         4267    i.free              mc_w.l(malloc.o)
    0x08006e80   0x08006e80   0x000000be   Code   RO         2789    i.get_fat           ff.o
    0x08006f3e   0x08006f3e   0x0000003c   Code   RO         2791    i.get_ldnumber      ff.o
    0x08006f7a   0x08006f7a   0x00000016   Code   RO         2794    i.ld_dword          ff.o
    0x08006f90   0x08006f90   0x0000000a   Code   RO         2795    i.ld_word           ff.o
    0x08006f9a   0x08006f9a   0x00000002   PAD
    0x08006f9c   0x08006f9c   0x0000007c   Code   RO          249    i.main              main.o
    0x08007018   0x08007018   0x0000006c   Code   RO         4268    i.malloc            mc_w.l(malloc.o)
    0x08007084   0x08007084   0x00000012   Code   RO         2796    i.mem_cpy           ff.o
    0x08007096   0x08007096   0x00000002   PAD
    0x08007098   0x08007098   0x0000000e   Code   RO         2797    i.mem_set           ff.o
    0x080070a6   0x080070a6   0x00000032   Code   RO         2798    i.move_window       ff.o
    0x080070d8   0x080070d8   0x00000048   Code   RO          250    i.register_key      main.o
    0x08007120   0x08007120   0x00000010   Code   RO         2804    i.st_dword          ff.o
    0x08007130   0x08007130   0x00000008   Code   RO         2805    i.st_word           ff.o
    0x08007138   0x08007138   0x00000052   Code   RO         2807    i.sync_window       ff.o
    0x0800718a   0x0800718a   0x00000002   PAD
    0x0800718c   0x0800718c   0x0000000c   Code   RO          252    i.u8KeyRead         main.o
    0x08007198   0x08007198   0x000000bc   Code   RO          253    i.vKeyEvtCb         main.o
    0x08007254   0x08007254   0x00000010   Data   RO         2661    .constdata          system_stm32f4xx.o
    0x08007264   0x08007264   0x00000008   Data   RO         2662    .constdata          system_stm32f4xx.o
    0x0800726c   0x0800726c   0x0000001c   Data   RO         2810    .constdata          ff.o
    0x08007288   0x08007288   0x00000014   Data   RO         3160    .constdata          usbh_diskio.o
    0x0800729c   0x0800729c   0x0000014b   Data   RO          256    .conststring        main.o
    0x080073e7   0x080073e7   0x00000001   PAD
    0x080073e8   0x080073e8   0x00000004   Data   RO         3813    .conststring        usbh_msc.o
    0x080073ec   0x080073ec   0x00000020   Data   RO         4335    Region$$Table       anon$$obj.o


    Execution Region RW_IRAM1 (Exec base: 0x20000000, Load base: 0x0800740c, Size: 0x00003518, Max: 0x0001c000, ABSOLUTE)

    Exec Addr    Load Addr    Size         Type   Attr      Idx    E Section Name        Object

    0x20000000   0x0800740c   0x0000003c   Data   RW          257    .data               main.o
    0x2000003c   0x08007448   0x00000010   Data   RW          542    .data               flexible_button.o
    0x2000004c   0x08007458   0x00000005   Data   RW          579    .data               fatfs.o
    0x20000051   0x0800745d   0x00000003   PAD
    0x20000054   0x08007460   0x0000000c   Data   RW         2029    .data               stm32f4xx_hal.o
    0x20000060   0x0800746c   0x00000004   Data   RW         2663    .data               system_stm32f4xx.o
    0x20000064   0x08007470   0x00000008   Data   RW         2811    .data               ff.o
    0x2000006c   0x08007478   0x00000001   Data   RW         3214    .data               usb_host.o
    0x2000006d   0x08007479   0x00000003   PAD
    0x20000070   0x0800747c   0x00000020   Data   RW         3814    .data               usbh_msc.o
    0x20000090   0x0800749c   0x00000004   Data   RW         4309    .data               mc_w.l(stdout.o)
    0x20000094   0x080074a0   0x00000004   Data   RW         4316    .data               mc_w.l(mvars.o)
    0x20000098   0x080074a4   0x00000004   Data   RW         4317    .data               mc_w.l(mvars.o)
    0x2000009c        -       0x00000800   Zero   RW           21    .bss                file_operate.o
    0x2000089c        -       0x0000001c   Zero   RW          255    .bss                main.o
    0x200008b8        -       0x00000048   Zero   RW          380    .bss                usart.o
    0x20000900        -       0x00000230   Zero   RW          577    .bss                fatfs.o
    0x20000b30        -       0x00000020   Zero   RW         2809    .bss                ff.o
    0x20000b50        -       0x0000000c   Zero   RW         3085    .bss                ff_gen_drv.o
    0x20000b5c        -       0x000003d8   Zero   RW         3213    .bss                usb_host.o
    0x20000f34        -       0x000003e0   Zero   RW         3273    .bss                usbh_conf.o
    0x20001314   0x080074a8   0x00000004   PAD
    0x20001318        -       0x00000200   Zero   RW            2    HEAP                startup_stm32f407xx.o
    0x20001518        -       0x00002000   Zero   RW            1    STACK               startup_stm32f407xx.o


    Execution Region RW_IRAM2 (Exec base: 0x2001c000, Load base: 0x080074a8, Size: 0x00000000, Max: 0x00004000, ABSOLUTE)

    **** No section assigned to this execution region ****


==============================================================================

Image component sizes


      Code (inc. data)   RO Data    RW Data    ZI Data      Debug   Object Name

       152         24          0          0          0       3733   diskio.o
        28         10          0          5        560       1058   fatfs.o
      2872        112         28          8         32      19563   ff.o
        70          6          0          0         12       1627   ff_gen_drv.o
       868        622          0          0       2048     685542   file_operate.o
       564         14          0         16          0       4811   flexible_button.o
       248         24          0          0          0       1079   gpio.o
       598        198        331         60         28       7076   main.o
        36          8        392          0       8704        832   startup_stm32f407xx.o
       180         28          0         12          0       9389   stm32f4xx_hal.o
       460        196          0          0          0      33955   stm32f4xx_hal_cortex.o
       182          0          0          0          0       2091   stm32f4xx_hal_dma.o
       852        170          0          0          0       2315   stm32f4xx_hal_gpio.o
      2924         62          0          0          0      15063   stm32f4xx_hal_hcd.o
        48          6          0          0          0        854   stm32f4xx_hal_msp.o
      1940        184          0          0          0       5424   stm32f4xx_hal_rcc.o
      2032        162          0          0          0      12116   stm32f4xx_hal_uart.o
        44         12          0          0          0       5082   stm32f4xx_it.o
      2220         46          0          0          0      19760   stm32f4xx_ll_usb.o
        16          4         24          4          0       1123   system_stm32f4xx.o
       204         26          0          0         72       2278   usart.o
       156         40          0          1        984       2354   usb_host.o
       574         22          0          0        992      14341   usbh_conf.o
      1684         20          0          0          0      11803   usbh_core.o
      1734         12          0          0          0      14770   usbh_ctlreq.o
       284         20         20          0          0       4169   usbh_diskio.o
       208          0          0          0          0       4456   usbh_ioreq.o
      1982         10          4         32          0      11501   usbh_msc.o
       764         26          0          0          0       5557   usbh_msc_bot.o
       908          0          0          0          0       6295   usbh_msc_scsi.o
       136          0          0          0          0       3938   usbh_pipes.o

    ----------------------------------------------------------------------
     25000       2064        832        144      13436     913955   Object Totals
         0          0         32          0          0          0   (incl. Generated)
        32          0          1          6          4          0   (incl. Padding)

    ----------------------------------------------------------------------

      Code (inc. data)   RO Data    RW Data    ZI Data      Debug   Library Member Name

         0          0          0          0          0          0   entry.o
         0          0          0          0          0          0   entry10a.o
         0          0          0          0          0          0   entry11a.o
         8          4          0          0          0          0   entry2.o
         4          0          0          0          0          0   entry5.o
         0          0          0          0          0          0   entry7b.o
         0          0          0          0          0          0   entry8b.o
         8          4          0          0          0          0   entry9a.o
        30          0          0          0          0          0   handlers.o
        36          8          0          0          0         68   init.o
         0          0          0          0          0          0   iusefp.o
        30          0          0          0          0         68   llshl.o
        36          0          0          0          0         68   llsshr.o
        32          0          0          0          0         68   llushr.o
       188         20          0          0          0        160   malloc.o
        36          0          0          0          0        108   memseta.o
         0          0          0          8          0          0   mvars.o
      2258         90          0          0          0        452   printfa.o
         0          0          0          4          0          0   stdout.o
        44          0          0          0          0         80   uidiv.o
        98          0          0          0          0         92   uldiv.o
        48          0          0          0          0         68   cdrcmple.o
       334          0          0          0          0        148   dadd.o
       222          0          0          0          0        100   ddiv.o
       186          0          0          0          0        176   depilogue.o
        48          0          0          0          0         68   dfixul.o
       228          0          0          0          0         96   dmul.o

    ----------------------------------------------------------------------
      3876        126          0         12          0       1820   Library Totals
         2          0          0          0          0          0   (incl. Padding)

    ----------------------------------------------------------------------

      Code (inc. data)   RO Data    RW Data    ZI Data      Debug   Library Name

      2808        126          0         12          0       1164   mc_w.l
      1066          0          0          0          0        656   mf_w.l

    ----------------------------------------------------------------------
      3876        126          0         12          0       1820   Library Totals

    ----------------------------------------------------------------------

==============================================================================


      Code (inc. data)   RO Data    RW Data    ZI Data      Debug   

     28876       2190        832        156      13436     894143   Grand Totals
     28876       2190        832        156      13436     894143   ELF Image Totals
     28876       2190        832        156          0          0   ROM Totals

==============================================================================

    Total RO  Size (Code + RO Data)                29708 (  29.01kB)
    Total RW  Size (RW Data + ZI Data)             13592 (  13.27kB)
    Total ROM Size (Code + RO Data + RW Data)      29864 (  29.16kB)

==============================================================================

